2026-07-28 23:48:26 INFO hosny: ============================================================
2026-07-28 23:48:26 INFO hosny: HosnyPOS-UNCONFIGURED starting up (frozen=True, pid=64576, cwd=G:\TestManagementSystem\Hosny-Management-System\POS)
2026-07-28 23:48:26 INFO hosny: HosnyPOS smoke import ok
2026-07-28 23:58:04 INFO hosny: ============================================================
2026-07-28 23:58:04 INFO hosny: HosnyPOS-UNCONFIGURED starting up (frozen=True, pid=57456, cwd=G:\TestManagementSystem\Hosny-Management-System\POS)
2026-07-28 23:58:04 INFO hosny: HosnyPOS smoke import ok
2026-07-29 00:07:11 INFO hosny: ============================================================
2026-07-29 00:07:11 INFO hosny: HosnyPOS-UNCONFIGURED starting up (frozen=True, pid=25812, cwd=G:\TestManagementSystem\Hosny-Management-System\POS)
2026-07-29 00:07:11 INFO hosny: HosnyPOS smoke import ok
2026-07-29 00:09:23 INFO hosny: ============================================================
2026-07-29 00:09:23 INFO hosny: HosnyPOS-UNCONFIGURED starting up (frozen=True, pid=51824, cwd=G:\TestManagementSystem\Hosny-Management-System\POS)
2026-07-29 00:09:23 INFO hosny: HosnyPOS smoke import ok
2026-07-29 00:34:45 INFO hosny: ============================================================
2026-07-29 00:34:45 INFO hosny: HosnyPOS-UNCONFIGURED starting up (frozen=True, pid=73760, cwd=G:\TestManagementSystem\Hosny-Management-System\POS)
2026-07-29 00:34:45 INFO hosny: HosnyPOS smoke import ok
2026-07-29 00:39:11 INFO hosny: ============================================================
2026-07-29 00:39:11 INFO hosny: HosnyPOS-UNCONFIGURED starting up (frozen=True, pid=72848, cwd=G:\TestManagementSystem\Hosny-Management-System\POS\dist)
2026-07-29 00:40:37 INFO hosny: ============================================================
2026-07-29 00:40:37 INFO hosny: HosnyPOS-UNCONFIGURED starting up (frozen=True, pid=57312, cwd=G:\TestManagementSystem\Hosny-Management-System\POS)
2026-07-29 00:40:37 INFO hosny: HosnyPOS smoke import ok
2026-07-29 00:41:18 INFO hosny: ============================================================
2026-07-29 00:41:18 INFO hosny: HosnyPOS-UNCONFIGURED starting up (frozen=True, pid=66820, cwd=G:\TestManagementSystem\Hosny-Management-System\POS)
2026-07-29 00:41:18 INFO hosny: HosnyPOS smoke import ok
2026-07-29 00:49:28 INFO hosny: ============================================================
2026-07-29 00:49:28 INFO hosny: HosnyPOS-UNCONFIGURED starting up (frozen=True, pid=73704, cwd=G:\TestManagementSystem\Hosny-Management-System\POS)
2026-07-29 00:49:28 INFO hosny: HosnyPOS smoke import ok
2026-07-29 00:54:41 INFO hosny: ============================================================
2026-07-29 00:54:41 INFO hosny: HosnyPOS-UNCONFIGURED starting up (frozen=True, pid=73544, cwd=G:\TestManagementSystem\Hosny-Management-System\POS)
2026-07-29 00:54:41 INFO hosny: HosnyPOS smoke import ok
2026-07-29 01:15:59 INFO hosny: ============================================================
2026-07-29 01:15:59 INFO hosny: HosnyPOS-UNCONFIGURED starting up (frozen=True, pid=76012, cwd=G:\TestManagementSystem\Hosny-Management-System\POS)
2026-07-29 01:15:59 INFO hosny: HosnyPOS smoke import ok
2026-07-29 01:21:34 INFO hosny: ============================================================
2026-07-29 01:21:34 INFO hosny: HosnyPOS-UNCONFIGURED starting up (frozen=True, pid=74464, cwd=G:\TestManagementSystem\Hosny-Management-System\POS)
2026-07-29 01:21:34 INFO hosny: HosnyPOS smoke import ok
2026-07-29 01:29:07 INFO hosny: ============================================================
2026-07-29 01:29:07 INFO hosny: HosnyPOS-UNCONFIGURED starting up (frozen=True, pid=40168, cwd=G:\TestManagementSystem\Hosny-Management-System\POS)
2026-07-29 01:29:07 INFO hosny: HosnyPOS smoke import ok
2026-07-29 20:04:26 INFO hosny: ============================================================
2026-07-29 20:04:26 INFO hosny: HosnyPOS-UNCONFIGURED starting up (frozen=True, pid=74344, cwd=G:\TestManagementSystem\Hosny-Management-System\POS)
2026-07-29 20:04:26 INFO hosny: HosnyPOS smoke import ok
2026-07-29 20:15:54 INFO hosny: ============================================================
2026-07-29 20:15:54 INFO hosny: HosnyPOS-UNCONFIGURED starting up (frozen=True, pid=69528, cwd=G:\TestManagementSystem\Hosny-Management-System\POS)
2026-07-29 20:15:54 INFO hosny: HosnyPOS smoke import ok
2026-07-29 20:17:00 INFO hosny: ============================================================
2026-07-29 20:17:00 INFO hosny: HosnyPOS-UNCONFIGURED starting up (frozen=True, pid=71060, cwd=G:\TestManagementSystem\Hosny-Management-System\POS)
2026-07-29 20:17:00 INFO hosny: HosnyPOS smoke import ok
2026-07-29 20:18:50 INFO hosny: ============================================================
2026-07-29 20:18:50 INFO hosny: HosnyPOS-UNCONFIGURED starting up (frozen=True, pid=63476, cwd=G:\TestManagementSystem\Hosny-Management-System\POS)
2026-07-29 20:18:50 INFO hosny: HosnyPOS smoke import ok
2026-07-29 20:21:27 INFO hosny: ============================================================
2026-07-29 20:21:27 INFO hosny: HosnyPOS-UNCONFIGURED starting up (frozen=True, pid=76840, cwd=G:\TestManagementSystem\Hosny-Management-System\POS)
2026-07-29 20:21:27 INFO hosny: HosnyPOS smoke import ok
2026-07-29 20:27:12 INFO hosny: ============================================================
2026-07-29 20:27:12 INFO hosny: HosnyPOS-UNCONFIGURED starting up (frozen=True, pid=78920, cwd=G:\TestManagementSystem\Hosny-Management-System\POS)
2026-07-29 20:27:12 INFO hosny: HosnyPOS smoke import ok
2026-07-29 20:28:04 INFO hosny: ============================================================
2026-07-29 20:28:04 INFO hosny: HosnyPOS-UNCONFIGURED starting up (frozen=True, pid=71644, cwd=G:\TestManagementSystem\Hosny-Management-System\POS)
2026-07-29 20:28:04 INFO hosny: HosnyPOS smoke import ok
2026-07-29 20:59:17 INFO hosny: ============================================================
2026-07-29 20:59:17 INFO hosny: HosnyPOS-UNCONFIGURED starting up (frozen=True, pid=74832, cwd=G:\TestManagementSystem\Hosny-Management-System\POS)
2026-07-29 20:59:17 INFO hosny: HosnyPOS smoke import ok
2026-07-29 21:02:25 INFO hosny: ============================================================
2026-07-29 21:02:25 INFO hosny: HosnyPOS-UNCONFIGURED starting up (frozen=True, pid=46636, cwd=G:\TestManagementSystem\Hosny-Management-System\POS)
2026-07-29 21:02:25 INFO hosny: HosnyPOS smoke import ok
2026-07-29 21:05:23 INFO hosny: ============================================================
2026-07-29 21:05:23 INFO hosny: HosnyPOS-UNCONFIGURED starting up (frozen=True, pid=77512, cwd=G:\TestManagementSystem\Hosny-Management-System\POS)
2026-07-29 21:05:23 INFO hosny: HosnyPOS smoke import ok
2026-07-29 21:08:14 INFO hosny: ============================================================
2026-07-29 21:08:14 INFO hosny: HosnyPOS-UNCONFIGURED starting up (frozen=True, pid=70712, cwd=G:\TestManagementSystem\Hosny-Management-System\POS)
2026-07-29 21:08:14 INFO hosny: HosnyPOS smoke import ok
2026-07-29 21:09:10 INFO hosny: ============================================================
2026-07-29 21:09:10 INFO hosny: HosnyPOS-UNCONFIGURED starting up (frozen=True, pid=77992, cwd=G:\TestManagementSystem\Hosny-Management-System\POS)
2026-07-29 21:09:10 INFO hosny: HosnyPOS smoke import ok
2026-07-29 21:14:57 INFO hosny: ============================================================
2026-07-29 21:14:57 INFO hosny: HosnyPOS-UNCONFIGURED starting up (frozen=True, pid=79224, cwd=G:\TestManagementSystem\Hosny-Management-System\POS)
2026-07-29 21:14:57 INFO hosny: HosnyPOS smoke import ok
2026-07-29 21:15:46 INFO hosny: ============================================================
2026-07-29 21:15:46 INFO hosny: HosnyPOS-UNCONFIGURED starting up (frozen=True, pid=41960, cwd=G:\TestManagementSystem\Hosny-Management-System\POS)
2026-07-29 21:15:46 INFO hosny: HosnyPOS smoke import ok
2026-07-30 00:24:33 INFO hosny: ============================================================
2026-07-30 00:24:33 INFO hosny: HosnyPOS-UNCONFIGURED starting up (frozen=True, pid=91652, cwd=G:\TestManagementSystem\Hosny-Management-System\POS)
2026-07-30 00:24:33 INFO hosny: HosnyPOS smoke import ok
2026-07-30 00:26:41 INFO hosny: ============================================================
2026-07-30 00:26:41 INFO hosny: HosnyPOS-UNCONFIGURED starting up (frozen=True, pid=77932, cwd=G:\TestManagementSystem\Hosny-Management-System\POS)
2026-07-30 00:26:41 INFO hosny: HosnyPOS smoke import ok
2026-07-30 00:29:00 INFO hosny: ============================================================
2026-07-30 00:29:00 INFO hosny: HosnyPOS-UNCONFIGURED starting up (frozen=True, pid=55112, cwd=G:\TestManagementSystem\Hosny-Management-System\POS)
2026-07-30 00:29:00 INFO hosny: HosnyPOS smoke import ok
2026-07-30 16:58:03 INFO hosny: ============================================================
2026-07-30 16:58:03 INFO hosny: HosnyPOS-UNCONFIGURED starting up (frozen=True, pid=94480, cwd=G:\TestManagementSystem\Hosny-Management-System)
2026-07-30 16:58:03 INFO hosny: HosnyPOS smoke import ok
2026-07-30 17:46:10 INFO hosny: ============================================================
2026-07-30 17:46:10 INFO hosny: HosnyPOS-UNCONFIGURED starting up (frozen=True, pid=65876, cwd=G:\TestManagementSystem\Hosny-Management-System\POS)
2026-07-30 17:46:10 INFO hosny: HosnyPOS smoke import ok
2026-07-30 18:05:16 INFO hosny: ============================================================
2026-07-30 18:05:16 INFO hosny: HosnyPOS-UNCONFIGURED starting up (frozen=True, pid=95364, cwd=G:\TestManagementSystem\Hosny-Management-System\POS)
2026-07-30 18:05:16 INFO hosny: HosnyPOS smoke import ok
2026-07-30 18:05:27 INFO hosny: ============================================================
2026-07-30 18:05:27 INFO hosny: HosnyPOS-UNCONFIGURED starting up (frozen=True, pid=58376, cwd=G:\TestManagementSystem\Hosny-Management-System)
2026-07-30 18:05:27 INFO hosny: HosnyPOS smoke import ok
2026-07-30 18:10:12 INFO hosny: ============================================================
2026-07-30 18:10:12 INFO hosny: HosnyPOS-UNCONFIGURED starting up (frozen=True, pid=92624, cwd=G:\TestManagementSystem\Hosny-Management-System\POS)
2026-07-30 18:10:12 INFO hosny: HosnyPOS smoke import ok
2026-08-01 19:15:36 INFO hosny: ============================================================
2026-08-01 19:15:36 INFO hosny: HosnyPOS-UNCONFIGURED starting up (frozen=True, pid=94948, cwd=G:\TestManagementSystem\Hosny-Management-System\POS)
2026-08-01 19:15:36 INFO hosny: HosnyPOS smoke import ok
2026-08-01 19:53:24 INFO hosny: ============================================================
2026-08-01 19:53:24 INFO hosny: HosnyPOS-UNCONFIGURED starting up (frozen=True, pid=26824, cwd=G:\TestManagementSystem\Hosny-Management-System\POS)
2026-08-01 19:53:24 INFO hosny: HosnyPOS smoke import ok
2026-08-01 20:20:49 INFO hosny: ============================================================
2026-08-01 20:20:49 INFO hosny: HosnyPOS-UNCONFIGURED starting up (frozen=True, pid=94864, cwd=G:\TestManagementSystem\Hosny-Management-System\POS)
2026-08-01 20:20:49 INFO hosny: HosnyPOS smoke import ok
2026-08-01 21:44:07 INFO hosny: ============================================================
2026-08-01 21:44:07 INFO hosny: HosnyPOS-UNCONFIGURED starting up (frozen=True, pid=98880, cwd=G:\TestManagementSystem\Hosny-Management-System\POS)
2026-08-01 21:44:07 INFO hosny: HosnyPOS smoke import ok
2026-08-01 23:22:29 INFO hosny: ============================================================
2026-08-01 23:22:29 INFO hosny: HosnyPOS-UNCONFIGURED starting up (frozen=True, pid=109448, cwd=G:\TestManagementSystem\Hosny-Management-System\POS)
2026-08-01 23:22:29 INFO hosny: HosnyPOS smoke import ok
2026-08-02 12:31:10 INFO hosny: ============================================================
2026-08-02 12:31:10 INFO hosny: HosnyPOS-UNCONFIGURED starting up (frozen=True, pid=117676, cwd=G:\TestManagementSystem\Hosny-Management-System\POS)
2026-08-02 12:31:10 INFO hosny: HosnyPOS smoke import ok
2026-08-02 13:10:32 INFO hosny: ============================================================
2026-08-02 13:10:32 INFO hosny: HosnyPOS-UNCONFIGURED starting up (frozen=True, pid=114064, cwd=G:\TestManagementSystem\Hosny-Management-System\POS)
2026-08-02 13:10:32 INFO hosny: HosnyPOS smoke import ok
2026-08-02 13:47:18 INFO hosny: ============================================================
2026-08-02 13:47:18 INFO hosny: HosnyPOS-UNCONFIGURED starting up (frozen=True, pid=116532, cwd=G:\TestManagementSystem\Hosny-Management-System\POS)
2026-08-02 13:47:18 INFO hosny: HosnyPOS smoke import ok
2026-08-02 14:21:43 INFO hosny: ============================================================
2026-08-02 14:21:43 INFO hosny: HosnyPOS-UNCONFIGURED starting up (frozen=True, pid=113692, cwd=G:\TestManagementSystem\Hosny-Management-System\POS)
2026-08-02 14:21:43 INFO hosny: HosnyPOS smoke import ok
2026-08-02 14:30:38 INFO hosny: ============================================================
2026-08-02 14:30:38 INFO hosny: HosnyPOS-UNCONFIGURED starting up (frozen=True, pid=117816, cwd=G:\TestManagementSystem\Hosny-Management-System\POS)
2026-08-02 14:30:38 INFO hosny: HosnyPOS smoke import ok
2026-08-02 14:44:00 INFO hosny: ============================================================
2026-08-02 14:44:00 INFO hosny: HosnyPOS-UNCONFIGURED starting up (frozen=True, pid=113764, cwd=G:\TestManagementSystem\Hosny-Management-System\POS)
2026-08-02 14:44:00 INFO hosny: HosnyPOS smoke import ok
2026-08-03 12:19:51 INFO hosny: ============================================================
2026-08-03 12:19:51 INFO hosny: HosnyPOS-UNCONFIGURED starting up (frozen=True, pid=126600, cwd=G:\TestManagementSystem\Hosny-Management-System\POS)
2026-08-03 12:19:51 INFO hosny: HosnyPOS smoke import ok
2026-08-03 12:26:16 INFO hosny: ============================================================
2026-08-03 12:26:16 INFO hosny: HosnyPOS-UNCONFIGURED starting up (frozen=True, pid=124312, cwd=G:\TestManagementSystem\Hosny-Management-System\POS)
2026-08-03 12:26:16 INFO hosny: HosnyPOS smoke import ok
2026-08-03 16:53:33 INFO hosny: ============================================================
2026-08-03 16:53:33 INFO hosny: HosnyPOS-UNCONFIGURED starting up (frozen=True, pid=110624, cwd=G:\TestManagementSystem\Hosny-Management-System\POS)
2026-08-03 16:53:33 INFO hosny: HosnyPOS smoke import ok
2026-08-03 17:02:13 INFO hosny: ============================================================
2026-08-03 17:02:13 INFO hosny: HosnyPOS-UNCONFIGURED starting up (frozen=True, pid=130188, cwd=G:\TestManagementSystem\Hosny-Management-System\POS)
2026-08-03 17:02:13 INFO hosny: HosnyPOS smoke import ok
2026-08-03 17:19:50 INFO hosny: ============================================================
2026-08-03 17:19:50 INFO hosny: HosnyPOS-UNCONFIGURED starting up (frozen=True, pid=130488, cwd=G:\TestManagementSystem\Hosny-Management-System\POS)
2026-08-03 17:19:50 INFO hosny: HosnyPOS smoke import ok
2026-08-03 17:26:37 INFO hosny: ============================================================
2026-08-03 17:26:37 INFO hosny: HosnyPOS-UNCONFIGURED starting up (frozen=True, pid=127808, cwd=G:\TestManagementSystem\Hosny-Management-System\POS)
2026-08-03 17:26:37 INFO hosny: HosnyPOS smoke import ok
2026-08-03 17:29:53 INFO hosny: ============================================================
2026-08-03 17:29:53 INFO hosny: HosnyPOS-UNCONFIGURED starting up (frozen=True, pid=134388, cwd=G:\TestManagementSystem\Hosny-Management-System\POS)
2026-08-03 17:29:53 INFO hosny: HosnyPOS smoke import ok
2026-08-03 17:30:38 INFO hosny: ============================================================
2026-08-03 17:30:38 INFO hosny: HosnyPOS-UNCONFIGURED starting up (frozen=True, pid=130632, cwd=G:\TestManagementSystem\Hosny-Management-System\POS)
2026-08-03 17:30:38 INFO hosny: HosnyPOS smoke import ok
2026-08-03 17:50:07 INFO hosny: ============================================================
2026-08-03 17:50:07 INFO hosny: HosnyPOS-UNCONFIGURED starting up (frozen=True, pid=137748, cwd=G:\TestManagementSystem\Hosny-Management-System\POS)
2026-08-03 17:50:07 INFO hosny: HosnyPOS smoke import ok
2026-08-03 17:59:59 INFO hosny: ============================================================
2026-08-03 17:59:59 INFO hosny: HosnyPOS-UNCONFIGURED starting up (frozen=True, pid=131500, cwd=G:\TestManagementSystem\Hosny-Management-System\POS)
2026-08-03 17:59:59 INFO hosny: HosnyPOS smoke import ok
2026-08-03 18:05:56 INFO hosny: ============================================================
2026-08-03 18:05:56 INFO hosny: HosnyPOS-UNCONFIGURED starting up (frozen=True, pid=137440, cwd=G:\TestManagementSystem\Hosny-Management-System\POS)
2026-08-03 18:05:56 INFO hosny: HosnyPOS smoke import ok
2026-08-03 18:16:21 INFO hosny: ============================================================
2026-08-03 18:16:21 INFO hosny: HosnyPOS-UNCONFIGURED starting up (frozen=True, pid=136612, cwd=G:\TestManagementSystem\Hosny-Management-System\POS)
2026-08-03 18:16:21 INFO hosny: HosnyPOS smoke import ok
2026-08-03 18:23:04 INFO hosny: ============================================================
2026-08-03 18:23:04 INFO hosny: HosnyPOS-UNCONFIGURED starting up (frozen=True, pid=132712, cwd=G:\TestManagementSystem\Hosny-Management-System\POS)
2026-08-03 18:23:04 INFO hosny: HosnyPOS smoke import ok
2026-08-03 19:48:55 INFO hosny: ============================================================
2026-08-03 19:48:55 INFO hosny: HosnyPOS-UNCONFIGURED starting up (frozen=True, pid=127884, cwd=G:\TestManagementSystem\Hosny-Management-System\POS)
2026-08-03 19:48:55 INFO hosny: HosnyPOS smoke import ok
2026-08-03 19:50:50 INFO hosny: ============================================================
2026-08-03 19:50:50 INFO hosny: HosnyPOS-UNCONFIGURED starting up (frozen=True, pid=140548, cwd=G:\TestManagementSystem\Hosny-Management-System\POS)
2026-08-03 19:50:50 INFO hosny: HosnyPOS smoke import ok
2026-08-04 16:46:53 INFO hosny: ============================================================
2026-08-04 16:46:53 INFO hosny: HosnyPOS-UNCONFIGURED starting up (frozen=True, pid=142588, cwd=G:\TestManagementSystem\Hosny-Management-System\POS)
2026-08-04 16:46:53 INFO hosny: HosnyPOS smoke import ok
2026-08-04 16:53:35 INFO hosny: ============================================================
2026-08-04 16:53:35 INFO hosny: HosnyPOS-UNCONFIGURED starting up (frozen=True, pid=3656, cwd=G:\TestManagementSystem\Hosny-Management-System\POS)
2026-08-04 16:53:35 INFO hosny: HosnyPOS smoke import ok
2026-08-04 17:57:58 INFO hosny: ============================================================
2026-08-04 17:57:58 INFO hosny: HosnyPOS-UNCONFIGURED starting up (frozen=True, pid=148544, cwd=G:\TestManagementSystem\Hosny-Management-System\POS)
2026-08-04 17:57:58 INFO hosny: HosnyPOS smoke import ok
2026-08-04 18:11:15 INFO hosny: ============================================================
2026-08-04 18:11:15 INFO hosny: HosnyPOS-UNCONFIGURED starting up (frozen=True, pid=137348, cwd=G:\TestManagementSystem\Hosny-Management-System\POS)
2026-08-04 18:11:15 INFO hosny: HosnyPOS smoke import ok
2026-08-04 18:17:53 INFO hosny: ============================================================
2026-08-04 18:17:53 INFO hosny: HosnyPOS-UNCONFIGURED starting up (frozen=True, pid=7496, cwd=G:\TestManagementSystem\Hosny-Management-System\POS)
2026-08-04 18:17:53 INFO hosny: HosnyPOS smoke import ok
2026-08-04 18:33:04 INFO hosny: ============================================================
2026-08-04 18:33:04 INFO hosny: HosnyPOS-UNCONFIGURED starting up (frozen=True, pid=146152, cwd=G:\TestManagementSystem\Hosny-Management-System\POS)
2026-08-04 18:33:04 INFO hosny: HosnyPOS smoke import ok
2026-08-04 21:48:27 INFO hosny: ============================================================
2026-08-04 21:48:27 INFO hosny: HosnyPOS-UNCONFIGURED starting up (frozen=True, pid=131992, cwd=G:\TestManagementSystem\Hosny-Management-System\POS)
2026-08-04 21:48:27 INFO hosny: HosnyPOS smoke import ok
2026-08-04 21:58:42 INFO hosny: ============================================================
2026-08-04 21:58:42 INFO hosny: HosnyPOS-UNCONFIGURED starting up (frozen=True, pid=149716, cwd=G:\TestManagementSystem\Hosny-Management-System\POS)
2026-08-04 21:58:42 INFO hosny: HosnyPOS smoke import ok
2026-08-04 22:05:11 INFO hosny: ============================================================
2026-08-04 22:05:11 INFO hosny: HosnyPOS-UNCONFIGURED starting up (frozen=True, pid=160132, cwd=G:\TestManagementSystem\Hosny-Management-System\POS)
2026-08-04 22:05:11 INFO hosny: HosnyPOS smoke import ok
2026-08-04 23:15:16 INFO hosny: ============================================================
2026-08-04 23:15:16 INFO hosny: HosnyPOS-UNCONFIGURED starting up (frozen=True, pid=107756, cwd=G:\TestManagementSystem\Hosny-Management-System\POS)
2026-08-04 23:15:16 INFO hosny: HosnyPOS smoke import ok
2026-08-05 13:18:26 INFO hosny: ============================================================
2026-08-05 13:18:26 INFO hosny: HosnyPOS-UNCONFIGURED starting up (frozen=True, pid=142764, cwd=G:\TestManagementSystem\Hosny-Management-System\POS)
2026-08-05 13:18:26 INFO hosny: HosnyPOS smoke import ok
2026-08-08 12:49:43 INFO [MainThread] hosny: ============================================================
2026-08-08 12:49:43 INFO [MainThread] hosny: HosnyPOS-UNCONFIGURED starting up (frozen=True, pid=17084, cwd=G:\TestManagementSystem\Hosny-Management-System\POS, exe=G:\TestManagementSystem\Hosny-Management-System\POS\dist\HosnyPOS.exe, python=3.13.7 (tags/v3.13.7:bcee1c3, Aug 14 2025, 14:15:11) [MSC v.1944 64 bit (AMD64)], platform=Windows-11-10.0.22631-SP0, host=DESKTOP-8UI41OA, log=G:\TestManagementSystem\Hosny-Management-System\POS\dist\logs\HosnyPOS-UNCONFIGURED.log)
2026-08-08 12:49:43 INFO [MainThread] hosny: argv=['G:\\TestManagementSystem\\Hosny-Management-System\\POS\\dist\\HosnyPOS.exe', '--smoke-import']
2026-08-08 12:49:43 INFO [MainThread] hosny: HosnyPOS smoke import ok
2026-08-08 12:50:52 INFO [MainThread] hosny: ============================================================
2026-08-08 12:50:52 INFO [MainThread] hosny: HosnyPOS-UNCONFIGURED starting up (frozen=True, pid=187364, cwd=G:\TestManagementSystem\Hosny-Management-System\POS, exe=G:\TestManagementSystem\Hosny-Management-System\POS\dist\HosnyPOS.exe, python=3.13.7 (tags/v3.13.7:bcee1c3, Aug 14 2025, 14:15:11) [MSC v.1944 64 bit (AMD64)], platform=Windows-11-10.0.22631-SP0, host=DESKTOP-8UI41OA, log=G:\TestManagementSystem\Hosny-Management-System\POS\dist\logs\HosnyPOS-UNCONFIGURED.log)
2026-08-08 12:50:52 INFO [MainThread] hosny: argv=['G:\\TestManagementSystem\\Hosny-Management-System\\POS\\dist\\HosnyPOS.exe', '--smoke-import']
2026-08-08 12:50:52 INFO [MainThread] hosny: HosnyPOS smoke import ok
2026-08-08 13:03:22 INFO [MainThread] hosny: ============================================================
2026-08-08 13:03:22 INFO [MainThread] hosny: HosnyPOS-UNCONFIGURED starting up (frozen=True, pid=146368, cwd=G:\TestManagementSystem\Hosny-Management-System\POS, exe=G:\TestManagementSystem\Hosny-Management-System\POS\dist\HosnyPOS.exe, python=3.13.7 (tags/v3.13.7:bcee1c3, Aug 14 2025, 14:15:11) [MSC v.1944 64 bit (AMD64)], platform=Windows-11-10.0.22631-SP0, host=DESKTOP-8UI41OA, log=G:\TestManagementSystem\Hosny-Management-System\POS\dist\logs\HosnyPOS-UNCONFIGURED.log)
2026-08-08 13:03:22 INFO [MainThread] hosny: argv=['G:\\TestManagementSystem\\Hosny-Management-System\\POS\\dist\\HosnyPOS.exe', '--smoke-import']
2026-08-08 13:03:22 INFO [MainThread] hosny: HosnyPOS smoke import ok
2026-08-08 14:25:51 INFO [MainThread] hosny: ============================================================
2026-08-08 14:25:51 INFO [MainThread] hosny: HosnyPOS-UNCONFIGURED starting up (frozen=True, pid=176184, cwd=G:\TestManagementSystem\Hosny-Management-System\POS, exe=G:\TestManagementSystem\Hosny-Management-System\POS\dist\HosnyPOS.exe, python=3.13.7 (tags/v3.13.7:bcee1c3, Aug 14 2025, 14:15:11) [MSC v.1944 64 bit (AMD64)], platform=Windows-11-10.0.22631-SP0, host=DESKTOP-8UI41OA, log=G:\TestManagementSystem\Hosny-Management-System\POS\dist\logs\HosnyPOS-UNCONFIGURED.log)
2026-08-08 14:25:51 INFO [MainThread] hosny: argv=['G:\\TestManagementSystem\\Hosny-Management-System\\POS\\dist\\HosnyPOS.exe', '--smoke-import']
2026-08-08 14:25:51 INFO [MainThread] hosny: HosnyPOS smoke import ok
2026-08-08 14:51:03 INFO [MainThread] hosny: ============================================================
2026-08-08 14:51:03 INFO [MainThread] hosny: HosnyPOS-UNCONFIGURED starting up (frozen=True, pid=193040, cwd=G:\TestManagementSystem\Hosny-Management-System\POS, exe=G:\TestManagementSystem\Hosny-Management-System\POS\dist\HosnyPOS.exe, python=3.13.7 (tags/v3.13.7:bcee1c3, Aug 14 2025, 14:15:11) [MSC v.1944 64 bit (AMD64)], platform=Windows-11-10.0.22631-SP0, host=DESKTOP-8UI41OA, log=G:\TestManagementSystem\Hosny-Management-System\POS\dist\logs\HosnyPOS-UNCONFIGURED.log)
2026-08-08 14:51:03 INFO [MainThread] hosny: argv=['G:\\TestManagementSystem\\Hosny-Management-System\\POS\\dist\\HosnyPOS.exe', '--smoke-import']
2026-08-08 14:51:03 INFO [MainThread] hosny: HosnyPOS smoke import ok
2026-08-08 15:03:55 INFO [MainThread] hosny: ============================================================
2026-08-08 15:03:55 INFO [MainThread] hosny: HosnyPOS-UNCONFIGURED starting up (frozen=True, pid=196136, cwd=G:\TestManagementSystem\Hosny-Management-System\POS, exe=G:\TestManagementSystem\Hosny-Management-System\POS\dist\HosnyPOS.exe, python=3.13.7 (tags/v3.13.7:bcee1c3, Aug 14 2025, 14:15:11) [MSC v.1944 64 bit (AMD64)], platform=Windows-11-10.0.22631-SP0, host=DESKTOP-8UI41OA, log=G:\TestManagementSystem\Hosny-Management-System\POS\dist\logs\HosnyPOS-UNCONFIGURED.log)
2026-08-08 15:03:55 INFO [MainThread] hosny: argv=['G:\\TestManagementSystem\\Hosny-Management-System\\POS\\dist\\HosnyPOS.exe', '--smoke-import']
2026-08-08 15:03:55 INFO [MainThread] hosny: HosnyPOS smoke import ok
2026-08-08 15:05:33 INFO [MainThread] hosny: ============================================================
2026-08-08 15:05:33 INFO [MainThread] hosny: HosnyPOS-UNCONFIGURED starting up (frozen=True, pid=192288, cwd=G:\TestManagementSystem\Hosny-Management-System\POS, exe=G:\TestManagementSystem\Hosny-Management-System\POS\dist\HosnyPOS.exe, python=3.13.7 (tags/v3.13.7:bcee1c3, Aug 14 2025, 14:15:11) [MSC v.1944 64 bit (AMD64)], platform=Windows-11-10.0.22631-SP0, host=DESKTOP-8UI41OA, log=G:\TestManagementSystem\Hosny-Management-System\POS\dist\logs\HosnyPOS-UNCONFIGURED.log)
2026-08-08 15:05:33 INFO [MainThread] hosny: argv=['G:\\TestManagementSystem\\Hosny-Management-System\\POS\\dist\\HosnyPOS.exe', '--smoke-import']
2026-08-08 15:05:33 INFO [MainThread] hosny: HosnyPOS smoke import ok
2026-08-08 16:52:01 INFO [MainThread] hosny: ============================================================
2026-08-08 16:52:01 INFO [MainThread] hosny: HosnyPOS-UNCONFIGURED starting up (frozen=True, pid=199848, cwd=G:\TestManagementSystem\Hosny-Management-System\POS, exe=G:\TestManagementSystem\Hosny-Management-System\POS\dist\HosnyPOS.exe, python=3.13.7 (tags/v3.13.7:bcee1c3, Aug 14 2025, 14:15:11) [MSC v.1944 64 bit (AMD64)], platform=Windows-11-10.0.22631-SP0, host=DESKTOP-8UI41OA, log=G:\TestManagementSystem\Hosny-Management-System\POS\dist\logs\HosnyPOS-UNCONFIGURED.log)
2026-08-08 16:52:01 INFO [MainThread] hosny: argv=['G:\\TestManagementSystem\\Hosny-Management-System\\POS\\dist\\HosnyPOS.exe', '--smoke-import']
2026-08-08 16:52:01 INFO [MainThread] hosny: HosnyPOS smoke import ok
2026-08-08 17:06:03 INFO [MainThread] hosny: ============================================================
2026-08-08 17:06:03 INFO [MainThread] hosny: HosnyPOS-UNCONFIGURED starting up (frozen=True, pid=119760, cwd=G:\TestManagementSystem\Hosny-Management-System\POS, exe=G:\TestManagementSystem\Hosny-Management-System\POS\dist\HosnyPOS.exe, python=3.13.7 (tags/v3.13.7:bcee1c3, Aug 14 2025, 14:15:11) [MSC v.1944 64 bit (AMD64)], platform=Windows-11-10.0.22631-SP0, host=DESKTOP-8UI41OA, log=G:\TestManagementSystem\Hosny-Management-System\POS\dist\logs\HosnyPOS-UNCONFIGURED.log)
2026-08-08 17:06:03 INFO [MainThread] hosny: argv=['G:\\TestManagementSystem\\Hosny-Management-System\\POS\\dist\\HosnyPOS.exe', '--smoke-import']
2026-08-08 17:06:03 INFO [MainThread] hosny: HosnyPOS smoke import ok
2026-08-08 17:10:45 INFO [MainThread] hosny: ============================================================
2026-08-08 17:10:45 INFO [MainThread] hosny: HosnyPOS-UNCONFIGURED starting up (frozen=True, pid=171772, cwd=G:\TestManagementSystem\Hosny-Management-System\POS\dist, exe=G:\TestManagementSystem\Hosny-Management-System\POS\dist\HosnyPOS.exe, python=3.13.7 (tags/v3.13.7:bcee1c3, Aug 14 2025, 14:15:11) [MSC v.1944 64 bit (AMD64)], platform=Windows-11-10.0.22631-SP0, host=DESKTOP-8UI41OA, log=G:\TestManagementSystem\Hosny-Management-System\POS\dist\logs\HosnyPOS-UNCONFIGURED.log)
2026-08-08 17:10:45 INFO [MainThread] hosny: argv=['G:\\TestManagementSystem\\Hosny-Management-System\\POS\\dist\\HosnyPOS.exe']
2026-08-08 17:10:45 INFO [MainThread] hosny: context updated | {"app": "POS", "db_path": "G:\\TestManagementSystem\\Hosny-Management-System\\POS\\dist\\warehouse_data.sqlite3", "version": "2026.8.2.56"}
2026-08-08 17:10:45 INFO [MainThread] hosny: event=db.open.start | {"app": "POS", "db_path": "G:\\TestManagementSystem\\Hosny-Management-System\\POS\\dist\\warehouse_data.sqlite3", "exists": true, "size_bytes": 450560, "version": "2026.8.2.56"}
2026-08-08 17:10:46 INFO [MainThread] hosny: event=business.app_started | {"actor": "system", "app": "POS", "db_path": "G:\\TestManagementSystem\\Hosny-Management-System\\POS\\dist\\warehouse_data.sqlite3", "details": {"db_path": "G:\\TestManagementSystem\\Hosny-Management-System\\POS\\dist\\warehouse_data.sqlite3"}, "shift_id": null, "version": "2026.8.2.56"}
2026-08-08 17:10:47 INFO [MainThread] hosny: context updated | {"device_name": "POS-UNCONFIGURED"}
2026-08-08 17:10:47 INFO [MainThread] hosny: event=db.open.done | {"app": "POS", "branch_catalog_cleanup": {"catalog_definitions": 0, "hidden_definitions": 0, "price_updates": 0, "restored_stock_rows": 0, "size_profiles": 0, "spec_history": 0, "stock_rows": 0}, "db_path": "G:\\TestManagementSystem\\Hosny-Management-System\\POS\\dist\\warehouse_data.sqlite3", "device_name": "POS-UNCONFIGURED", "elapsed_ms": 1790, "normalized_size_ranges": 0, "source_truth_reset": {"already_current": 0, "reset": 0}, "spec_rename_repair": {"candidate_specs": 0, "deleted_zero_duplicates": 0, "rename_events": 0, "updated_rows": 0}, "version": "2026.8.2.56"}
2026-08-08 17:10:56 INFO [MainThread] hosny: event=sync.periodic.start | {"app": "POS", "db_path": "G:\\TestManagementSystem\\Hosny-Management-System\\POS\\dist\\warehouse_data.sqlite3", "device_name": "POS-UNCONFIGURED", "first_delay_ms": 224000, "version": "2026.8.2.56"}
2026-08-08 17:20:49 INFO [MainThread] hosny: ============================================================
2026-08-08 17:20:49 INFO [MainThread] hosny: HosnyPOS-UNCONFIGURED starting up (frozen=True, pid=191540, cwd=G:\TestManagementSystem\Hosny-Management-System\POS, exe=G:\TestManagementSystem\Hosny-Management-System\POS\dist\HosnyPOS.exe, python=3.13.7 (tags/v3.13.7:bcee1c3, Aug 14 2025, 14:15:11) [MSC v.1944 64 bit (AMD64)], platform=Windows-11-10.0.22631-SP0, host=DESKTOP-8UI41OA, log=G:\TestManagementSystem\Hosny-Management-System\POS\dist\logs\HosnyPOS-UNCONFIGURED.log)
2026-08-08 17:20:49 INFO [MainThread] hosny: argv=['G:\\TestManagementSystem\\Hosny-Management-System\\POS\\dist\\HosnyPOS.exe', '--smoke-import']
2026-08-08 17:20:49 INFO [MainThread] hosny: HosnyPOS smoke import ok
2026-08-08 17:32:00 INFO [MainThread] hosny: ============================================================
2026-08-08 17:32:00 INFO [MainThread] hosny: HosnyPOS-UNCONFIGURED starting up (frozen=True, pid=203288, cwd=G:\TestManagementSystem\Hosny-Management-System\POS, exe=G:\TestManagementSystem\Hosny-Management-System\POS\dist\HosnyPOS.exe, python=3.13.7 (tags/v3.13.7:bcee1c3, Aug 14 2025, 14:15:11) [MSC v.1944 64 bit (AMD64)], platform=Windows-11-10.0.22631-SP0, host=DESKTOP-8UI41OA, log=G:\TestManagementSystem\Hosny-Management-System\POS\dist\logs\HosnyPOS-UNCONFIGURED.log)
2026-08-08 17:32:00 INFO [MainThread] hosny: argv=['G:\\TestManagementSystem\\Hosny-Management-System\\POS\\dist\\HosnyPOS.exe', '--smoke-import']
2026-08-08 17:32:00 INFO [MainThread] hosny: HosnyPOS smoke import ok
2026-08-08 17:47:46 INFO [MainThread] hosny: ============================================================
2026-08-08 17:47:46 INFO [MainThread] hosny: HosnyPOS-UNCONFIGURED starting up (frozen=True, pid=203508, cwd=G:\TestManagementSystem\Hosny-Management-System\POS, exe=G:\TestManagementSystem\Hosny-Management-System\POS\dist\HosnyPOS.exe, python=3.13.7 (tags/v3.13.7:bcee1c3, Aug 14 2025, 14:15:11) [MSC v.1944 64 bit (AMD64)], platform=Windows-11-10.0.22631-SP0, host=DESKTOP-8UI41OA, log=G:\TestManagementSystem\Hosny-Management-System\POS\dist\logs\HosnyPOS-UNCONFIGURED.log)
2026-08-08 17:47:46 INFO [MainThread] hosny: argv=['G:\\TestManagementSystem\\Hosny-Management-System\\POS\\dist\\HosnyPOS.exe', '--smoke-import']
2026-08-08 17:47:46 INFO [MainThread] hosny: HosnyPOS smoke import ok
2026-08-09 12:28:41 INFO [MainThread] hosny: ============================================================
2026-08-09 12:28:41 INFO [MainThread] hosny: HosnyPOS-UNCONFIGURED starting up (frozen=True, pid=207520, cwd=G:\TestManagementSystem\Hosny-Management-System\POS, exe=G:\TestManagementSystem\Hosny-Management-System\POS\dist\HosnyPOS.exe, python=3.13.7 (tags/v3.13.7:bcee1c3, Aug 14 2025, 14:15:11) [MSC v.1944 64 bit (AMD64)], platform=Windows-11-10.0.22631-SP0, host=DESKTOP-8UI41OA, log=G:\TestManagementSystem\Hosny-Management-System\POS\dist\logs\HosnyPOS-UNCONFIGURED.log)
2026-08-09 12:28:41 INFO [MainThread] hosny: argv=['G:\\TestManagementSystem\\Hosny-Management-System\\POS\\dist\\HosnyPOS.exe', '--smoke-import']
2026-08-09 12:28:41 INFO [MainThread] hosny: HosnyPOS smoke import ok
2026-08-09 16:14:08 INFO [MainThread] hosny: ============================================================
2026-08-09 16:14:09 INFO [MainThread] hosny: HosnyPOS-UNCONFIGURED starting up (frozen=True, pid=203352, cwd=G:\TestManagementSystem\Hosny-Management-System\POS, exe=G:\TestManagementSystem\Hosny-Management-System\POS\dist\HosnyPOS.exe, python=3.13.7 (tags/v3.13.7:bcee1c3, Aug 14 2025, 14:15:11) [MSC v.1944 64 bit (AMD64)], platform=Windows-11-10.0.22631-SP0, host=DESKTOP-8UI41OA, log=G:\TestManagementSystem\Hosny-Management-System\POS\dist\logs\HosnyPOS-UNCONFIGURED.log)
2026-08-09 16:14:09 INFO [MainThread] hosny: argv=['G:\\TestManagementSystem\\Hosny-Management-System\\POS\\dist\\HosnyPOS.exe', '--smoke-import']
2026-08-09 16:14:09 INFO [MainThread] hosny: HosnyPOS smoke import ok
2026-08-09 16:17:21 INFO [MainThread] hosny: ============================================================
2026-08-09 16:17:22 INFO [MainThread] hosny: HosnyPOS-UNCONFIGURED starting up (frozen=True, pid=214752, cwd=G:\TestManagementSystem\Hosny-Management-System\POS, exe=G:\TestManagementSystem\Hosny-Management-System\POS\dist\HosnyPOS.exe, python=3.13.7 (tags/v3.13.7:bcee1c3, Aug 14 2025, 14:15:11) [MSC v.1944 64 bit (AMD64)], platform=Windows-11-10.0.22631-SP0, host=DESKTOP-8UI41OA, log=G:\TestManagementSystem\Hosny-Management-System\POS\dist\logs\HosnyPOS-UNCONFIGURED.log)
2026-08-09 16:17:22 INFO [MainThread] hosny: argv=['G:\\TestManagementSystem\\Hosny-Management-System\\POS\\dist\\HosnyPOS.exe', '--smoke-import']
2026-08-09 16:17:22 INFO [MainThread] hosny: HosnyPOS smoke import ok
2026-08-10 14:04:28 INFO [MainThread] hosny: ============================================================
2026-08-10 14:04:28 INFO [MainThread] hosny: HosnyPOS-UNCONFIGURED starting up (frozen=True, pid=232992, cwd=G:\TestManagementSystem\Hosny-Management-System\POS, exe=G:\TestManagementSystem\Hosny-Management-System\POS\dist\HosnyPOS.exe, python=3.13.7 (tags/v3.13.7:bcee1c3, Aug 14 2025, 14:15:11) [MSC v.1944 64 bit (AMD64)], platform=Windows-11-10.0.22631-SP0, host=DESKTOP-8UI41OA, log=G:\TestManagementSystem\Hosny-Management-System\POS\dist\logs\HosnyPOS-UNCONFIGURED.log)
2026-08-10 14:04:28 INFO [MainThread] hosny: argv=['G:\\TestManagementSystem\\Hosny-Management-System\\POS\\dist\\HosnyPOS.exe', '--smoke-import']
2026-08-10 14:04:28 INFO [MainThread] hosny: HosnyPOS smoke import ok
2026-08-10 14:57:31 INFO [MainThread] hosny: ============================================================
2026-08-10 14:57:31 INFO [MainThread] hosny: HosnyPOS-UNCONFIGURED starting up (frozen=True, pid=223540, cwd=G:\TestManagementSystem\Hosny-Management-System\POS, exe=G:\TestManagementSystem\Hosny-Management-System\POS\dist\HosnyPOS.exe, python=3.13.7 (tags/v3.13.7:bcee1c3, Aug 14 2025, 14:15:11) [MSC v.1944 64 bit (AMD64)], platform=Windows-11-10.0.22631-SP0, host=DESKTOP-8UI41OA, log=G:\TestManagementSystem\Hosny-Management-System\POS\dist\logs\HosnyPOS-UNCONFIGURED.log)
2026-08-10 14:57:31 INFO [MainThread] hosny: argv=['G:\\TestManagementSystem\\Hosny-Management-System\\POS\\dist\\HosnyPOS.exe', '--smoke-import']
2026-08-10 14:57:31 INFO [MainThread] hosny: HosnyPOS smoke import ok
2026-08-10 15:33:18 INFO [MainThread] hosny: ============================================================
2026-08-10 15:33:18 INFO [MainThread] hosny: HosnyPOS-UNCONFIGURED starting up (frozen=True, pid=230092, cwd=G:\TestManagementSystem\Hosny-Management-System\POS, exe=G:\TestManagementSystem\Hosny-Management-System\POS\dist\HosnyPOS.exe, python=3.13.7 (tags/v3.13.7:bcee1c3, Aug 14 2025, 14:15:11) [MSC v.1944 64 bit (AMD64)], platform=Windows-11-10.0.22631-SP0, host=DESKTOP-8UI41OA, log=G:\TestManagementSystem\Hosny-Management-System\POS\dist\logs\HosnyPOS-UNCONFIGURED.log)
2026-08-10 15:33:18 INFO [MainThread] hosny: argv=['G:\\TestManagementSystem\\Hosny-Management-System\\POS\\dist\\HosnyPOS.exe', '--smoke-import']
2026-08-10 15:33:18 INFO [MainThread] hosny: HosnyPOS smoke import ok
2026-08-10 16:07:52 INFO [MainThread] hosny: ============================================================
2026-08-10 16:07:53 INFO [MainThread] hosny: HosnyPOS-UNCONFIGURED starting up (frozen=True, pid=225268, cwd=G:\TestManagementSystem\Hosny-Management-System\POS, exe=G:\TestManagementSystem\Hosny-Management-System\POS\dist\HosnyPOS.exe, python=3.13.7 (tags/v3.13.7:bcee1c3, Aug 14 2025, 14:15:11) [MSC v.1944 64 bit (AMD64)], platform=Windows-11-10.0.22631-SP0, host=DESKTOP-8UI41OA, log=G:\TestManagementSystem\Hosny-Management-System\POS\dist\logs\HosnyPOS-UNCONFIGURED.log)
2026-08-10 16:07:53 INFO [MainThread] hosny: argv=['G:\\TestManagementSystem\\Hosny-Management-System\\POS\\dist\\HosnyPOS.exe', '--smoke-import']
2026-08-10 16:07:53 INFO [MainThread] hosny: HosnyPOS smoke import ok
2026-08-10 16:51:05 INFO [MainThread] hosny: ============================================================
2026-08-10 16:51:06 INFO [MainThread] hosny: HosnyPOS-UNCONFIGURED starting up (frozen=True, pid=234156, cwd=G:\TestManagementSystem\Hosny-Management-System\POS, exe=G:\TestManagementSystem\Hosny-Management-System\POS\dist\HosnyPOS.exe, python=3.13.7 (tags/v3.13.7:bcee1c3, Aug 14 2025, 14:15:11) [MSC v.1944 64 bit (AMD64)], platform=Windows-11-10.0.22631-SP0, host=DESKTOP-8UI41OA, log=G:\TestManagementSystem\Hosny-Management-System\POS\dist\logs\HosnyPOS-UNCONFIGURED.log)
2026-08-10 16:51:06 INFO [MainThread] hosny: argv=['G:\\TestManagementSystem\\Hosny-Management-System\\POS\\dist\\HosnyPOS.exe', '--smoke-import']
2026-08-10 16:51:06 INFO [MainThread] hosny: HosnyPOS smoke import ok
2026-08-10 17:30:40 INFO [MainThread] hosny: ============================================================
2026-08-10 17:30:40 INFO [MainThread] hosny: HosnyPOS-UNCONFIGURED starting up (frozen=True, pid=207976, cwd=G:\TestManagementSystem\Hosny-Management-System\POS, exe=G:\TestManagementSystem\Hosny-Management-System\POS\dist\HosnyPOS.exe, python=3.13.7 (tags/v3.13.7:bcee1c3, Aug 14 2025, 14:15:11) [MSC v.1944 64 bit (AMD64)], platform=Windows-11-10.0.22631-SP0, host=DESKTOP-8UI41OA, log=G:\TestManagementSystem\Hosny-Management-System\POS\dist\logs\HosnyPOS-UNCONFIGURED.log)
2026-08-10 17:30:40 INFO [MainThread] hosny: argv=['G:\\TestManagementSystem\\Hosny-Management-System\\POS\\dist\\HosnyPOS.exe', '--smoke-import']
2026-08-10 17:30:40 INFO [MainThread] hosny: HosnyPOS smoke import ok
2026-08-10 19:18:01 INFO [MainThread] hosny: ============================================================
2026-08-10 19:18:01 INFO [MainThread] hosny: HosnyPOS-UNCONFIGURED starting up (frozen=True, pid=236952, cwd=G:\TestManagementSystem\Hosny-Management-System\POS, exe=G:\TestManagementSystem\Hosny-Management-System\POS\dist\HosnyPOS.exe, python=3.13.7 (tags/v3.13.7:bcee1c3, Aug 14 2025, 14:15:11) [MSC v.1944 64 bit (AMD64)], platform=Windows-11-10.0.22631-SP0, host=DESKTOP-8UI41OA, log=G:\TestManagementSystem\Hosny-Management-System\POS\dist\logs\HosnyPOS-UNCONFIGURED.log)
2026-08-10 19:18:01 INFO [MainThread] hosny: argv=['G:\\TestManagementSystem\\Hosny-Management-System\\POS\\dist\\HosnyPOS.exe', '--smoke-import']
2026-08-10 19:18:01 INFO [MainThread] hosny: HosnyPOS smoke import ok
2026-08-11 12:00:40 INFO [MainThread] hosny: ============================================================
2026-08-11 12:00:40 INFO [MainThread] hosny: HosnyPOS-UNCONFIGURED starting up (frozen=True, pid=257264, cwd=G:\TestManagementSystem\Hosny-Management-System\POS, exe=G:\TestManagementSystem\Hosny-Management-System\POS\dist\HosnyPOS.exe, python=3.13.7 (tags/v3.13.7:bcee1c3, Aug 14 2025, 14:15:11) [MSC v.1944 64 bit (AMD64)], platform=Windows-11-10.0.22631-SP0, host=DESKTOP-8UI41OA, log=G:\TestManagementSystem\Hosny-Management-System\POS\dist\logs\HosnyPOS-UNCONFIGURED.log)
2026-08-11 12:00:40 INFO [MainThread] hosny: argv=['G:\\TestManagementSystem\\Hosny-Management-System\\POS\\dist\\HosnyPOS.exe', '--smoke-import']
2026-08-11 12:00:40 INFO [MainThread] hosny: HosnyPOS smoke import ok
2026-08-11 12:14:42 INFO [MainThread] hosny: ============================================================
2026-08-11 12:14:42 INFO [MainThread] hosny: HosnyPOS-UNCONFIGURED starting up (frozen=True, pid=251208, cwd=G:\TestManagementSystem\Hosny-Management-System\POS, exe=G:\TestManagementSystem\Hosny-Management-System\POS\dist\HosnyPOS.exe, python=3.13.7 (tags/v3.13.7:bcee1c3, Aug 14 2025, 14:15:11) [MSC v.1944 64 bit (AMD64)], platform=Windows-11-10.0.22631-SP0, host=DESKTOP-8UI41OA, log=G:\TestManagementSystem\Hosny-Management-System\POS\dist\logs\HosnyPOS-UNCONFIGURED.log)
2026-08-11 12:14:42 INFO [MainThread] hosny: argv=['G:\\TestManagementSystem\\Hosny-Management-System\\POS\\dist\\HosnyPOS.exe', '--smoke-import']
2026-08-11 12:14:42 INFO [MainThread] hosny: HosnyPOS smoke import ok
2026-08-11 12:17:59 INFO [MainThread] hosny: ============================================================
2026-08-11 12:17:59 INFO [MainThread] hosny: HosnyPOS-UNCONFIGURED starting up (frozen=True, pid=240340, cwd=G:\TestManagementSystem\Hosny-Management-System\POS, exe=G:\TestManagementSystem\Hosny-Management-System\POS\dist\HosnyPOS.exe, python=3.13.7 (tags/v3.13.7:bcee1c3, Aug 14 2025, 14:15:11) [MSC v.1944 64 bit (AMD64)], platform=Windows-11-10.0.22631-SP0, host=DESKTOP-8UI41OA, log=G:\TestManagementSystem\Hosny-Management-System\POS\dist\logs\HosnyPOS-UNCONFIGURED.log)
2026-08-11 12:17:59 INFO [MainThread] hosny: argv=['G:\\TestManagementSystem\\Hosny-Management-System\\POS\\dist\\HosnyPOS.exe', '--smoke-import']
2026-08-11 12:17:59 INFO [MainThread] hosny: HosnyPOS smoke import ok
2026-08-11 12:46:56 INFO [MainThread] hosny: ============================================================
2026-08-11 12:46:56 INFO [MainThread] hosny: HosnyPOS-UNCONFIGURED starting up (frozen=True, pid=256708, cwd=G:\TestManagementSystem\Hosny-Management-System\POS, exe=G:\TestManagementSystem\Hosny-Management-System\POS\dist\HosnyPOS.exe, python=3.13.7 (tags/v3.13.7:bcee1c3, Aug 14 2025, 14:15:11) [MSC v.1944 64 bit (AMD64)], platform=Windows-11-10.0.22631-SP0, host=DESKTOP-8UI41OA, log=G:\TestManagementSystem\Hosny-Management-System\POS\dist\logs\HosnyPOS-UNCONFIGURED.log)
2026-08-11 12:46:56 INFO [MainThread] hosny: argv=['G:\\TestManagementSystem\\Hosny-Management-System\\POS\\dist\\HosnyPOS.exe', '--smoke-import']
2026-08-11 12:46:56 INFO [MainThread] hosny: HosnyPOS smoke import ok
2026-08-11 14:55:51 INFO [MainThread] hosny: ============================================================
2026-08-11 14:55:51 INFO [MainThread] hosny: HosnyPOS-UNCONFIGURED starting up (frozen=True, pid=262156, cwd=G:\TestManagementSystem\Hosny-Management-System\POS, exe=G:\TestManagementSystem\Hosny-Management-System\POS\dist\HosnyPOS.exe, python=3.13.7 (tags/v3.13.7:bcee1c3, Aug 14 2025, 14:15:11) [MSC v.1944 64 bit (AMD64)], platform=Windows-11-10.0.22631-SP0, host=DESKTOP-8UI41OA, log=G:\TestManagementSystem\Hosny-Management-System\POS\dist\logs\HosnyPOS-UNCONFIGURED.log)
2026-08-11 14:55:51 INFO [MainThread] hosny: argv=['G:\\TestManagementSystem\\Hosny-Management-System\\POS\\dist\\HosnyPOS.exe', '--smoke-import']
2026-08-11 14:55:51 INFO [MainThread] hosny: HosnyPOS smoke import ok
2026-08-12 02:33:34 INFO [MainThread] hosny: ============================================================
2026-08-12 02:33:34 INFO [MainThread] hosny: HosnyPOS-UNCONFIGURED starting up (frozen=True, pid=262888, cwd=G:\TestManagementSystem\Hosny-Management-System\POS, exe=G:\TestManagementSystem\Hosny-Management-System\POS\dist\HosnyPOS.exe, python=3.13.7 (tags/v3.13.7:bcee1c3, Aug 14 2025, 14:15:11) [MSC v.1944 64 bit (AMD64)], platform=Windows-11-10.0.22631-SP0, host=DESKTOP-8UI41OA, log=G:\TestManagementSystem\Hosny-Management-System\POS\dist\logs\HosnyPOS-UNCONFIGURED.log)
2026-08-12 02:33:34 INFO [MainThread] hosny: argv=['G:\\TestManagementSystem\\Hosny-Management-System\\POS\\dist\\HosnyPOS.exe', '--smoke-import']
2026-08-12 02:33:34 INFO [MainThread] hosny: HosnyPOS smoke import ok
2026-08-12 18:20:47 INFO [MainThread] hosny: ============================================================
2026-08-12 18:20:47 INFO [MainThread] hosny: HosnyPOS-UNCONFIGURED starting up (frozen=True, pid=258756, cwd=G:\TestManagementSystem\Hosny-Management-System\POS, exe=G:\TestManagementSystem\Hosny-Management-System\POS\dist\HosnyPOS.exe, python=3.13.7 (tags/v3.13.7:bcee1c3, Aug 14 2025, 14:15:11) [MSC v.1944 64 bit (AMD64)], platform=Windows-11-10.0.22631-SP0, host=DESKTOP-8UI41OA, log=G:\TestManagementSystem\Hosny-Management-System\POS\dist\logs\HosnyPOS-UNCONFIGURED.log)
2026-08-12 18:20:47 INFO [MainThread] hosny: argv=['G:\\TestManagementSystem\\Hosny-Management-System\\POS\\dist\\HosnyPOS.exe', '--smoke-import']
2026-08-12 18:20:47 INFO [MainThread] hosny: HosnyPOS smoke import ok
2026-08-16 17:38:16 INFO [MainThread] hosny: ============================================================
2026-08-16 17:38:16 INFO [MainThread] hosny: HosnyPOS-UNCONFIGURED starting up (frozen=True, pid=314048, cwd=G:\TestManagementSystem\Hosny-Management-System\POS, exe=G:\TestManagementSystem\Hosny-Management-System\POS\dist\HosnyPOS.exe, python=3.13.7 (tags/v3.13.7:bcee1c3, Aug 14 2025, 14:15:11) [MSC v.1944 64 bit (AMD64)], platform=Windows-11-10.0.22631-SP0, host=DESKTOP-8UI41OA, log=G:\TestManagementSystem\Hosny-Management-System\POS\dist\logs\HosnyPOS-UNCONFIGURED.log)
2026-08-16 17:38:16 INFO [MainThread] hosny: argv=['G:\\TestManagementSystem\\Hosny-Management-System\\POS\\dist\\HosnyPOS.exe', '--smoke-import']
2026-08-16 17:38:16 INFO [MainThread] hosny: HosnyPOS smoke import ok
2026-08-16 17:42:28 INFO [MainThread] hosny: ============================================================
2026-08-16 17:42:28 INFO [MainThread] hosny: HosnyPOS-UNCONFIGURED starting up (frozen=True, pid=315652, cwd=G:\TestManagementSystem\Hosny-Management-System\POS, exe=G:\TestManagementSystem\Hosny-Management-System\POS\dist\HosnyPOS.exe, python=3.13.7 (tags/v3.13.7:bcee1c3, Aug 14 2025, 14:15:11) [MSC v.1944 64 bit (AMD64)], platform=Windows-11-10.0.22631-SP0, host=DESKTOP-8UI41OA, log=G:\TestManagementSystem\Hosny-Management-System\POS\dist\logs\HosnyPOS-UNCONFIGURED.log)
2026-08-16 17:42:28 INFO [MainThread] hosny: argv=['G:\\TestManagementSystem\\Hosny-Management-System\\POS\\dist\\HosnyPOS.exe', '--smoke-import']
2026-08-16 17:42:28 INFO [MainThread] hosny: HosnyPOS smoke import ok
2026-08-16 17:45:04 INFO [MainThread] hosny: ============================================================
2026-08-16 17:45:04 INFO [MainThread] hosny: HosnyPOS-UNCONFIGURED starting up (frozen=True, pid=286784, cwd=G:\TestManagementSystem\Hosny-Management-System\POS, exe=G:\TestManagementSystem\Hosny-Management-System\POS\dist\HosnyPOS.exe, python=3.13.7 (tags/v3.13.7:bcee1c3, Aug 14 2025, 14:15:11) [MSC v.1944 64 bit (AMD64)], platform=Windows-11-10.0.22631-SP0, host=DESKTOP-8UI41OA, log=G:\TestManagementSystem\Hosny-Management-System\POS\dist\logs\HosnyPOS-UNCONFIGURED.log)
2026-08-16 17:45:04 INFO [MainThread] hosny: argv=['G:\\TestManagementSystem\\Hosny-Management-System\\POS\\dist\\HosnyPOS.exe', '--smoke-import']
2026-08-16 17:45:04 INFO [MainThread] hosny: HosnyPOS smoke import ok
2026-08-16 17:47:52 INFO [MainThread] hosny: ============================================================
2026-08-16 17:47:52 INFO [MainThread] hosny: HosnyPOS-UNCONFIGURED starting up (frozen=True, pid=304904, cwd=G:\TestManagementSystem\Hosny-Management-System\POS, exe=G:\TestManagementSystem\Hosny-Management-System\POS\dist\HosnyPOS.exe, python=3.13.7 (tags/v3.13.7:bcee1c3, Aug 14 2025, 14:15:11) [MSC v.1944 64 bit (AMD64)], platform=Windows-11-10.0.22631-SP0, host=DESKTOP-8UI41OA, log=G:\TestManagementSystem\Hosny-Management-System\POS\dist\logs\HosnyPOS-UNCONFIGURED.log)
2026-08-16 17:47:52 INFO [MainThread] hosny: argv=['G:\\TestManagementSystem\\Hosny-Management-System\\POS\\dist\\HosnyPOS.exe', '--smoke-import']
2026-08-16 17:47:52 INFO [MainThread] hosny: HosnyPOS smoke import ok
2026-08-17 20:02:58 INFO [MainThread] hosny: ============================================================
2026-08-17 20:02:59 INFO [MainThread] hosny: HosnyPOS-UNCONFIGURED starting up (frozen=True, pid=336516, cwd=G:\TestManagementSystem\Hosny-Management-System\POS, exe=G:\TestManagementSystem\Hosny-Management-System\POS\dist\HosnyPOS.exe, python=3.13.7 (tags/v3.13.7:bcee1c3, Aug 14 2025, 14:15:11) [MSC v.1944 64 bit (AMD64)], platform=Windows-11-10.0.22631-SP0, host=DESKTOP-8UI41OA, log=G:\TestManagementSystem\Hosny-Management-System\POS\dist\logs\HosnyPOS-UNCONFIGURED.log)
2026-08-17 20:02:59 INFO [MainThread] hosny: argv=['G:\\TestManagementSystem\\Hosny-Management-System\\POS\\dist\\HosnyPOS.exe', '--smoke-import']
2026-08-17 20:02:59 INFO [MainThread] hosny: HosnyPOS smoke import ok
2026-08-18 14:26:01 INFO [MainThread] hosny: ============================================================
2026-08-18 14:26:01 INFO [MainThread] hosny: HosnyPOS-UNCONFIGURED starting up (frozen=True, pid=323344, cwd=G:\TestManagementSystem\Hosny-Management-System\POS, exe=G:\TestManagementSystem\Hosny-Management-System\POS\dist\HosnyPOS.exe, python=3.13.7 (tags/v3.13.7:bcee1c3, Aug 14 2025, 14:15:11) [MSC v.1944 64 bit (AMD64)], platform=Windows-11-10.0.22631-SP0, host=DESKTOP-8UI41OA, log=G:\TestManagementSystem\Hosny-Management-System\POS\dist\logs\HosnyPOS-UNCONFIGURED.log)
2026-08-18 14:26:01 INFO [MainThread] hosny: argv=['G:\\TestManagementSystem\\Hosny-Management-System\\POS\\dist\\HosnyPOS.exe', '--smoke-import']
2026-08-18 14:26:01 INFO [MainThread] hosny: HosnyPOS smoke import ok
2026-08-19 16:45:02 INFO [MainThread] hosny: ============================================================
2026-08-19 16:45:02 INFO [MainThread] hosny: HosnyPOS-UNCONFIGURED starting up (frozen=True, pid=358080, cwd=G:\TestManagementSystem\Hosny-Management-System\POS, exe=G:\TestManagementSystem\Hosny-Management-System\POS\dist\HosnyPOS.exe, python=3.13.7 (tags/v3.13.7:bcee1c3, Aug 14 2025, 14:15:11) [MSC v.1944 64 bit (AMD64)], platform=Windows-11-10.0.22631-SP0, host=DESKTOP-8UI41OA, log=G:\TestManagementSystem\Hosny-Management-System\POS\dist\logs\HosnyPOS-UNCONFIGURED.log)
2026-08-19 16:45:02 INFO [MainThread] hosny: argv=['G:\\TestManagementSystem\\Hosny-Management-System\\POS\\dist\\HosnyPOS.exe', '--smoke-import']
2026-08-19 16:45:02 INFO [MainThread] hosny: HosnyPOS smoke import ok
2026-08-19 17:05:01 INFO [MainThread] hosny: ============================================================
2026-08-19 17:05:01 INFO [MainThread] hosny: HosnyPOS-UNCONFIGURED starting up (frozen=True, pid=344056, cwd=G:\TestManagementSystem\Hosny-Management-System\POS, exe=G:\TestManagementSystem\Hosny-Management-System\POS\dist\HosnyPOS.exe, python=3.13.7 (tags/v3.13.7:bcee1c3, Aug 14 2025, 14:15:11) [MSC v.1944 64 bit (AMD64)], platform=Windows-11-10.0.22631-SP0, host=DESKTOP-8UI41OA, log=G:\TestManagementSystem\Hosny-Management-System\POS\dist\logs\HosnyPOS-UNCONFIGURED.log)
2026-08-19 17:05:01 INFO [MainThread] hosny: argv=['G:\\TestManagementSystem\\Hosny-Management-System\\POS\\dist\\HosnyPOS.exe', '--smoke-import']
2026-08-19 17:05:01 INFO [MainThread] hosny: HosnyPOS smoke import ok
2026-08-19 17:18:00 INFO [MainThread] hosny: ============================================================
2026-08-19 17:18:00 INFO [MainThread] hosny: HosnyPOS-UNCONFIGURED starting up (frozen=True, pid=358428, cwd=G:\TestManagementSystem\Hosny-Management-System\POS, exe=G:\TestManagementSystem\Hosny-Management-System\POS\dist\HosnyPOS.exe, python=3.13.7 (tags/v3.13.7:bcee1c3, Aug 14 2025, 14:15:11) [MSC v.1944 64 bit (AMD64)], platform=Windows-11-10.0.22631-SP0, host=DESKTOP-8UI41OA, log=G:\TestManagementSystem\Hosny-Management-System\POS\dist\logs\HosnyPOS-UNCONFIGURED.log)
2026-08-19 17:18:00 INFO [MainThread] hosny: argv=['G:\\TestManagementSystem\\Hosny-Management-System\\POS\\dist\\HosnyPOS.exe', '--smoke-import']
2026-08-19 17:18:00 INFO [MainThread] hosny: HosnyPOS smoke import ok
2026-08-19 17:23:46 INFO [MainThread] hosny: ============================================================
2026-08-19 17:23:47 INFO [MainThread] hosny: HosnyPOS-UNCONFIGURED starting up (frozen=True, pid=358800, cwd=G:\TestManagementSystem\Hosny-Management-System\POS, exe=G:\TestManagementSystem\Hosny-Management-System\POS\dist\HosnyPOS.exe, python=3.13.7 (tags/v3.13.7:bcee1c3, Aug 14 2025, 14:15:11) [MSC v.1944 64 bit (AMD64)], platform=Windows-11-10.0.22631-SP0, host=DESKTOP-8UI41OA, log=G:\TestManagementSystem\Hosny-Management-System\POS\dist\logs\HosnyPOS-UNCONFIGURED.log)
2026-08-19 17:23:47 INFO [MainThread] hosny: argv=['G:\\TestManagementSystem\\Hosny-Management-System\\POS\\dist\\HosnyPOS.exe', '--smoke-import']
2026-08-19 17:23:47 INFO [MainThread] hosny: HosnyPOS smoke import ok
2026-08-19 20:40:22 INFO [MainThread] hosny: ============================================================
2026-08-19 20:40:22 INFO [MainThread] hosny: HosnyPOS-UNCONFIGURED starting up (frozen=True, pid=350500, cwd=G:\TestManagementSystem\Hosny-Management-System\POS, exe=G:\TestManagementSystem\Hosny-Management-System\POS\dist\HosnyPOS.exe, python=3.13.7 (tags/v3.13.7:bcee1c3, Aug 14 2025, 14:15:11) [MSC v.1944 64 bit (AMD64)], platform=Windows-11-10.0.22631-SP0, host=DESKTOP-8UI41OA, log=G:\TestManagementSystem\Hosny-Management-System\POS\dist\logs\HosnyPOS-UNCONFIGURED.log)
2026-08-19 20:40:22 INFO [MainThread] hosny: argv=['G:\\TestManagementSystem\\Hosny-Management-System\\POS\\dist\\HosnyPOS.exe', '--smoke-import']
2026-08-19 20:40:22 INFO [MainThread] hosny: HosnyPOS smoke import ok
2026-08-19 20:43:49 INFO [MainThread] hosny: ============================================================
2026-08-19 20:43:49 INFO [MainThread] hosny: HosnyPOS-UNCONFIGURED starting up (frozen=True, pid=343332, cwd=G:\TestManagementSystem\Hosny-Management-System\POS, exe=G:\TestManagementSystem\Hosny-Management-System\POS\dist\HosnyPOS.exe, python=3.13.7 (tags/v3.13.7:bcee1c3, Aug 14 2025, 14:15:11) [MSC v.1944 64 bit (AMD64)], platform=Windows-11-10.0.22631-SP0, host=DESKTOP-8UI41OA, log=G:\TestManagementSystem\Hosny-Management-System\POS\dist\logs\HosnyPOS-UNCONFIGURED.log)
2026-08-19 20:43:49 INFO [MainThread] hosny: argv=['G:\\TestManagementSystem\\Hosny-Management-System\\POS\\dist\\HosnyPOS.exe', '--smoke-import']
2026-08-19 20:43:49 INFO [MainThread] hosny: HosnyPOS smoke import ok
2026-08-19 20:48:05 INFO [MainThread] hosny: ============================================================
2026-08-19 20:48:05 INFO [MainThread] hosny: HosnyPOS-UNCONFIGURED starting up (frozen=True, pid=311632, cwd=G:\TestManagementSystem\Hosny-Management-System\POS, exe=G:\TestManagementSystem\Hosny-Management-System\POS\dist\HosnyPOS.exe, python=3.13.7 (tags/v3.13.7:bcee1c3, Aug 14 2025, 14:15:11) [MSC v.1944 64 bit (AMD64)], platform=Windows-11-10.0.22631-SP0, host=DESKTOP-8UI41OA, log=G:\TestManagementSystem\Hosny-Management-System\POS\dist\logs\HosnyPOS-UNCONFIGURED.log)
2026-08-19 20:48:05 INFO [MainThread] hosny: argv=['G:\\TestManagementSystem\\Hosny-Management-System\\POS\\dist\\HosnyPOS.exe', '--smoke-import']
2026-08-19 20:48:05 INFO [MainThread] hosny: HosnyPOS smoke import ok
2026-08-20 13:57:03 INFO [MainThread] hosny: ============================================================
2026-08-20 13:57:03 INFO [MainThread] hosny: HosnyPOS-UNCONFIGURED starting up (frozen=True, pid=156968, cwd=G:\TestManagementSystem\Hosny-Management-System\POS, exe=G:\TestManagementSystem\Hosny-Management-System\POS\dist\HosnyPOS.exe, python=3.13.7 (tags/v3.13.7:bcee1c3, Aug 14 2025, 14:15:11) [MSC v.1944 64 bit (AMD64)], platform=Windows-11-10.0.22631-SP0, host=DESKTOP-8UI41OA, log=G:\TestManagementSystem\Hosny-Management-System\POS\dist\logs\HosnyPOS-UNCONFIGURED.log)
2026-08-20 13:57:03 INFO [MainThread] hosny: argv=['G:\\TestManagementSystem\\Hosny-Management-System\\POS\\dist\\HosnyPOS.exe', '--smoke-import']
2026-08-20 13:57:03 INFO [MainThread] hosny: HosnyPOS smoke import ok
2026-08-22 15:40:15 INFO [MainThread] hosny: ============================================================
2026-08-22 15:40:15 INFO [MainThread] hosny: HosnyPOS-UNCONFIGURED starting up (frozen=True, pid=22944, cwd=G:\TestManagementSystem\Hosny-Management-System\POS, exe=G:\TestManagementSystem\Hosny-Management-System\POS\dist\HosnyPOS.exe, python=3.13.7 (tags/v3.13.7:bcee1c3, Aug 14 2025, 14:15:11) [MSC v.1944 64 bit (AMD64)], platform=Windows-11-10.0.22631-SP0, host=DESKTOP-8UI41OA, log=G:\TestManagementSystem\Hosny-Management-System\POS\dist\logs\HosnyPOS-UNCONFIGURED.log)
2026-08-22 15:40:15 INFO [MainThread] hosny: argv=['G:\\TestManagementSystem\\Hosny-Management-System\\POS\\dist\\HosnyPOS.exe', '--smoke-import']
2026-08-22 15:40:15 INFO [MainThread] hosny: HosnyPOS smoke import ok
2026-08-22 15:48:04 INFO [MainThread] hosny: ============================================================
2026-08-22 15:48:04 INFO [MainThread] hosny: HosnyPOS-UNCONFIGURED starting up (frozen=True, pid=5044, cwd=G:\TestManagementSystem\Hosny-Management-System\POS, exe=G:\TestManagementSystem\Hosny-Management-System\POS\dist\HosnyPOS.exe, python=3.13.7 (tags/v3.13.7:bcee1c3, Aug 14 2025, 14:15:11) [MSC v.1944 64 bit (AMD64)], platform=Windows-11-10.0.22631-SP0, host=DESKTOP-8UI41OA, log=G:\TestManagementSystem\Hosny-Management-System\POS\dist\logs\HosnyPOS-UNCONFIGURED.log)
2026-08-22 15:48:04 INFO [MainThread] hosny: argv=['G:\\TestManagementSystem\\Hosny-Management-System\\POS\\dist\\HosnyPOS.exe', '--smoke-import']
2026-08-22 15:48:04 INFO [MainThread] hosny: HosnyPOS smoke import ok
2026-08-22 17:16:03 INFO [MainThread] hosny: ============================================================
2026-08-22 17:16:03 INFO [MainThread] hosny: HosnyPOS-UNCONFIGURED starting up (frozen=True, pid=28168, cwd=G:\TestManagementSystem\Hosny-Management-System\POS, exe=G:\TestManagementSystem\Hosny-Management-System\POS\dist\HosnyPOS.exe, python=3.13.7 (tags/v3.13.7:bcee1c3, Aug 14 2025, 14:15:11) [MSC v.1944 64 bit (AMD64)], platform=Windows-11-10.0.22631-SP0, host=DESKTOP-8UI41OA, log=G:\TestManagementSystem\Hosny-Management-System\POS\dist\logs\HosnyPOS-UNCONFIGURED.log)
2026-08-22 17:16:03 INFO [MainThread] hosny: argv=['G:\\TestManagementSystem\\Hosny-Management-System\\POS\\dist\\HosnyPOS.exe', '--smoke-import']
2026-08-22 17:16:03 INFO [MainThread] hosny: HosnyPOS smoke import ok
2026-08-22 17:19:03 INFO [MainThread] hosny: ============================================================
2026-08-22 17:19:03 INFO [MainThread] hosny: HosnyPOS-UNCONFIGURED starting up (frozen=True, pid=23492, cwd=G:\TestManagementSystem\Hosny-Management-System\POS, exe=G:\TestManagementSystem\Hosny-Management-System\POS\dist\HosnyPOS.exe, python=3.13.7 (tags/v3.13.7:bcee1c3, Aug 14 2025, 14:15:11) [MSC v.1944 64 bit (AMD64)], platform=Windows-11-10.0.22631-SP0, host=DESKTOP-8UI41OA, log=G:\TestManagementSystem\Hosny-Management-System\POS\dist\logs\HosnyPOS-UNCONFIGURED.log)
2026-08-22 17:19:03 INFO [MainThread] hosny: argv=['G:\\TestManagementSystem\\Hosny-Management-System\\POS\\dist\\HosnyPOS.exe', '--smoke-import']
2026-08-22 17:19:03 INFO [MainThread] hosny: HosnyPOS smoke import ok
2026-08-24 12:06:32 INFO [MainThread] hosny: ============================================================
2026-08-24 12:06:33 INFO [MainThread] hosny: HosnyPOS-UNCONFIGURED starting up (frozen=True, pid=35932, cwd=G:\TestManagementSystem\Hosny-Management-System\POS, exe=G:\TestManagementSystem\Hosny-Management-System\POS\dist\HosnyPOS.exe, python=3.13.7 (tags/v3.13.7:bcee1c3, Aug 14 2025, 14:15:11) [MSC v.1944 64 bit (AMD64)], platform=Windows-11-10.0.22631-SP0, host=DESKTOP-8UI41OA, log=G:\TestManagementSystem\Hosny-Management-System\POS\dist\logs\HosnyPOS-UNCONFIGURED.log)
2026-08-24 12:06:33 INFO [MainThread] hosny: argv=['G:\\TestManagementSystem\\Hosny-Management-System\\POS\\dist\\HosnyPOS.exe', '--smoke-import']
2026-08-24 12:06:33 INFO [MainThread] hosny: HosnyPOS smoke import ok
2026-08-24 13:38:54 INFO [MainThread] hosny: ============================================================
2026-08-24 13:38:55 INFO [MainThread] hosny: HosnyPOS-UNCONFIGURED starting up (frozen=True, pid=39200, cwd=G:\TestManagementSystem\Hosny-Management-System\POS, exe=G:\TestManagementSystem\Hosny-Management-System\POS\dist\HosnyPOS.exe, python=3.13.7 (tags/v3.13.7:bcee1c3, Aug 14 2025, 14:15:11) [MSC v.1944 64 bit (AMD64)], platform=Windows-11-10.0.22631-SP0, host=DESKTOP-8UI41OA, log=G:\TestManagementSystem\Hosny-Management-System\POS\dist\logs\HosnyPOS-UNCONFIGURED.log)
2026-08-24 13:38:55 INFO [MainThread] hosny: argv=['G:\\TestManagementSystem\\Hosny-Management-System\\POS\\dist\\HosnyPOS.exe', '--smoke-import']
2026-08-24 13:38:55 INFO [MainThread] hosny: HosnyPOS smoke import ok
2026-08-24 13:42:44 INFO [MainThread] hosny: ============================================================
2026-08-24 13:42:44 INFO [MainThread] hosny: HosnyPOS-UNCONFIGURED starting up (frozen=True, pid=34192, cwd=G:\TestManagementSystem\Hosny-Management-System\POS, exe=G:\TestManagementSystem\Hosny-Management-System\POS\dist\HosnyPOS.exe, python=3.13.7 (tags/v3.13.7:bcee1c3, Aug 14 2025, 14:15:11) [MSC v.1944 64 bit (AMD64)], platform=Windows-11-10.0.22631-SP0, host=DESKTOP-8UI41OA, log=G:\TestManagementSystem\Hosny-Management-System\POS\dist\logs\HosnyPOS-UNCONFIGURED.log)
2026-08-24 13:42:44 INFO [MainThread] hosny: argv=['G:\\TestManagementSystem\\Hosny-Management-System\\POS\\dist\\HosnyPOS.exe', '--smoke-import']
2026-08-24 13:42:44 INFO [MainThread] hosny: HosnyPOS smoke import ok
2026-08-24 13:45:19 INFO [MainThread] hosny: ============================================================
2026-08-24 13:45:19 INFO [MainThread] hosny: HosnyPOS-UNCONFIGURED starting up (frozen=True, pid=40952, cwd=G:\TestManagementSystem\Hosny-Management-System\POS, exe=G:\TestManagementSystem\Hosny-Management-System\POS\dist\HosnyPOS.exe, python=3.13.7 (tags/v3.13.7:bcee1c3, Aug 14 2025, 14:15:11) [MSC v.1944 64 bit (AMD64)], platform=Windows-11-10.0.22631-SP0, host=DESKTOP-8UI41OA, log=G:\TestManagementSystem\Hosny-Management-System\POS\dist\logs\HosnyPOS-UNCONFIGURED.log)
2026-08-24 13:45:19 INFO [MainThread] hosny: argv=['G:\\TestManagementSystem\\Hosny-Management-System\\POS\\dist\\HosnyPOS.exe', '--smoke-import']
2026-08-24 13:45:19 INFO [MainThread] hosny: HosnyPOS smoke import ok
2026-08-25 17:00:58 INFO [MainThread] hosny: ============================================================
2026-08-25 17:00:58 INFO [MainThread] hosny: HosnyPOS-UNCONFIGURED starting up (frozen=True, pid=43080, cwd=G:\TestManagementSystem\Hosny-Management-System\POS, exe=G:\TestManagementSystem\Hosny-Management-System\POS\dist\HosnyPOS.exe, python=3.13.7 (tags/v3.13.7:bcee1c3, Aug 14 2025, 14:15:11) [MSC v.1944 64 bit (AMD64)], platform=Windows-11-10.0.22631-SP0, host=DESKTOP-8UI41OA, log=G:\TestManagementSystem\Hosny-Management-System\POS\dist\logs\HosnyPOS-UNCONFIGURED.log)
2026-08-25 17:00:58 INFO [MainThread] hosny: argv=['G:\\TestManagementSystem\\Hosny-Management-System\\POS\\dist\\HosnyPOS.exe', '--smoke-import']
2026-08-25 17:00:58 INFO [MainThread] hosny: HosnyPOS smoke import ok
2026-08-29 21:24:58 INFO [MainThread] hosny: ============================================================
2026-08-29 21:24:58 INFO [MainThread] hosny: HosnyPOS-UNCONFIGURED starting up (frozen=True, pid=68232, cwd=G:\TestManagementSystem\Hosny-Management-System\POS, exe=G:\TestManagementSystem\Hosny-Management-System\POS\dist\HosnyPOS.exe, python=3.13.7 (tags/v3.13.7:bcee1c3, Aug 14 2025, 14:15:11) [MSC v.1944 64 bit (AMD64)], platform=Windows-11-10.0.22631-SP0, host=DESKTOP-8UI41OA, log=G:\TestManagementSystem\Hosny-Management-System\POS\dist\logs\HosnyPOS-UNCONFIGURED.log)
2026-08-29 21:24:58 INFO [MainThread] hosny: argv=['G:\\TestManagementSystem\\Hosny-Management-System\\POS\\dist\\HosnyPOS.exe', '--smoke-import']
2026-08-29 21:24:58 INFO [MainThread] hosny: HosnyPOS smoke import ok
2026-08-31 21:00:30 INFO [MainThread] hosny: ============================================================
2026-08-31 21:00:30 INFO [MainThread] hosny: HosnyPOS-UNCONFIGURED starting up (frozen=True, pid=62788, cwd=G:\TestManagementSystem\Hosny-Management-System\POS, exe=G:\TestManagementSystem\Hosny-Management-System\POS\dist\HosnyPOS.exe, python=3.13.7 (tags/v3.13.7:bcee1c3, Aug 14 2025, 14:15:11) [MSC v.1944 64 bit (AMD64)], platform=Windows-11-10.0.22631-SP0, host=DESKTOP-8UI41OA, log=G:\TestManagementSystem\Hosny-Management-System\POS\dist\logs\HosnyPOS-UNCONFIGURED.log)
2026-08-31 21:00:30 INFO [MainThread] hosny: argv=['G:\\TestManagementSystem\\Hosny-Management-System\\POS\\dist\\HosnyPOS.exe', '--smoke-import']
2026-08-31 21:00:30 INFO [MainThread] hosny: HosnyPOS smoke import ok
2026-08-31 23:30:43 INFO [MainThread] hosny: ============================================================
2026-08-31 23:30:43 INFO [MainThread] hosny: HosnyPOS-UNCONFIGURED starting up (frozen=True, pid=94936, cwd=G:\TestManagementSystem\Hosny-Management-System\POS, exe=G:\TestManagementSystem\Hosny-Management-System\POS\dist\HosnyPOS.exe, python=3.13.7 (tags/v3.13.7:bcee1c3, Aug 14 2025, 14:15:11) [MSC v.1944 64 bit (AMD64)], platform=Windows-11-10.0.22631-SP0, host=DESKTOP-8UI41OA, log=G:\TestManagementSystem\Hosny-Management-System\POS\dist\logs\HosnyPOS-UNCONFIGURED.log)
2026-08-31 23:30:43 INFO [MainThread] hosny: argv=['G:\\TestManagementSystem\\Hosny-Management-System\\POS\\dist\\HosnyPOS.exe', '--smoke-import']
2026-08-31 23:30:43 INFO [MainThread] hosny: HosnyPOS smoke import ok
2026-09-01 16:32:25 INFO [MainThread] hosny: ============================================================
2026-09-01 16:32:25 INFO [MainThread] hosny: HosnyPOS-UNCONFIGURED starting up (frozen=True, pid=11956, cwd=G:\TestManagementSystem\Hosny-Management-System\POS, exe=G:\TestManagementSystem\Hosny-Management-System\POS\dist\HosnyPOS.exe, python=3.13.7 (tags/v3.13.7:bcee1c3, Aug 14 2025, 14:15:11) [MSC v.1944 64 bit (AMD64)], platform=Windows-11-10.0.22631-SP0, host=DESKTOP-8UI41OA, log=G:\TestManagementSystem\Hosny-Management-System\POS\dist\logs\HosnyPOS-UNCONFIGURED.log)
2026-09-01 16:32:25 INFO [MainThread] hosny: argv=['G:\\TestManagementSystem\\Hosny-Management-System\\POS\\dist\\HosnyPOS.exe', '--smoke-import']
2026-09-01 16:32:25 INFO [MainThread] hosny: HosnyPOS smoke import ok
