2026-07-28 18:06:25 INFO hosny: ============================================================
2026-07-28 18:06:25 INFO hosny: HosnyPOS-UNCONFIGURED starting up (frozen=True, pid=41688, cwd=G:\TestManagementSystem\Hosny-Management-System\POS)
2026-07-28 19:38:56 INFO hosny: ============================================================
2026-07-28 19:38:56 INFO hosny: HosnyPOS-UNCONFIGURED starting up (frozen=True, pid=57164, cwd=G:\TestManagementSystem\Hosny-Management-System\POS)
2026-07-28 19:47:40 INFO hosny: ============================================================
2026-07-28 19:47:40 INFO hosny: HosnyPOS-UNCONFIGURED starting up (frozen=False, pid=61288, cwd=G:\TestManagementSystem\Hosny-Management-System\POS)
2026-07-28 19:47:40 INFO hosny: C:\Users\LENOVO\AppData\Local\Temp\codex_receipt_check.html
2026-07-28 19:47:40 INFO hosny: C:\Users\LENOVO\AppData\Local\Temp\codex_receipt_check_autoprint.html
2026-07-28 19:47:40 INFO hosny: {'page_80_auto': True, 'min_150': True, 'print_button': True, 'no_auto_onload_print': True}
2026-07-28 20:00:38 INFO hosny: ============================================================
2026-07-28 20:00:38 INFO hosny: HosnyPOS-UNCONFIGURED starting up (frozen=True, pid=47740, cwd=G:\TestManagementSystem\Hosny-Management-System\POS)
2026-08-17 17:34:54 INFO [MainThread] hosny: ============================================================
2026-08-17 17:34:54 INFO [MainThread] hosny: HosnyPOS-UNCONFIGURED starting up (frozen=True, pid=320576, cwd=G:\TestManagementSystem\Hosny-Management-System\POS, exe=G:\TestManagementSystem\Hosny-Management-System\POS\HosnyPOS.exe, python=3.13.7 (tags/v3.13.7:bcee1c3, Aug 14 2025, 14:15:11) [MSC v.1944 64 bit (AMD64)], platform=Windows-11-10.0.22631-SP0, host=DESKTOP-8UI41OA, log=G:\TestManagementSystem\Hosny-Management-System\POS\logs\HosnyPOS-UNCONFIGURED.log)
2026-08-17 17:34:54 INFO [MainThread] hosny: argv=['G:\\TestManagementSystem\\Hosny-Management-System\\POS\\HosnyPOS.exe']
2026-08-17 17:34:54 INFO [MainThread] hosny: context updated | {"app": "POS", "db_path": "G:\\TestManagementSystem\\Hosny-Management-System\\POS\\warehouse_data.sqlite3", "version": "2026.8.2.75"}
2026-08-17 17:34:54 INFO [MainThread] hosny: event=db.open.start | {"app": "POS", "db_path": "G:\\TestManagementSystem\\Hosny-Management-System\\POS\\warehouse_data.sqlite3", "exists": true, "size_bytes": 4096, "version": "2026.8.2.75"}
2026-08-17 17:34:54 INFO [MainThread] hosny: event=db.open.step | {"app": "POS", "db_path": "G:\\TestManagementSystem\\Hosny-Management-System\\POS\\warehouse_data.sqlite3", "step": "repair_stock_integrity.start", "version": "2026.8.2.75"}
2026-08-17 17:34:54 INFO [MainThread] hosny: event=db.open.step | {"app": "POS", "db_path": "G:\\TestManagementSystem\\Hosny-Management-System\\POS\\warehouse_data.sqlite3", "step": "repair_stock_integrity.done", "version": "2026.8.2.75"}
2026-08-17 17:34:54 INFO [MainThread] hosny: event=db.open.step | {"app": "POS", "db_path": "G:\\TestManagementSystem\\Hosny-Management-System\\POS\\warehouse_data.sqlite3", "step": "branch_catalog_visibility.start", "version": "2026.8.2.75"}
2026-08-17 17:34:54 INFO [MainThread] hosny: event=db.open.step | {"app": "POS", "db_path": "G:\\TestManagementSystem\\Hosny-Management-System\\POS\\warehouse_data.sqlite3", "result": {"created": 0, "inbox_specs": 0, "owned_specs": 0, "price_updates": 0, "stale_renamed_zero_cleanup": "manual_delete_definition_only", "stale_renamed_zero_rows": 0}, "step": "branch_catalog_visibility.done", "version": "2026.8.2.75"}
2026-08-17 17:34:54 INFO [MainThread] hosny: event=db.open.step | {"app": "POS", "db_path": "G:\\TestManagementSystem\\Hosny-Management-System\\POS\\warehouse_data.sqlite3", "reason": "deferred_after_startup", "repair_name": "repair_unsafe_spec_value_rename_damage", "skipped": true, "step": "repair_unsafe_spec_value_rename_damage.skipped", "version": "2026.8.2.75"}
2026-08-17 17:34:54 INFO [MainThread] hosny: event=db.open.step | {"app": "POS", "db_path": "G:\\TestManagementSystem\\Hosny-Management-System\\POS\\warehouse_data.sqlite3", "step": "repair_missing_branch_reclassification_counts.start", "version": "2026.8.2.75"}
2026-08-17 17:34:54 INFO [MainThread] hosny: event=db.open.step | {"app": "POS", "db_path": "G:\\TestManagementSystem\\Hosny-Management-System\\POS\\warehouse_data.sqlite3", "result": {"already_applied": 0, "events_checked": 0, "events_repaired": 0, "qty_restored": 0, "skipped_source_present": 0}, "step": "repair_missing_branch_reclassification_counts.done", "version": "2026.8.2.75"}
2026-08-17 17:34:54 INFO [MainThread] hosny: event=db.open.step | {"app": "POS", "db_path": "G:\\TestManagementSystem\\Hosny-Management-System\\POS\\warehouse_data.sqlite3", "result": {"reason": "snapshot_count_repairs_disabled", "repair_name": "repair_branch_group_general_school_counts_from_snapshots", "skipped": true}, "step": "repair_branch_group_general_school_counts.skipped", "version": "2026.8.2.75"}
2026-08-17 17:34:54 INFO [MainThread] hosny: event=db.open.step | {"app": "POS", "db_path": "G:\\TestManagementSystem\\Hosny-Management-System\\POS\\warehouse_data.sqlite3", "result": {"reason": "snapshot_count_repairs_disabled", "repair_name": "repair_stock_counts_from_snapshots", "skipped": true}, "step": "repair_stock_counts_from_snapshots.skipped", "version": "2026.8.2.75"}
2026-08-17 17:34:54 INFO [MainThread] hosny: event=db.open.step | {"app": "POS", "db_path": "G:\\TestManagementSystem\\Hosny-Management-System\\POS\\warehouse_data.sqlite3", "reason": "deferred_after_startup", "repair_name": "cleanup_unowned_branch_catalog_rows", "skipped": true, "step": "cleanup_unowned_branch_catalog_rows.skipped", "version": "2026.8.2.75"}
2026-08-17 17:34:54 INFO [MainThread] hosny: event=db.open.step | {"app": "POS", "db_path": "G:\\TestManagementSystem\\Hosny-Management-System\\POS\\warehouse_data.sqlite3", "step": "source_truth_reset.start", "version": "2026.8.2.75"}
2026-08-17 17:34:54 INFO [MainThread] hosny: event=db.open.step | {"app": "POS", "db_path": "G:\\TestManagementSystem\\Hosny-Management-System\\POS\\warehouse_data.sqlite3", "step": "source_truth_reset.done", "version": "2026.8.2.75"}
2026-08-17 17:34:54 INFO [MainThread] hosny: event=business.app_started | {"actor": "system", "app": "POS", "db_path": "G:\\TestManagementSystem\\Hosny-Management-System\\POS\\warehouse_data.sqlite3", "details": {"db_path": "G:\\TestManagementSystem\\Hosny-Management-System\\POS\\warehouse_data.sqlite3"}, "shift_id": null, "version": "2026.8.2.75"}
2026-08-17 17:34:54 INFO [MainThread] hosny: context updated | {"device_name": "POS-UNCONFIGURED"}
2026-08-17 17:34:54 INFO [MainThread] hosny: event=db.open.done | {"app": "POS", "branch_catalog_cleanup": {"reason": "deferred_after_startup", "repair_name": "cleanup_unowned_branch_catalog_rows", "skipped": true}, "branch_catalog_visibility": {"created": 0, "inbox_specs": 0, "owned_specs": 0, "price_updates": 0, "stale_renamed_zero_cleanup": "manual_delete_definition_only", "stale_renamed_zero_rows": 0}, "branch_group_school_repair": {"reason": "snapshot_count_repairs_disabled", "repair_name": "repair_branch_group_general_school_counts_from_snapshots", "skipped": true}, "branch_reclassification_repair": {"already_applied": 0, "events_checked": 0, "events_repaired": 0, "qty_restored": 0, "skipped_source_present": 0}, "db_path": "G:\\TestManagementSystem\\Hosny-Management-System\\POS\\warehouse_data.sqlite3", "device_name": "POS-UNCONFIGURED", "elapsed_ms": 91, "normalized_size_ranges": 0, "source_truth_reset": {"already_current": 1, "reset": 0}, "spec_rename_repair": {"reason": "deferred_after_startup", "repair_name": "repair_unsafe_spec_value_rename_damage", "skipped": true}, "stock_snapshot_count_repair": {"reason": "snapshot_count_repairs_disabled", "repair_name": "repair_stock_counts_from_snapshots", "skipped": true}, "version": "2026.8.2.75"}
2026-08-17 17:34:55 INFO [MainThread] hosny: event=sync.periodic.start | {"app": "POS", "db_path": "G:\\TestManagementSystem\\Hosny-Management-System\\POS\\warehouse_data.sqlite3", "device_name": "POS-UNCONFIGURED", "first_delay_ms": 224000, "version": "2026.8.2.75"}
