Using Python command: py -3
[1/2] Installing build dependencies...
Requirement already satisfied: pyinstaller in c:\users\lenovo\appdata\local\programs\python\python313\lib\site-packages (6.22.2)
Requirement already satisfied: certifi in c:\users\lenovo\appdata\local\programs\python\python313\lib\site-packages (2026.7.22)
Requirement already satisfied: openpyxl in c:\users\lenovo\appdata\local\programs\python\python313\lib\site-packages (3.1.5)
Requirement already satisfied: pywin32 in c:\users\lenovo\appdata\local\programs\python\python313\lib\site-packages (312)
Requirement already satisfied: altgraph in c:\users\lenovo\appdata\local\programs\python\python313\lib\site-packages (from pyinstaller) (0.17.5)
Requirement already satisfied: packaging>=22.0 in c:\users\lenovo\appdata\local\programs\python\python313\lib\site-packages (from pyinstaller) (26.2)
Requirement already satisfied: pefile>=2022.5.30 in c:\users\lenovo\appdata\local\programs\python\python313\lib\site-packages (from pyinstaller) (2024.8.26)
Requirement already satisfied: pyinstaller-hooks-contrib>=2026.6 in c:\users\lenovo\appdata\local\programs\python\python313\lib\site-packages (from pyinstaller) (2026.6)
Requirement already satisfied: pywin32-ctypes>=0.2.1 in c:\users\lenovo\appdata\local\programs\python\python313\lib\site-packages (from pyinstaller) (0.2.3)
Requirement already satisfied: setuptools>=42.0.0 in c:\users\lenovo\appdata\local\programs\python\python313\lib\site-packages (from pyinstaller) (82.0.1)
Requirement already satisfied: et-xmlfile in c:\users\lenovo\appdata\local\programs\python\python313\lib\site-packages (from openpyxl) (2.0.0)

[notice] A new release of pip is available: 25.2 -> 26.2.1
[notice] To update, run: python.exe -m pip install --upgrade pip
[2/2] Building HosnyPOS.exe...
494 INFO: PyInstaller: 6.22.2, contrib hooks: 2026.6
496 INFO: Python: 3.13.7
636 INFO: Platform: Windows-11-10.0.22631-SP0
636 INFO: Python environment: C:\Users\LENOVO\AppData\Local\Programs\Python\Python313
647 INFO: Removing temporary files and cleaning cache in C:\Users\LENOVO\AppData\Local\pyinstaller
686 INFO: Module search paths (PYTHONPATH):
['G:\\TestManagementSystem\\Hosny-Management-System\\POS',
 'C:\\Users\\LENOVO\\AppData\\Local\\Programs\\Python\\Python313\\python313.zip',
 'C:\\Users\\LENOVO\\AppData\\Local\\Programs\\Python\\Python313\\DLLs',
 'C:\\Users\\LENOVO\\AppData\\Local\\Programs\\Python\\Python313\\Lib',
 'C:\\Users\\LENOVO\\AppData\\Local\\Programs\\Python\\Python313',
 'C:\\Users\\LENOVO\\AppData\\Local\\Programs\\Python\\Python313\\Lib\\site-packages',
 'C:\\Users\\LENOVO\\AppData\\Local\\Programs\\Python\\Python313\\Lib\\site-packages\\win32',
 'C:\\Users\\LENOVO\\AppData\\Local\\Programs\\Python\\Python313\\Lib\\site-packages\\win32\\lib',
 'C:\\Users\\LENOVO\\AppData\\Local\\Programs\\Python\\Python313\\Lib\\site-packages\\pythonwin',
 'G:\\TestManagementSystem\\Hosny-Management-System\\POS']
1270 INFO: Appending 'datas' from .spec
1271 INFO: checking Analysis
1271 INFO: Building Analysis because Analysis-00.toc is non existent
1271 INFO: Looking for Python shared library...
1271 INFO: Using Python shared library: C:\Users\LENOVO\AppData\Local\Programs\Python\Python313\python313.dll
1271 INFO: Running Analysis Analysis-00.toc
1271 INFO: Target bytecode optimization level: 0
1271 INFO: Initializing module dependency graph...
1272 INFO: Initializing module graph hook caches...
1331 INFO: Analyzing modules for base_library.zip ...
3234 INFO: Processing standard module hook 'hook-math.py' from 'C:\\Users\\LENOVO\\AppData\\Local\\Programs\\Python\\Python313\\Lib\\site-packages\\PyInstaller\\hooks'
5608 INFO: Processing standard module hook 'hook-encodings.py' from 'C:\\Users\\LENOVO\\AppData\\Local\\Programs\\Python\\Python313\\Lib\\site-packages\\PyInstaller\\hooks'
10795 INFO: Processing standard module hook 'hook-pickle.py' from 'C:\\Users\\LENOVO\\AppData\\Local\\Programs\\Python\\Python313\\Lib\\site-packages\\PyInstaller\\hooks'
13218 INFO: Processing standard module hook 'hook-heapq.py' from 'C:\\Users\\LENOVO\\AppData\\Local\\Programs\\Python\\Python313\\Lib\\site-packages\\PyInstaller\\hooks'
14784 INFO: Caching module dependency graph...
14829 INFO: Analyzing G:\TestManagementSystem\Hosny-Management-System\POS\HosnyPOS.py
19846 INFO: Processing standard module hook 'hook-sqlite3.py' from 'C:\\Users\\LENOVO\\AppData\\Local\\Programs\\Python\\Python313\\Lib\\site-packages\\PyInstaller\\hooks'
21272 INFO: Processing standard module hook 'hook-webbrowser.py' from 'C:\\Users\\LENOVO\\AppData\\Local\\Programs\\Python\\Python313\\Lib\\site-packages\\PyInstaller\\hooks'
21356 INFO: Processing standard module hook 'hook-_ctypes.py' from 'C:\\Users\\LENOVO\\AppData\\Local\\Programs\\Python\\Python313\\Lib\\site-packages\\PyInstaller\\hooks'
21442 INFO: Processing standard module hook 'hook-platform.py' from 'C:\\Users\\LENOVO\\AppData\\Local\\Programs\\Python\\Python313\\Lib\\site-packages\\PyInstaller\\hooks'
21447 INFO: Processing pre-find-module-path hook 'hook-tkinter.py' from 'C:\\Users\\LENOVO\\AppData\\Local\\Programs\\Python\\Python313\\Lib\\site-packages\\PyInstaller\\hooks\\pre_find_module_path'
21448 INFO: TclTkInfo: initializing cached Tcl/Tk info...
22988 INFO: Processing standard module hook 'hook-_tkinter.py' from 'C:\\Users\\LENOVO\\AppData\\Local\\Programs\\Python\\Python313\\Lib\\site-packages\\PyInstaller\\hooks'
24839 INFO: Processing standard module hook 'hook-openpyxl.py' from 'C:\\Users\\LENOVO\\AppData\\Local\\Programs\\Python\\Python313\\Lib\\site-packages\\_pyinstaller_hooks_contrib\\stdhooks'
25912 INFO: Processing standard module hook 'hook-xml.py' from 'C:\\Users\\LENOVO\\AppData\\Local\\Programs\\Python\\Python313\\Lib\\site-packages\\PyInstaller\\hooks'
26133 INFO: Processing standard module hook 'hook-xml.etree.cElementTree.py' from 'C:\\Users\\LENOVO\\AppData\\Local\\Programs\\Python\\Python313\\Lib\\site-packages\\PyInstaller\\hooks'
28546 INFO: Processing pre-safe-import-module hook 'hook-win32com.py' from 'C:\\Users\\LENOVO\\AppData\\Local\\Programs\\Python\\Python313\\Lib\\site-packages\\_pyinstaller_hooks_contrib\\pre_safe_import_module'
28758 INFO: Processing standard module hook 'hook-win32com.py' from 'C:\\Users\\LENOVO\\AppData\\Local\\Programs\\Python\\Python313\\Lib\\site-packages\\_pyinstaller_hooks_contrib\\stdhooks'
28760 INFO: Processing standard module hook 'hook-pythoncom.py' from 'C:\\Users\\LENOVO\\AppData\\Local\\Programs\\Python\\Python313\\Lib\\site-packages\\_pyinstaller_hooks_contrib\\stdhooks'
29226 INFO: Processing standard module hook 'hook-pywintypes.py' from 'C:\\Users\\LENOVO\\AppData\\Local\\Programs\\Python\\Python313\\Lib\\site-packages\\_pyinstaller_hooks_contrib\\stdhooks'
31798 INFO: Processing standard module hook 'hook-certifi.py' from 'C:\\Users\\LENOVO\\AppData\\Local\\Programs\\Python\\Python313\\Lib\\site-packages\\_pyinstaller_hooks_contrib\\stdhooks'
32153 INFO: Processing module hooks (post-graph stage)...
32454 INFO: Processing standard module hook 'hook-_tkinter.py' from 'C:\\Users\\LENOVO\\AppData\\Local\\Programs\\Python\\Python313\\Lib\\site-packages\\PyInstaller\\hooks'
32483 INFO: Performing binary vs. data reclassification (932 entries)
32814 INFO: Looking for ctypes DLLs
32874 INFO: Analyzing run-time hooks ...
32878 INFO: Including run-time hook 'pyi_rth_inspect.py' from 'C:\\Users\\LENOVO\\AppData\\Local\\Programs\\Python\\Python313\\Lib\\site-packages\\PyInstaller\\hooks\\rthooks'
32894 INFO: Including run-time hook 'pyi_rth_pywintypes.py' from 'C:\\Users\\LENOVO\\AppData\\Local\\Programs\\Python\\Python313\\Lib\\site-packages\\_pyinstaller_hooks_contrib\\rthooks'
32899 INFO: Including run-time hook 'pyi_rth_pythoncom.py' from 'C:\\Users\\LENOVO\\AppData\\Local\\Programs\\Python\\Python313\\Lib\\site-packages\\_pyinstaller_hooks_contrib\\rthooks'
32906 INFO: Including run-time hook 'pyi_rth__tkinter.py' from 'C:\\Users\\LENOVO\\AppData\\Local\\Programs\\Python\\Python313\\Lib\\site-packages\\PyInstaller\\hooks\\rthooks'
33172 INFO: Creating base_library.zip...
33332 INFO: Looking for dynamic libraries
34466 INFO: Extra DLL search directories (AddDllDirectory): []
34472 INFO: Extra DLL search directories (PATH): []
35529 INFO: Warnings written to G:\TestManagementSystem\Hosny-Management-System\POS\build\HosnyPOS\warn-HosnyPOS.txt
35571 INFO: Graph cross-reference written to G:\TestManagementSystem\Hosny-Management-System\POS\build\HosnyPOS\xref-HosnyPOS.html
35645 INFO: checking PYZ
35645 INFO: Building PYZ because PYZ-00.toc is non existent
35646 INFO: Building PYZ (ZlibArchive) G:\TestManagementSystem\Hosny-Management-System\POS\build\HosnyPOS\PYZ-00.pyz
36113 INFO: Building PYZ (ZlibArchive) G:\TestManagementSystem\Hosny-Management-System\POS\build\HosnyPOS\PYZ-00.pyz completed successfully.
36304 INFO: checking PKG
36304 INFO: Building PKG because PKG-00.toc is non existent
36305 INFO: Building PKG (CArchive) HosnyPOS.pkg
42842 INFO: Building PKG (CArchive) HosnyPOS.pkg completed successfully.
42890 INFO: Bootloader C:\Users\LENOVO\AppData\Local\Programs\Python\Python313\Lib\site-packages\PyInstaller\bootloader\Windows-64bit-intel\run.exe
42890 INFO: checking EXE
42890 INFO: Building EXE because EXE-00.toc is non existent
42890 INFO: Building EXE from EXE-00.toc
42891 INFO: Copying bootloader EXE to G:\TestManagementSystem\Hosny-Management-System\POS\dist\HosnyPOS.exe
42995 INFO: Copying icon to EXE
43032 INFO: Copying 0 resources to EXE
43032 INFO: Embedding manifest in EXE
43077 INFO: Appending PKG archive to EXE
43334 INFO: Fixing EXE headers
43843 INFO: Building EXE from EXE-00.toc completed successfully.
43875 INFO: Build complete! The results are available in: G:\TestManagementSystem\Hosny-Management-System\POS\dist
Copying CA bundle beside HosnyPOS.exe...
Verifying generated executable can start...

Build completed successfully.
Output: "G:\TestManagementSystem\Hosny-Management-System\POS\dist"
Running G:\TestManagementSystem\Hosny-Management-System\POS\build_pos.bat

