2026-04-21 16:05:45 INFO hosny: ============================================================
2026-04-21 16:05:45 INFO hosny: HosnyWarehouse starting up (frozen=True, pid=25268, cwd=C:\Users\youssef.sherif\Downloads\ادارة المخازن\ادارة المخازن)
2026-04-22 12:36:51 INFO hosny: ============================================================
2026-04-22 12:36:51 INFO hosny: HosnyWarehouse starting up (frozen=True, pid=41636, cwd=C:\Users\youssef.sherif\Downloads\ادارة المخازن\ادارة المخازن)
2026-04-22 16:39:00 INFO hosny: ============================================================
2026-04-22 16:39:00 INFO hosny: HosnyWarehouse starting up (frozen=True, pid=33620, cwd=C:\Users\youssef.sherif\Downloads\ادارة المخازن\ادارة المخازن)
2026-04-22 17:06:12 INFO hosny: ============================================================
2026-04-22 17:06:12 INFO hosny: HosnyWarehouse starting up (frozen=True, pid=10260, cwd=C:\Users\youssef.sherif\Downloads\ادارة المخازن\ادارة المخازن)
2026-04-23 10:57:01 INFO hosny: ============================================================
2026-04-23 10:57:01 INFO hosny: HosnyWarehouse starting up (frozen=True, pid=21868, cwd=C:\Users\youssef.sherif\Downloads\ادارة المخازن\ادارة المخازن)
2026-04-23 11:38:51 INFO hosny: ============================================================
2026-04-23 11:38:51 INFO hosny: HosnyWarehouse starting up (frozen=True, pid=23432, cwd=C:\Users\youssef.sherif\Downloads\ادارة المخازن\ادارة المخازن)
2026-04-23 11:38:52 ERROR hosny: UNCAUGHT EXCEPTION
Traceback (most recent call last):
  File "HosnyWarehouse.py", line 12109, in <module>
    main()
  File "HosnyWarehouse.py", line 12104, in main
    app = WarehouseApp()
          ^^^^^^^^^^^^^^
  File "HosnyWarehouse.py", line 11555, in __init__
    self._build()
  File "HosnyWarehouse.py", line 11822, in _build
    menubar = tk.Menu(self)
              ^^^^^^^^^^^^^
  File "tkinter\__init__.py", line 3379, in __init__
  File "tkinter\__init__.py", line 2661, in __init__
_tkinter.TclError: expected integer but got "UI"
2026-04-23 11:44:19 INFO hosny: ============================================================
2026-04-23 11:44:19 INFO hosny: HosnyWarehouse starting up (frozen=True, pid=3060, cwd=C:\Users\youssef.sherif\Downloads\ادارة المخازن\ادارة المخازن)
2026-04-23 11:53:09 INFO hosny: ============================================================
2026-04-23 11:53:09 INFO hosny: HosnyWarehouse starting up (frozen=True, pid=18916, cwd=C:\Users\youssef.sherif\Downloads\ادارة المخازن\ادارة المخازن)
2026-04-23 12:07:48 INFO hosny: ============================================================
2026-04-23 12:07:48 INFO hosny: HosnyWarehouse starting up (frozen=True, pid=12224, cwd=C:\Users\youssef.sherif\Downloads\ادارة المخازن\ادارة المخازن)
2026-04-23 16:07:00 INFO hosny: ============================================================
2026-04-23 16:07:00 INFO hosny: HosnyWarehouse starting up (frozen=True, pid=27012, cwd=C:\Users\youssef.sherif\Downloads\ادارة المخازن\ادارة المخازن)
2026-04-27 14:05:02 INFO hosny: ============================================================
2026-04-27 14:05:02 INFO hosny: HosnyWarehouse starting up (frozen=True, pid=35816, cwd=C:\Users\youssef.sherif\Downloads\ادارة المخازن\ادارة المخازن)
2026-04-27 14:33:40 INFO hosny: ============================================================
2026-04-27 14:33:40 INFO hosny: HosnyWarehouse starting up (frozen=True, pid=12040, cwd=C:\Users\youssef.sherif\Downloads\ادارة المخازن\ادارة المخازن)
2026-05-13 01:04:32 INFO hosny: ============================================================
2026-05-13 01:04:32 INFO hosny: HosnyWarehouse starting up (frozen=True, pid=52740, cwd=G:\TestManagementSystem\Hosny-Management-System\ادارة المخازن)
2026-05-13 01:10:04 INFO hosny: ============================================================
2026-05-13 01:10:04 INFO hosny: HosnyWarehouse starting up (frozen=True, pid=47616, cwd=G:\TestManagementSystem\Hosny-Management-System\ادارة المخازن)
2026-05-13 02:18:33 INFO hosny: ============================================================
2026-05-13 02:18:33 INFO hosny: HosnyWarehouse starting up (frozen=True, pid=44824, cwd=G:\TestManagementSystem\Hosny-Management-System\ادارة المخازن)
2026-05-31 19:12:44 INFO hosny: ============================================================
2026-05-31 19:12:44 INFO hosny: HosnyWarehouse starting up (frozen=True, pid=17036, cwd=G:\TestManagementSystem\Hosny-Management-System\ادارة المخازن)
2026-06-03 15:55:45 INFO hosny: ============================================================
2026-06-03 15:55:45 INFO hosny: HosnyWarehouse starting up (frozen=True, pid=29640, cwd=G:\TestManagementSystem\Hosny-Management-System\ادارة المخازن)
2026-06-03 15:55:48 ERROR hosny: UNCAUGHT EXCEPTION
Traceback (most recent call last):
  File "HosnyWarehouse.py", line 12341, in <module>
    main()
    ~~~~^^
  File "HosnyWarehouse.py", line 12336, in main
    app = WarehouseApp()
  File "HosnyWarehouse.py", line 11771, in __init__
    self._build()
    ~~~~~~~~~~~^^
  File "HosnyWarehouse.py", line 12199, in _build
    self._school_accounts = SchoolAccountsFrame(self.notebook, self.db)
                            ~~~~~~~~~~~~~~~~~~~^^^^^^^^^^^^^^^^^^^^^^^^
  File "HosnyWarehouse.py", line 11134, in __init__
    self._refresh()
    ~~~~~~~~~~~~~^^
  File "HosnyWarehouse.py", line 11203, in _refresh
    rows = self.db.get_school_accounts_report(
        self._selected_schools or self.db.list_schools_all(),
        date_from=self.df.get() or None,
        date_to=self.dt.get() or None,
    )
  File "HosnyWarehouse.py", line 1157, in get_school_accounts_report
    cur.execute(
    ~~~~~~~~~~~^
        f"""
        ^^^^
    ...<13 lines>...
        args,
        ^^^^^
    )
    ^
sqlite3.OperationalError: no such column: b.bill_type
2026-06-03 16:02:04 INFO hosny: ============================================================
2026-06-03 16:02:04 INFO hosny: HosnyWarehouse starting up (frozen=True, pid=11040, cwd=G:\TestManagementSystem\Hosny-Management-System\ادارة المخازن)
2026-06-03 16:02:06 ERROR hosny: UNCAUGHT EXCEPTION
Traceback (most recent call last):
  File "HosnyWarehouse.py", line 12341, in <module>
    main()
    ~~~~^^
  File "HosnyWarehouse.py", line 12336, in main
    app = WarehouseApp()
  File "HosnyWarehouse.py", line 11771, in __init__
    self._build()
    ~~~~~~~~~~~^^
  File "HosnyWarehouse.py", line 12199, in _build
    self._school_accounts = SchoolAccountsFrame(self.notebook, self.db)
                            ~~~~~~~~~~~~~~~~~~~^^^^^^^^^^^^^^^^^^^^^^^^
  File "HosnyWarehouse.py", line 11134, in __init__
    self._refresh()
    ~~~~~~~~~~~~~^^
  File "HosnyWarehouse.py", line 11203, in _refresh
    rows = self.db.get_school_accounts_report(
        self._selected_schools or self.db.list_schools_all(),
        date_from=self.df.get() or None,
        date_to=self.dt.get() or None,
    )
  File "HosnyWarehouse.py", line 1157, in get_school_accounts_report
    cur.execute(
    ~~~~~~~~~~~^
        f"""
        ^^^^
    ...<13 lines>...
        args,
        ^^^^^
    )
    ^
sqlite3.OperationalError: no such column: b.bill_type
2026-06-03 16:03:38 INFO hosny: ============================================================
2026-06-03 16:03:38 INFO hosny: HosnyWarehouse starting up (frozen=False, pid=27932, cwd=G:\TestManagementSystem\Hosny-Management-System\ادارة المخازن)
2026-06-03 16:03:38 INFO hosny: [(0, 'id', 'INTEGER', 0, None, 1), (1, 'created_at', 'TEXT', 1, None, 0), (2, 'customer', 'TEXT', 0, None, 0), (3, 'total', 'REAL', 1, None, 0), (4, 'status', 'TEXT', 1, "'CONFIRMED'", 0), (5, 'uuid', 'TEXT', 0, None, 0), (6, 'bill_type', 'TEXT', 1, "'SALE'", 0)]
2026-06-03 16:53:02 INFO hosny: ============================================================
2026-06-03 16:53:02 INFO hosny: HosnyWarehouse starting up (frozen=True, pid=21512, cwd=G:\TestManagementSystem\Hosny-Management-System\ادارة المخازن)
2026-06-04 10:28:55 INFO hosny: ============================================================
2026-06-04 10:28:55 INFO hosny: HosnyWarehouse starting up (frozen=True, pid=13896, cwd=G:\TestManagementSystem\Hosny-Management-System\ادارة المخازن)
2026-06-04 10:29:08 ERROR hosny: TK CALLBACK EXCEPTION
Traceback (most recent call last):
  File "tkinter\__init__.py", line 2074, in __call__
  File "HosnyWarehouse.py", line 11222, in _pick_schools
    result = dlg.show()
             ^^^^^^^^
AttributeError: 'MultiSelectDialog' object has no attribute 'show'
2026-06-04 10:30:11 ERROR hosny: TK CALLBACK EXCEPTION
Traceback (most recent call last):
  File "tkinter\__init__.py", line 2074, in __call__
  File "HosnyWarehouse.py", line 11222, in _pick_schools
    result = dlg.show()
             ^^^^^^^^
AttributeError: 'MultiSelectDialog' object has no attribute 'show'
2026-06-04 10:30:54 ERROR hosny: TK CALLBACK EXCEPTION
Traceback (most recent call last):
  File "tkinter\__init__.py", line 2074, in __call__
  File "HosnyWarehouse.py", line 11222, in _pick_schools
    result = dlg.show()
             ^^^^^^^^
AttributeError: 'MultiSelectDialog' object has no attribute 'show'
2026-06-08 12:59:56 INFO hosny: ============================================================
2026-06-08 12:59:56 INFO hosny: HosnyWarehouse starting up (frozen=True, pid=22736, cwd=G:\TestManagementSystem\Hosny-Management-System\ادارة المخازن)
2026-06-08 15:46:36 INFO hosny: ============================================================
2026-06-08 15:46:36 INFO hosny: HosnyWarehouse starting up (frozen=True, pid=20008, cwd=G:\TestManagementSystem\Hosny-Management-System\ادارة المخازن)
2026-06-08 16:12:11 INFO hosny: ============================================================
2026-06-08 16:12:11 INFO hosny: HosnyWarehouse starting up (frozen=True, pid=31220, cwd=G:\TestManagementSystem\Hosny-Management-System\ادارة المخازن)
2026-06-08 16:33:17 INFO hosny: ============================================================
2026-06-08 16:33:17 INFO hosny: HosnyWarehouse starting up (frozen=True, pid=20776, cwd=G:\TestManagementSystem\Hosny-Management-System\ادارة المخازن)
2026-06-08 16:45:34 ERROR hosny: TK CALLBACK EXCEPTION
Traceback (most recent call last):
  File "tkinter\__init__.py", line 2074, in __call__
  File "tkinter\__init__.py", line 862, in callit
  File "HosnyWarehouse.py", line 4677, in _maybe_close_after_blur
    if self._opened and not self._mouse_inside_popup and self.focus_get() is not self.cb:
                                                         ~~~~~~~~~~~~~~^^
  File "tkinter\__init__.py", line 806, in focus_get
  File "tkinter\__init__.py", line 1677, in nametowidget
KeyError: 'popdown'
2026-06-08 16:45:40 ERROR hosny: TK CALLBACK EXCEPTION
Traceback (most recent call last):
  File "tkinter\__init__.py", line 2074, in __call__
  File "tkinter\__init__.py", line 862, in callit
  File "HosnyWarehouse.py", line 4677, in _maybe_close_after_blur
    if self._opened and not self._mouse_inside_popup and self.focus_get() is not self.cb:
                                                         ~~~~~~~~~~~~~~^^
  File "tkinter\__init__.py", line 806, in focus_get
  File "tkinter\__init__.py", line 1677, in nametowidget
KeyError: 'popdown'
2026-06-09 15:41:16 INFO hosny: ============================================================
2026-06-09 15:41:16 INFO hosny: HosnyWarehouse starting up (frozen=True, pid=4336, cwd=G:\TestManagementSystem\Hosny-Management-System\ادارة المخازن)
2026-06-09 15:41:16 INFO hosny: ============================================================
2026-06-09 15:41:16 INFO hosny: HosnyWarehouse starting up (frozen=True, pid=5752, cwd=G:\TestManagementSystem\Hosny-Management-System\ادارة المخازن)
2026-06-09 15:43:36 INFO hosny: ============================================================
2026-06-09 15:43:36 INFO hosny: HosnyWarehouse starting up (frozen=True, pid=4080, cwd=G:\TestManagementSystem\Hosny-Management-System\ادارة المخازن)
2026-06-09 15:46:41 INFO hosny: ============================================================
2026-06-09 15:46:41 INFO hosny: HosnyWarehouse starting up (frozen=True, pid=5148, cwd=G:\TestManagementSystem\Hosny-Management-System\ادارة المخازن)
2026-06-09 16:04:54 INFO hosny: ============================================================
2026-06-09 16:04:54 INFO hosny: HosnyWarehouse starting up (frozen=True, pid=13536, cwd=G:\TestManagementSystem\Hosny-Management-System\ادارة المخازن)
2026-06-09 17:30:15 INFO hosny: ============================================================
2026-06-09 17:30:15 INFO hosny: HosnyWarehouse starting up (frozen=True, pid=18220, cwd=G:\TestManagementSystem\Hosny-Management-System\ادارة المخازن)
2026-06-09 17:41:30 INFO hosny: ============================================================
2026-06-09 17:41:30 INFO hosny: HosnyWarehouse starting up (frozen=True, pid=22176, cwd=G:\TestManagementSystem\Hosny-Management-System\ادارة المخازن)
2026-06-09 17:53:06 INFO hosny: ============================================================
2026-06-09 17:53:06 INFO hosny: HosnyWarehouse starting up (frozen=True, pid=7240, cwd=G:\TestManagementSystem\Hosny-Management-System\ادارة المخازن)
2026-06-14 14:19:03 INFO hosny: ============================================================
2026-06-14 14:19:03 INFO hosny: HosnyWarehouse starting up (frozen=True, pid=4372, cwd=G:\TestManagementSystem\Hosny-Management-System\ادارة المخازن)
2026-06-14 14:22:31 INFO hosny: ============================================================
2026-06-14 14:22:31 INFO hosny: HosnyWarehouse starting up (frozen=True, pid=4824, cwd=G:\TestManagementSystem\Hosny-Management-System\ادارة المخازن)
2026-06-14 14:40:43 INFO hosny: ============================================================
2026-06-14 14:40:43 INFO hosny: HosnyWarehouse starting up (frozen=True, pid=16312, cwd=G:\TestManagementSystem\Hosny-Management-System\ادارة المخازن)
2026-06-14 14:57:36 INFO hosny: ============================================================
2026-06-14 14:57:36 INFO hosny: HosnyWarehouse starting up (frozen=True, pid=9828, cwd=G:\TestManagementSystem\Hosny-Management-System\ادارة المخازن)
2026-06-14 15:25:43 INFO hosny: ============================================================
2026-06-14 15:25:43 INFO hosny: HosnyWarehouse starting up (frozen=True, pid=18116, cwd=G:\TestManagementSystem\Hosny-Management-System\ادارة المخازن)
2026-06-14 15:59:32 INFO hosny: ============================================================
2026-06-14 15:59:32 INFO hosny: HosnyWarehouse starting up (frozen=True, pid=20040, cwd=G:\TestManagementSystem\Hosny-Management-System\ادارة المخازن)
2026-06-14 16:05:06 INFO hosny: ============================================================
2026-06-14 16:05:06 INFO hosny: HosnyWarehouse starting up (frozen=True, pid=21204, cwd=G:\TestManagementSystem\Hosny-Management-System\ادارة المخازن)
2026-06-14 16:22:34 INFO hosny: ============================================================
2026-06-14 16:22:34 INFO hosny: HosnyWarehouse starting up (frozen=True, pid=3944, cwd=G:\TestManagementSystem\Hosny-Management-System\ادارة المخازن)
2026-06-14 16:25:25 INFO hosny: ============================================================
2026-06-14 16:25:25 INFO hosny: HosnyWarehouse starting up (frozen=True, pid=17468, cwd=G:\TestManagementSystem\Hosny-Management-System\ادارة المخازن)
2026-06-14 16:29:53 INFO hosny: ============================================================
2026-06-14 16:29:53 INFO hosny: HosnyWarehouse starting up (frozen=True, pid=21676, cwd=G:\TestManagementSystem\Hosny-Management-System\ادارة المخازن)
2026-06-14 19:38:31 INFO hosny: ============================================================
2026-06-14 19:38:31 INFO hosny: HosnyWarehouse starting up (frozen=True, pid=28568, cwd=G:\TestManagementSystem\Hosny-Management-System\ادارة المخازن)
2026-06-25 19:24:28 INFO hosny: ============================================================
2026-06-25 19:24:28 INFO hosny: HosnyWarehouse starting up (frozen=True, pid=29168, cwd=G:\TestManagementSystem\Hosny-Management-System\ادارة المخازن)
2026-06-29 13:20:00 INFO hosny: ============================================================
2026-06-29 13:20:00 INFO hosny: HosnyWarehouse starting up (frozen=True, pid=26688, cwd=G:\TestManagementSystem\Hosny-Management-System\ادارة المخازن)
2026-06-29 18:24:13 INFO hosny: ============================================================
2026-06-29 18:24:13 INFO hosny: HosnyWarehouse starting up (frozen=True, pid=35808, cwd=G:\TestManagementSystem\Hosny-Management-System\ادارة المخازن)
2026-06-29 18:24:14 INFO hosny: ============================================================
2026-06-29 18:24:14 INFO hosny: HosnyWarehouse starting up (frozen=True, pid=7248, cwd=G:\TestManagementSystem\Hosny-Management-System\ادارة المخازن)
2026-07-05 12:10:31 INFO hosny: ============================================================
2026-07-05 12:10:31 INFO hosny: HosnyWarehouse starting up (frozen=True, pid=48160, cwd=G:\TestManagementSystem\Hosny-Management-System\ادارة المخازن)
2026-07-05 14:50:05 INFO hosny: ============================================================
2026-07-05 14:50:05 INFO hosny: HosnyWarehouse starting up (frozen=True, pid=54960, cwd=G:\TestManagementSystem\Hosny-Management-System\ادارة المخازن)
2026-07-05 15:00:17 ERROR hosny: TK CALLBACK EXCEPTION
Traceback (most recent call last):
  File "tkinter\__init__.py", line 2074, in __call__
  File "HosnyWarehouse.py", line 9970, in _edit_price_dialog
    current_price = float(first[8])
ValueError: could not convert string to float: '\u200e315\u200e'
2026-07-05 15:00:31 ERROR hosny: TK CALLBACK EXCEPTION
Traceback (most recent call last):
  File "tkinter\__init__.py", line 2074, in __call__
  File "HosnyWarehouse.py", line 9970, in _edit_price_dialog
    current_price = float(first[8])
ValueError: could not convert string to float: '\u200e315\u200e'

During handling of the above exception, another exception occurred:

Traceback (most recent call last):
  File "tkinter\__init__.py", line 2074, in __call__
  File "HosnyWarehouse.py", line 9970, in _edit_price_dialog
    current_price = float(first[8])
ValueError: could not convert string to float: '\u200e315\u200e'
2026-07-05 15:00:35 ERROR hosny: TK CALLBACK EXCEPTION
Traceback (most recent call last):
  File "tkinter\__init__.py", line 2074, in __call__
  File "HosnyWarehouse.py", line 9970, in _edit_price_dialog
    current_price = float(first[8])
ValueError: could not convert string to float: '\u200e315\u200e'
2026-07-05 15:00:38 ERROR hosny: TK CALLBACK EXCEPTION
Traceback (most recent call last):
  File "tkinter\__init__.py", line 2074, in __call__
  File "HosnyWarehouse.py", line 9970, in _edit_price_dialog
    current_price = float(first[8])
ValueError: could not convert string to float: '\u200e315\u200e'
2026-07-05 15:00:41 ERROR hosny: TK CALLBACK EXCEPTION
Traceback (most recent call last):
  File "tkinter\__init__.py", line 2074, in __call__
  File "HosnyWarehouse.py", line 9970, in _edit_price_dialog
    current_price = float(first[8])
ValueError: could not convert string to float: '\u200e315\u200e'
2026-07-05 15:00:41 ERROR hosny: TK CALLBACK EXCEPTION
Traceback (most recent call last):
  File "tkinter\__init__.py", line 2074, in __call__
  File "HosnyWarehouse.py", line 9970, in _edit_price_dialog
    current_price = float(first[8])
ValueError: could not convert string to float: '\u200e315\u200e'
2026-07-05 15:00:45 ERROR hosny: TK CALLBACK EXCEPTION
Traceback (most recent call last):
  File "tkinter\__init__.py", line 2074, in __call__
  File "HosnyWarehouse.py", line 9970, in _edit_price_dialog
    current_price = float(first[8])
ValueError: could not convert string to float: '\u200e315\u200e'
2026-07-05 15:01:09 ERROR hosny: TK CALLBACK EXCEPTION
Traceback (most recent call last):
  File "tkinter\__init__.py", line 2074, in __call__
  File "HosnyWarehouse.py", line 9970, in _edit_price_dialog
    current_price = float(first[8])
ValueError: could not convert string to float: '\u200e235\u200e'
2026-07-05 15:01:10 ERROR hosny: TK CALLBACK EXCEPTION
Traceback (most recent call last):
  File "tkinter\__init__.py", line 2074, in __call__
  File "HosnyWarehouse.py", line 9970, in _edit_price_dialog
    current_price = float(first[8])
ValueError: could not convert string to float: '\u200e235\u200e'
2026-07-05 15:01:10 ERROR hosny: TK CALLBACK EXCEPTION
Traceback (most recent call last):
  File "tkinter\__init__.py", line 2074, in __call__
  File "HosnyWarehouse.py", line 9970, in _edit_price_dialog
    current_price = float(first[8])
ValueError: could not convert string to float: '\u200e235\u200e'
2026-07-05 15:01:12 ERROR hosny: TK CALLBACK EXCEPTION
Traceback (most recent call last):
  File "tkinter\__init__.py", line 2074, in __call__
  File "HosnyWarehouse.py", line 10241, in _edit_specs_dialog
    ids.append(int(vals[0]))
               ~~~^^^^^^^^^
ValueError: invalid literal for int() with base 10: '\u200e614\u200e'
2026-07-05 15:01:13 ERROR hosny: TK CALLBACK EXCEPTION
Traceback (most recent call last):
  File "tkinter\__init__.py", line 2074, in __call__
  File "HosnyWarehouse.py", line 10241, in _edit_specs_dialog
    ids.append(int(vals[0]))
               ~~~^^^^^^^^^
ValueError: invalid literal for int() with base 10: '\u200e614\u200e'
2026-07-05 15:01:13 ERROR hosny: TK CALLBACK EXCEPTION
Traceback (most recent call last):
  File "tkinter\__init__.py", line 2074, in __call__
  File "HosnyWarehouse.py", line 10241, in _edit_specs_dialog
    ids.append(int(vals[0]))
               ~~~^^^^^^^^^
ValueError: invalid literal for int() with base 10: '\u200e614\u200e'
2026-07-05 15:01:20 ERROR hosny: TK CALLBACK EXCEPTION
Traceback (most recent call last):
  File "tkinter\__init__.py", line 2074, in __call__
  File "HosnyWarehouse.py", line 9970, in _edit_price_dialog
    current_price = float(first[8])
ValueError: could not convert string to float: '\u200e205\u200e'
2026-07-05 15:01:21 ERROR hosny: TK CALLBACK EXCEPTION
Traceback (most recent call last):
  File "tkinter\__init__.py", line 2074, in __call__
  File "HosnyWarehouse.py", line 9970, in _edit_price_dialog
    current_price = float(first[8])
ValueError: could not convert string to float: '\u200e205\u200e'
2026-07-05 15:01:21 ERROR hosny: TK CALLBACK EXCEPTION
Traceback (most recent call last):
  File "tkinter\__init__.py", line 2074, in __call__
  File "HosnyWarehouse.py", line 9970, in _edit_price_dialog
    current_price = float(first[8])
ValueError: could not convert string to float: '\u200e205\u200e'
2026-07-05 15:33:31 INFO hosny: ============================================================
2026-07-05 15:33:31 INFO hosny: HosnyWarehouse starting up (frozen=True, pid=50908, cwd=G:\TestManagementSystem\Hosny-Management-System\ادارة المخازن)
2026-07-14 22:28:55 INFO hosny: ============================================================
2026-07-14 22:28:55 INFO hosny: HosnyWarehouse starting up (frozen=True, pid=46296, cwd=G:\TestManagementSystem\Hosny-Management-System\ادارة المخازن)
2026-07-15 08:23:07 ERROR hosny: TK CALLBACK EXCEPTION
Traceback (most recent call last):
  File "tkinter\__init__.py", line 2074, in __call__
  File "HosnyWarehouse.py", line 10252, in _edit_specs_dialog
    ids.append(int(vals[0]))
               ~~~^^^^^^^^^
ValueError: invalid literal for int() with base 10: '\u200e264\u200e'
2026-07-19 19:59:54 INFO hosny: ============================================================
2026-07-19 19:59:54 INFO hosny: HosnyWarehouse starting up (frozen=True, pid=11944, cwd=G:\TestManagementSystem\Hosny-Management-System\ادارة المخازن)
2026-07-19 20:28:18 INFO hosny: ============================================================
2026-07-19 20:28:18 INFO hosny: HosnyWarehouse starting up (frozen=True, pid=13692, cwd=G:\TestManagementSystem\Hosny-Management-System\ادارة المخازن)
2026-07-21 18:12:16 ERROR hosny: TK CALLBACK EXCEPTION
Traceback (most recent call last):
  File "tkinter\__init__.py", line 2074, in __call__
  File "HosnyWarehouse.py", line 10252, in _edit_specs_dialog
    ids.append(int(vals[0]))
               ~~~^^^^^^^^^
ValueError: invalid literal for int() with base 10: '\u200e1720\u200e'
2026-07-21 18:12:24 ERROR hosny: TK CALLBACK EXCEPTION
Traceback (most recent call last):
  File "tkinter\__init__.py", line 2074, in __call__
  File "HosnyWarehouse.py", line 10252, in _edit_specs_dialog
    ids.append(int(vals[0]))
               ~~~^^^^^^^^^
ValueError: invalid literal for int() with base 10: '\u200e1720\u200e'
2026-07-21 18:12:27 ERROR hosny: TK CALLBACK EXCEPTION
Traceback (most recent call last):
  File "tkinter\__init__.py", line 2074, in __call__
  File "HosnyWarehouse.py", line 10252, in _edit_specs_dialog
    ids.append(int(vals[0]))
               ~~~^^^^^^^^^
ValueError: invalid literal for int() with base 10: '\u200e1720\u200e'
2026-07-21 18:12:28 ERROR hosny: TK CALLBACK EXCEPTION
Traceback (most recent call last):
  File "tkinter\__init__.py", line 2074, in __call__
  File "HosnyWarehouse.py", line 10252, in _edit_specs_dialog
    ids.append(int(vals[0]))
               ~~~^^^^^^^^^
ValueError: invalid literal for int() with base 10: '\u200e1720\u200e'
2026-07-21 18:12:29 ERROR hosny: TK CALLBACK EXCEPTION
Traceback (most recent call last):
  File "tkinter\__init__.py", line 2074, in __call__
  File "HosnyWarehouse.py", line 10252, in _edit_specs_dialog
    ids.append(int(vals[0]))
               ~~~^^^^^^^^^
ValueError: invalid literal for int() with base 10: '\u200e1720\u200e'
2026-07-21 18:12:29 ERROR hosny: TK CALLBACK EXCEPTION
Traceback (most recent call last):
  File "tkinter\__init__.py", line 2074, in __call__
  File "HosnyWarehouse.py", line 10252, in _edit_specs_dialog
    ids.append(int(vals[0]))
               ~~~^^^^^^^^^
ValueError: invalid literal for int() with base 10: '\u200e1720\u200e'
2026-07-23 13:46:50 INFO hosny: ============================================================
2026-07-23 13:46:50 INFO hosny: HosnyWarehouse starting up (frozen=True, pid=21252, cwd=G:\TestManagementSystem\Hosny-Management-System\ادارة المخازن)
2026-07-23 13:55:53 INFO hosny: ============================================================
2026-07-23 13:55:53 INFO hosny: HosnyWarehouse starting up (frozen=True, pid=9536, cwd=G:\TestManagementSystem\Hosny-Management-System\ادارة المخازن)
2026-07-23 17:00:46 INFO hosny: ============================================================
2026-07-23 17:00:46 INFO hosny: HosnyWarehouse starting up (frozen=True, pid=22204, cwd=G:\TestManagementSystem\Hosny-Management-System\ادارة المخازن)
2026-07-23 17:35:25 ERROR hosny: TK CALLBACK EXCEPTION
Traceback (most recent call last):
  File "tkinter\__init__.py", line 2074, in __call__
  File "HosnyWarehouse.py", line 10055, in _remove_selected_dialog
    ids = [int(r[0]) for r in rows]
           ~~~^^^^^^
ValueError: invalid literal for int() with base 10: '\u200e1699\u200e'
2026-07-23 17:36:21 INFO hosny: ============================================================
2026-07-23 17:36:21 INFO hosny: HosnyWarehouse starting up (frozen=True, pid=25056, cwd=G:\TestManagementSystem\Hosny-Management-System\ادارة المخازن)
2026-07-23 18:27:51 INFO hosny: ============================================================
2026-07-23 18:27:51 INFO hosny: HosnyWarehouse starting up (frozen=True, pid=13012, cwd=G:\TestManagementSystem\Hosny-Management-System\ادارة المخازن)
2026-07-23 18:55:48 INFO hosny: ============================================================
2026-07-23 18:55:48 INFO hosny: HosnyWarehouse starting up (frozen=True, pid=10284, cwd=G:\TestManagementSystem\Hosny-Management-System\ادارة المخازن)
2026-07-23 19:14:02 INFO hosny: ============================================================
2026-07-23 19:14:02 INFO hosny: HosnyWarehouse starting up (frozen=True, pid=17428, cwd=G:\TestManagementSystem\Hosny-Management-System\ادارة المخازن)
2026-07-23 22:22:58 INFO hosny: ============================================================
2026-07-23 22:22:58 INFO hosny: HosnyWarehouse starting up (frozen=True, pid=18040, cwd=G:\TestManagementSystem\Hosny-Management-System\ادارة المخازن)
2026-07-24 04:44:09 INFO hosny: ============================================================
2026-07-24 04:44:09 INFO hosny: HosnyWarehouse starting up (frozen=False, pid=10384, cwd=G:\TestManagementSystem\Hosny-Management-System\ادارة المخازن)
2026-07-24 04:44:09 INFO hosny: created 4
2026-07-24 04:44:09 INFO hosny: 4 2026-07-23T19:22:14 legacy-movement 10 35 16340
2026-07-24 04:44:09 INFO hosny: 3 2026-07-23T19:12:34 legacy-movement 12 7 2525
2026-07-24 04:44:09 INFO hosny: 2 2026-07-23T19:02:21 legacy-movement 11 29 10995
2026-07-24 04:44:09 INFO hosny: 1 2026-07-23T18:09:12 legacy-movement 19 33 11510
2026-07-24 04:44:16 INFO hosny: ============================================================
2026-07-24 04:44:16 INFO hosny: HosnyWarehouse starting up (frozen=False, pid=21040, cwd=G:\TestManagementSystem\Hosny-Management-System\ادارة المخازن)
2026-07-24 04:44:17 INFO hosny: created 0
2026-07-24 04:44:17 INFO hosny: [(4, '2026-07-23T19:22:14', 'legacy-movement', 10, 35, 16340), (3, '2026-07-23T19:12:34', 'legacy-movement', 12, 7, 2525), (2, '2026-07-23T19:02:21', 'legacy-movement', 11, 29, 10995), (1, '2026-07-23T18:09:12', 'legacy-movement', 19, 33, 11510)]
2026-07-24 04:45:57 INFO hosny: ============================================================
2026-07-24 04:45:57 INFO hosny: HosnyWarehouse starting up (frozen=True, pid=22848, cwd=G:\TestManagementSystem\Hosny-Management-System\ادارة المخازن)
2026-07-24 13:59:11 INFO hosny: ============================================================
2026-07-24 13:59:11 INFO hosny: HosnyWarehouse starting up (frozen=True, pid=13144, cwd=G:\TestManagementSystem\Hosny-Management-System\ادارة المخازن)
2026-07-24 14:29:52 INFO hosny: ============================================================
2026-07-24 14:29:52 INFO hosny: HosnyWarehouse starting up (frozen=True, pid=25880, cwd=G:\TestManagementSystem\Hosny-Management-System\ادارة المخازن)
2026-07-24 14:46:15 INFO hosny: ============================================================
2026-07-24 14:46:15 INFO hosny: HosnyWarehouse starting up (frozen=True, pid=20444, cwd=G:\TestManagementSystem\Hosny-Management-System\ادارة المخازن)
2026-07-24 15:29:28 INFO hosny: ============================================================
2026-07-24 15:29:28 INFO hosny: HosnyWarehouse starting up (frozen=True, pid=27760, cwd=G:\TestManagementSystem\Hosny-Management-System\ادارة المخازن)
2026-07-24 15:32:17 INFO hosny: ============================================================
2026-07-24 15:32:17 INFO hosny: HosnyWarehouse starting up (frozen=False, pid=27788, cwd=G:\TestManagementSystem\Hosny-Management-System\ادارة المخازن)
2026-07-24 15:32:17 INFO hosny: merged 0
2026-07-24 15:32:17 INFO hosny: [(44, '2026-07-24T15:00:00', 'auto-equalization', 53), (12, '2026-07-24T14:00:00', 'auto-equalization', 32)]
2026-07-24 15:33:33 INFO hosny: ============================================================
2026-07-24 15:33:33 INFO hosny: HosnyWarehouse starting up (frozen=True, pid=20736, cwd=G:\TestManagementSystem\Hosny-Management-System\ادارة المخازن)
2026-07-25 00:06:47 INFO hosny: ============================================================
2026-07-25 00:06:47 INFO hosny: HosnyWarehouse starting up (frozen=True, pid=21060, cwd=G:\TestManagementSystem\Hosny-Management-System\ادارة المخازن)
2026-07-25 00:34:12 INFO hosny: ============================================================
2026-07-25 00:34:12 INFO hosny: HosnyWarehouse starting up (frozen=True, pid=22504, cwd=G:\TestManagementSystem\Hosny-Management-System\ادارة المخازن)
2026-07-25 00:37:45 INFO hosny: ============================================================
2026-07-25 00:37:45 INFO hosny: HosnyWarehouse starting up (frozen=True, pid=29452, cwd=G:\TestManagementSystem\Hosny-Management-System\ادارة المخازن)
2026-07-25 00:42:37 INFO hosny: ============================================================
2026-07-25 00:42:37 INFO hosny: HosnyWarehouse starting up (frozen=False, pid=28104, cwd=G:\TestManagementSystem\Hosny-Management-System)
2026-07-25 00:42:37 INFO hosny: marked repr= 'â\x80\x8e14â\x80\x8e' stripped= 'â\x80\x8e14â\x80\x8e' norm= 'Â\x80\x8e14Â\x80\x8e'
2026-07-25 00:42:37 INFO hosny: lookup_marked_size= None
2026-07-25 00:42:37 ERROR hosny: UNCAUGHT EXCEPTION
Traceback (most recent call last):
  File "<stdin>", line 24, in <module>
TypeError: float() argument must be a string or a real number, not 'NoneType'
2026-07-25 00:43:14 INFO hosny: ============================================================
2026-07-25 00:43:14 INFO hosny: HosnyWarehouse starting up (frozen=False, pid=21744, cwd=G:\TestManagementSystem\Hosny-Management-System)
2026-07-25 00:43:14 INFO hosny: marked repr= '\u200e14\u200e'
2026-07-25 00:43:14 INFO hosny: stripped= '14'
2026-07-25 00:43:14 INFO hosny: norm= '14'
2026-07-25 00:43:14 INFO hosny: direct clean rows= []
2026-07-25 00:43:14 INFO hosny: direct marked normalized rows= []
2026-07-25 00:44:06 INFO hosny: ============================================================
2026-07-25 00:44:06 INFO hosny: HosnyWarehouse starting up (frozen=True, pid=29116, cwd=G:\TestManagementSystem\Hosny-Management-System\ادارة المخازن)
2026-07-25 01:15:40 INFO hosny: ============================================================
2026-07-25 01:15:40 INFO hosny: HosnyWarehouse starting up (frozen=False, pid=29100, cwd=G:\TestManagementSystem\Hosny-Management-System)
2026-07-25 01:15:41 INFO hosny: propagation= {'updated': 0, 'skipped': 0, 'checked': 0}
2026-07-25 01:15:41 INFO hosny: row_1380_price= 100.0
2026-07-25 01:17:53 INFO hosny: ============================================================
2026-07-25 01:17:53 INFO hosny: HosnyWarehouse starting up (frozen=True, pid=32832, cwd=G:\TestManagementSystem\Hosny-Management-System\ادارة المخازن)
2026-07-25 11:11:26 INFO hosny: ============================================================
2026-07-25 11:11:26 INFO hosny: HosnyWarehouse starting up (frozen=True, pid=35948, cwd=G:\TestManagementSystem\Hosny-Management-System\ادارة المخازن)
2026-07-25 11:44:09 INFO hosny: ============================================================
2026-07-25 11:44:09 INFO hosny: HosnyWarehouse starting up (frozen=True, pid=34564, cwd=G:\TestManagementSystem\Hosny-Management-System\ادارة المخازن)
2026-07-25 15:03:04 INFO hosny: ============================================================
2026-07-25 15:03:04 INFO hosny: HosnyWarehouse starting up (frozen=True, pid=33196, cwd=G:\TestManagementSystem\Hosny-Management-System\ادارة المخازن)
2026-07-25 15:52:17 INFO hosny: ============================================================
2026-07-25 15:52:17 INFO hosny: HosnyWarehouse starting up (frozen=True, pid=6900, cwd=G:\TestManagementSystem\Hosny-Management-System\ادارة المخازن)
2026-07-25 16:26:42 INFO hosny: ============================================================
2026-07-25 16:26:42 INFO hosny: HosnyWarehouse starting up (frozen=False, pid=2252, cwd=G:\TestManagementSystem\Hosny-Management-System)
2026-07-25 16:26:43 INFO hosny: voided 79
2026-07-25 16:26:43 INFO hosny: voided 80
2026-07-25 16:26:43 INFO hosny: voided 81
2026-07-25 16:26:43 INFO hosny: voided 82
2026-07-25 16:26:43 INFO hosny: voided 83
2026-07-25 16:26:43 INFO hosny: voided 84
2026-07-25 16:26:43 INFO hosny: voided 85
2026-07-25 16:27:05 INFO hosny: ============================================================
2026-07-25 16:27:05 INFO hosny: HosnyWarehouse starting up (frozen=False, pid=1232, cwd=G:\TestManagementSystem\Hosny-Management-System)
2026-07-25 16:27:05 INFO hosny: ok bill 1
2026-07-25 16:27:05 INFO hosny: blocked shortage لا توجد كمية كافية للصنف Tee / School / Blue / M (المطلوب 1، المتاح 0).
2026-07-25 16:27:27 INFO hosny: ============================================================
2026-07-25 16:27:27 INFO hosny: HosnyWarehouse starting up (frozen=False, pid=14248, cwd=G:\TestManagementSystem\Hosny-Management-System)
2026-07-25 16:27:27 ERROR hosny: loaded
2026-07-25 16:27:27 ERROR hosny: ok bill 1
2026-07-25 16:27:27 ERROR hosny: blocked shortage لا توجد كمية كافية للصنف Tee / School / Blue / M (المطلوب 1، المتاح 0).
2026-07-25 16:27:27 ERROR hosny: done
2026-07-25 16:27:45 INFO hosny: ============================================================
2026-07-25 16:27:45 INFO hosny: HosnyWarehouse starting up (frozen=False, pid=284, cwd=G:\TestManagementSystem\Hosny-Management-System)
2026-07-25 16:28:51 INFO hosny: ============================================================
2026-07-25 16:28:51 INFO hosny: HosnyWarehouse starting up (frozen=False, pid=9344, cwd=G:\TestManagementSystem\Hosny-Management-System)
2026-07-25 16:33:43 INFO hosny: ============================================================
2026-07-25 16:33:43 INFO hosny: HosnyWarehouse starting up (frozen=True, pid=4456, cwd=G:\TestManagementSystem\Hosny-Management-System\ادارة المخازن)
2026-07-25 16:41:32 INFO hosny: ============================================================
2026-07-25 16:41:32 INFO hosny: HosnyWarehouse starting up (frozen=False, pid=2940, cwd=G:\TestManagementSystem\Hosny-Management-System)
2026-07-25 16:47:05 ERROR hosny: TK CALLBACK EXCEPTION
Traceback (most recent call last):
  File "tkinter\__init__.py", line 2074, in __call__
  File "tkinter\__init__.py", line 862, in callit
  File "HosnyWarehouse.py", line 6226, in _maybe_close_after_blur
    if self._suspend_set:
    
  File "tkinter\__init__.py", line 806, in focus_get
  File "tkinter\__init__.py", line 1677, in nametowidget
KeyError: 'popdown'
2026-07-25 18:17:46 INFO hosny: ============================================================
2026-07-25 18:17:46 INFO hosny: HosnyWarehouse starting up (frozen=False, pid=17744, cwd=G:\TestManagementSystem\Hosny-Management-System\ادارة المخازن)
2026-07-25 18:17:46 INFO hosny: branch_count 6
2026-07-25 18:17:46 INFO hosny: POS-ZAY rows 318 unrelated_zero_rows 0 incoming_sum 1887
2026-07-25 18:17:46 INFO hosny: POS-OCT rows 14 unrelated_zero_rows 0 incoming_sum 9
2026-07-25 18:17:46 INFO hosny: POS-OBO rows 0 unrelated_zero_rows 0 incoming_sum 0
2026-07-25 18:17:46 INFO hosny: POS-GESR rows 0 unrelated_zero_rows 0 incoming_sum 0
2026-07-25 18:17:46 INFO hosny: POS-BAH rows 0 unrelated_zero_rows 0 incoming_sum 0
2026-07-25 18:17:47 INFO hosny: POS-CEN rows 0 unrelated_zero_rows 0 incoming_sum 0
2026-07-25 18:17:57 INFO hosny: ============================================================
2026-07-25 18:17:57 INFO hosny: HosnyWarehouse starting up (frozen=False, pid=2384, cwd=G:\TestManagementSystem\Hosny-Management-System\ادارة المخازن)
2026-07-25 18:21:01 INFO hosny: ============================================================
2026-07-25 18:21:01 INFO hosny: HosnyWarehouse starting up (frozen=True, pid=21228, cwd=G:\TestManagementSystem\Hosny-Management-System\ادارة المخازن)
2026-07-25 18:41:40 INFO hosny: ============================================================
2026-07-25 18:41:40 INFO hosny: HosnyWarehouse starting up (frozen=False, pid=21812, cwd=G:\TestManagementSystem\Hosny-Management-System\ادارة المخازن)
2026-07-25 18:41:56 INFO hosny: ============================================================
2026-07-25 18:41:56 INFO hosny: HosnyWarehouse starting up (frozen=False, pid=17240, cwd=G:\TestManagementSystem\Hosny-Management-System\ادارة المخازن)
2026-07-25 18:42:12 INFO hosny: ============================================================
2026-07-25 18:42:12 INFO hosny: HosnyWarehouse starting up (frozen=False, pid=19016, cwd=G:\TestManagementSystem\Hosny-Management-System\ادارة المخازن)
2026-07-25 18:42:32 INFO hosny: ============================================================
2026-07-25 18:42:32 INFO hosny: HosnyWarehouse starting up (frozen=False, pid=11512, cwd=G:\TestManagementSystem\Hosny-Management-System\ادارة المخازن)
2026-07-25 18:58:53 INFO hosny: ============================================================
2026-07-25 18:58:53 INFO hosny: HosnyWarehouse starting up (frozen=False, pid=21040, cwd=G:\TestManagementSystem\Hosny-Management-System)
2026-07-25 18:58:53 INFO hosny: targeted_tests passed
2026-07-25 19:00:47 INFO hosny: ============================================================
2026-07-25 19:00:47 INFO hosny: HosnyWarehouse starting up (frozen=False, pid=19296, cwd=G:\TestManagementSystem\Hosny-Management-System)
2026-07-25 19:17:52 INFO hosny: ============================================================
2026-07-25 19:17:52 INFO hosny: HosnyWarehouse starting up (frozen=True, pid=4308, cwd=G:\TestManagementSystem\Hosny-Management-System\ادارة المخازن)
2026-07-25 20:07:00 INFO hosny: ============================================================
2026-07-25 20:07:00 INFO hosny: HosnyWarehouse starting up (frozen=True, pid=27596, cwd=G:\TestManagementSystem\Hosny-Management-System\ادارة المخازن)
2026-07-25 20:17:38 INFO hosny: ============================================================
2026-07-25 20:17:38 INFO hosny: HosnyWarehouse starting up (frozen=False, pid=14780, cwd=G:\TestManagementSystem\Hosny-Management-System)
2026-07-25 20:17:38 INFO hosny: all= {'item_type': 'Test Type', 'school': 'Test School', 'color': 'Test Color', 'size': '10', 'incoming_qty': 0, 'sold_branch_qty': 0, 'sold_warehouse_qty': 3, 'sold_total_qty': 3, 'reserved_qty': 0, 'remaining_branch_qty': 0, 'remaining_warehouse_qty': 12, 'remaining_total_qty': 12, 'requested_qty': 0}
2026-07-25 20:17:38 INFO hosny: branch= {'item_type': 'Test Type', 'school': 'Test School', 'color': 'Test Color', 'size': '10', 'incoming_qty': 0, 'sold_branch_qty': 0, 'sold_warehouse_qty': 3, 'sold_total_qty': 3, 'reserved_qty': 0, 'remaining_branch_qty': 0, 'remaining_warehouse_qty': 12, 'remaining_total_qty': 12, 'requested_qty': 0}
2026-07-25 20:17:38 ERROR hosny: UNCAUGHT EXCEPTION
Traceback (most recent call last):
  File "<stdin>", line 29, in <module>
AssertionError: {'item_type': 'Test Type', 'school': 'Test School', 'color': 'Test Color', 'size': '10', 'incoming_qty': 0, 'sold_branch_qty': 0, 'sold_warehouse_qty': 3, 'sold_total_qty': 3, 'reserved_qty': 0, 'remaining_branch_qty': 0, 'remaining_warehouse_qty': 12, 'remaining_total_qty': 12, 'requested_qty': 0}
2026-07-25 20:17:58 INFO hosny: ============================================================
2026-07-25 20:17:58 INFO hosny: HosnyWarehouse starting up (frozen=False, pid=25484, cwd=G:\TestManagementSystem\Hosny-Management-System)
2026-07-25 20:17:58 INFO hosny: creating branch bill فرع: فرع زايد
2026-07-25 20:17:58 INFO hosny: creating client bill
2026-07-25 20:17:58 INFO hosny: all= {'item_type': 'Test Type', 'school': 'Test School', 'color': 'Test Color', 'size': '10', 'incoming_qty': 0, 'sold_branch_qty': 0, 'sold_warehouse_qty': 3, 'sold_total_qty': 3, 'reserved_qty': 0, 'remaining_branch_qty': 0, 'remaining_warehouse_qty': 12, 'remaining_total_qty': 12, 'requested_qty': 0}
2026-07-25 20:17:58 INFO hosny: branch= {'item_type': 'Test Type', 'school': 'Test School', 'color': 'Test Color', 'size': '10', 'incoming_qty': 0, 'sold_branch_qty': 0, 'sold_warehouse_qty': 3, 'sold_total_qty': 3, 'reserved_qty': 0, 'remaining_branch_qty': 0, 'remaining_warehouse_qty': 12, 'remaining_total_qty': 12, 'requested_qty': 0}
2026-07-25 20:17:58 ERROR hosny: Traceback (most recent call last):
2026-07-25 20:17:58 ERROR hosny:   File "<stdin>", line 33, in <module>
2026-07-25 20:17:58 ERROR hosny: AssertionError: {'item_type': 'Test Type', 'school': 'Test School', 'color': 'Test Color', 'size': '10', 'incoming_qty': 0, 'sold_branch_qty': 0, 'sold_warehouse_qty': 3, 'sold_total_qty': 3, 'reserved_qty': 0, 'remaining_branch_qty': 0, 'remaining_warehouse_qty': 12, 'remaining_total_qty': 12, 'requested_qty': 0}
2026-07-25 20:17:58 ERROR hosny: UNCAUGHT EXCEPTION
Traceback (most recent call last):
  File "<stdin>", line 33, in <module>
AssertionError: {'item_type': 'Test Type', 'school': 'Test School', 'color': 'Test Color', 'size': '10', 'incoming_qty': 0, 'sold_branch_qty': 0, 'sold_warehouse_qty': 3, 'sold_total_qty': 3, 'reserved_qty': 0, 'remaining_branch_qty': 0, 'remaining_warehouse_qty': 12, 'remaining_total_qty': 12, 'requested_qty': 0}
2026-07-25 20:19:22 INFO hosny: ============================================================
2026-07-25 20:19:22 INFO hosny: HosnyWarehouse starting up (frozen=False, pid=22700, cwd=G:\TestManagementSystem\Hosny-Management-System)
2026-07-25 20:19:22 INFO hosny: BRANCH POS-ZAY 'فرع: فرع زايد' 1887
2026-07-25 20:19:22 INFO hosny: CLIENT 'جسر السويس' 1014
2026-07-25 20:19:22 INFO hosny: CLIENT 'البيان العبور' 948
2026-07-25 20:19:22 INFO hosny: CLIENT 'بيع المصنع' 662
2026-07-25 20:19:22 INFO hosny: CLIENT '' 45
2026-07-25 20:19:22 INFO hosny: BRANCH POS-OCT 'فرع: فرع اكتوبر' 9
2026-07-25 20:19:22 INFO hosny: branch_shipment_qty= 1896
2026-07-25 20:19:22 INFO hosny: client_sale_qty= 2669
2026-07-25 20:19:22 INFO hosny: sql_excluded_qty= 2669
2026-07-25 20:19:37 INFO hosny: ============================================================
2026-07-25 20:19:37 INFO hosny: HosnyWarehouse starting up (frozen=False, pid=24856, cwd=G:\TestManagementSystem\Hosny-Management-System)
2026-07-25 20:21:12 INFO hosny: ============================================================
2026-07-25 20:21:12 INFO hosny: HosnyWarehouse starting up (frozen=False, pid=25328, cwd=G:\TestManagementSystem\Hosny-Management-System)
2026-07-25 20:21:26 INFO hosny: ============================================================
2026-07-25 20:21:26 INFO hosny: HosnyWarehouse starting up (frozen=False, pid=10892, cwd=G:\TestManagementSystem\Hosny-Management-System)
2026-07-25 20:21:26 ERROR hosny: UNCAUGHT EXCEPTION
Traceback (most recent call last):
  File "<stdin>", line 17, in <module>
AssertionError
2026-07-25 20:22:13 INFO hosny: ============================================================
2026-07-25 20:22:13 INFO hosny: HosnyWarehouse starting up (frozen=False, pid=28980, cwd=G:\TestManagementSystem\Hosny-Management-System)
2026-07-25 20:22:13 ERROR hosny: UNCAUGHT EXCEPTION
Traceback (most recent call last):
  File "<stdin>", line 20, in <module>
AssertionError
2026-07-25 20:22:36 INFO hosny: ============================================================
2026-07-25 20:22:36 INFO hosny: HosnyWarehouse starting up (frozen=False, pid=27848, cwd=G:\TestManagementSystem\Hosny-Management-System)
2026-07-25 20:22:49 INFO hosny: ============================================================
2026-07-25 20:22:49 INFO hosny: HosnyWarehouse starting up (frozen=False, pid=27268, cwd=G:\TestManagementSystem\Hosny-Management-System)
2026-07-25 20:22:59 INFO hosny: ============================================================
2026-07-25 20:22:59 INFO hosny: HosnyWarehouse starting up (frozen=False, pid=21176, cwd=G:\TestManagementSystem\Hosny-Management-System)
2026-07-25 20:23:29 INFO hosny: ============================================================
2026-07-25 20:23:29 INFO hosny: HosnyWarehouse starting up (frozen=False, pid=29640, cwd=G:\TestManagementSystem\Hosny-Management-System)
2026-07-25 20:23:29 ERROR hosny: UNCAUGHT EXCEPTION
Traceback (most recent call last):
  File "<stdin>", line 22, in <module>
AttributeError: 'SqliteDatabase' object has no attribute 'close'
2026-07-25 20:23:47 INFO hosny: ============================================================
2026-07-25 20:23:47 INFO hosny: HosnyWarehouse starting up (frozen=False, pid=19172, cwd=G:\TestManagementSystem\Hosny-Management-System)
2026-07-25 20:27:31 INFO hosny: ============================================================
2026-07-25 20:27:31 INFO hosny: HosnyWarehouse starting up (frozen=True, pid=25132, cwd=G:\TestManagementSystem\Hosny-Management-System\ادارة المخازن)
2026-07-25 20:32:30 INFO hosny: ============================================================
2026-07-25 20:32:30 INFO hosny: HosnyWarehouse starting up (frozen=False, pid=23720, cwd=G:\TestManagementSystem\Hosny-Management-System)
2026-07-25 20:32:30 ERROR hosny: UNCAUGHT EXCEPTION
Traceback (most recent call last):
  File "<stdin>", line 12, in <module>
AssertionError
2026-07-25 20:32:47 INFO hosny: ============================================================
2026-07-25 20:32:47 INFO hosny: HosnyWarehouse starting up (frozen=False, pid=25720, cwd=G:\TestManagementSystem\Hosny-Management-System)
2026-07-25 20:32:48 ERROR hosny: UNCAUGHT EXCEPTION
Traceback (most recent call last):
  File "<stdin>", line 19, in <module>
AttributeError: 'SqliteDatabase' object has no attribute 'close'
2026-07-25 20:33:05 INFO hosny: ============================================================
2026-07-25 20:33:05 INFO hosny: HosnyWarehouse starting up (frozen=False, pid=22260, cwd=G:\TestManagementSystem\Hosny-Management-System)
2026-07-25 20:33:05 ERROR hosny: UNCAUGHT EXCEPTION
Traceback (most recent call last):
  File "<stdin>", line 14, in <module>
AttributeError: 'SqliteDatabase' object has no attribute 'close'
2026-07-25 20:35:10 INFO hosny: ============================================================
2026-07-25 20:35:10 INFO hosny: HosnyWarehouse starting up (frozen=True, pid=24900, cwd=G:\TestManagementSystem\Hosny-Management-System\ادارة المخازن)
2026-07-25 20:44:42 INFO hosny: ============================================================
2026-07-25 20:44:42 INFO hosny: HosnyWarehouse starting up (frozen=True, pid=23836, cwd=G:\TestManagementSystem\Hosny-Management-System\ادارة المخازن)
2026-07-25 20:48:49 INFO hosny: ============================================================
2026-07-25 20:48:49 INFO hosny: HosnyWarehouse starting up (frozen=False, pid=26324, cwd=G:\TestManagementSystem\Hosny-Management-System)
2026-07-25 20:48:49 ERROR hosny: UNCAUGHT EXCEPTION
Traceback (most recent call last):
  File "<stdin>", line 16, in <module>
AttributeError: 'SqliteDatabase' object has no attribute 'close'
2026-07-26 22:20:56 INFO hosny: ============================================================
2026-07-26 22:20:56 INFO hosny: HosnyWarehouse starting up (frozen=True, pid=36660, cwd=G:\TestManagementSystem\Hosny-Management-System\ادارة المخازن)
2026-07-26 23:16:13 INFO hosny: ============================================================
2026-07-26 23:16:13 INFO hosny: HosnyWarehouse starting up (frozen=False, pid=29288, cwd=G:\TestManagementSystem\Hosny-Management-System)
2026-07-26 23:16:13 INFO hosny: rows 7
2026-07-26 23:16:13 INFO hosny: {'branch_name': 'POS-01', 'snapshot_at': '2026-04-15T13:37:49.388846Z', 'stock_qty': 12831, 'cash_net': 0.0, 'active_reservations': 0, 'status': '\\u062d\\u0631\\u062c', 'notes': '\\u0644\\u0642\\u0637\\u0629 \\u0627\\u0644\\u0645\\u062e\\u0632\\u0648\\u0646 \\u0642\\u062f\\u064a\\u0645\\u0629'}
2026-07-26 23:16:13 INFO hosny: {'branch_name': '\\u0641\\u0631\\u0639 \\u0627\\u0643\\u062a\\u0648\\u0628\\u0631', 'snapshot_at': '2026-06-29T17:25:03.384419Z', 'stock_qty': 3, 'cash_net': 0.0, 'active_reservations': 6, 'status': '\\u062d\\u0631\\u062c', 'notes': '\\u0644\\u0642\\u0637\\u0629 \\u0627\\u0644\\u0645\\u062e\\u0632\\u0648\\u0646 \\u0642\\u062f\\u064a\\u0645\\u0629'}
2026-07-26 23:16:13 INFO hosny: {'branch_name': '\\u0641\\u0631\\u0639 \\u0627\\u0644\\u0633\\u0646\\u062a\\u0631', 'snapshot_at': '', 'stock_qty': 0, 'cash_net': 0.0, 'active_reservations': 0, 'status': '\\u062d\\u0631\\u062c', 'notes': '\\u0644\\u0627 \\u062a\\u0648\\u062c\\u062f \\u0644\\u0642\\u0637\\u0629 \\u0645\\u062e\\u0632\\u0648\\u0646'}
2026-07-26 23:16:13 INFO hosny: {'branch_name': '\\u0641\\u0631\\u0639 \\u0627\\u0644\\u0639\\u0628\\u0648\\u0631', 'snapshot_at': '', 'stock_qty': 0, 'cash_net': 0.0, 'active_reservations': 0, 'status': '\\u062d\\u0631\\u062c', 'notes': '\\u0644\\u0627 \\u062a\\u0648\\u062c\\u062f \\u0644\\u0642\\u0637\\u0629 \\u0645\\u062e\\u0632\\u0648\\u0646'}
2026-07-26 23:16:13 INFO hosny: {'branch_name': '\\u0641\\u0631\\u0639 \\u0628\\u0647\\u062a\\u064a\\u0645', 'snapshot_at': '', 'stock_qty': 0, 'cash_net': 0.0, 'active_reservations': 0, 'status': '\\u062d\\u0631\\u062c', 'notes': '\\u0644\\u0627 \\u062a\\u0648\\u062c\\u062f \\u0644\\u0642\\u0637\\u0629 \\u0645\\u062e\\u0632\\u0648\\u0646'}
2026-07-26 23:16:13 INFO hosny: {'branch_name': '\\u0641\\u0631\\u0639 \\u062c\\u0633\\u0631 \\u0627\\u0644\\u0633\\u0648\\u064a\\u0633', 'snapshot_at': '', 'stock_qty': 0, 'cash_net': 0.0, 'active_reservations': 0, 'status': '\\u062d\\u0631\\u062c', 'notes': '\\u0644\\u0627 \\u062a\\u0648\\u062c\\u062f \\u0644\\u0642\\u0637\\u0629 \\u0645\\u062e\\u0632\\u0648\\u0646'}
2026-07-26 23:16:13 INFO hosny: {'branch_name': '\\u0641\\u0631\\u0639 \\u0632\\u0627\\u064a\\u062f', 'snapshot_at': '2026-07-20T00:22:17.097456Z', 'stock_qty': 1835, 'cash_net': 0.0, 'active_reservations': 0, 'status': '\\u062d\\u0631\\u062c', 'notes': '\\u0644\\u0642\\u0637\\u0629 \\u0627\\u0644\\u0645\\u062e\\u0632\\u0648\\u0646 \\u0642\\u062f\\u064a\\u0645\\u0629'}
2026-07-26 23:16:24 INFO hosny: ============================================================
2026-07-26 23:16:24 INFO hosny: HosnyWarehouse starting up (frozen=False, pid=33016, cwd=G:\TestManagementSystem\Hosny-Management-System)
2026-07-26 23:16:24 INFO hosny: OK rows=7 version=2026.07.26.2
2026-07-26 23:16:24 INFO hosny: cash_total=0.00 stock_qty=14669 errors=0
2026-07-26 23:16:32 INFO hosny: ============================================================
2026-07-26 23:16:32 INFO hosny: HosnyWarehouse starting up (frozen=False, pid=26148, cwd=G:\TestManagementSystem\Hosny-Management-System)
2026-07-26 23:16:32 INFO hosny: OK rows=7 version=2026.07.26.2 cash=0.00 stock=14669 errors=0
2026-07-26 23:16:53 INFO hosny: ============================================================
2026-07-26 23:16:53 INFO hosny: HosnyWarehouse starting up (frozen=False, pid=36812, cwd=G:\TestManagementSystem\Hosny-Management-System)
2026-07-26 23:18:34 INFO hosny: ============================================================
2026-07-26 23:18:34 INFO hosny: HosnyWarehouse starting up (frozen=False, pid=17076, cwd=G:\TestManagementSystem\Hosny-Management-System)
2026-07-26 23:18:40 INFO hosny: ============================================================
2026-07-26 23:18:40 INFO hosny: HosnyWarehouse starting up (frozen=True, pid=23160, cwd=G:\TestManagementSystem\Hosny-Management-System\ادارة المخازن)
2026-07-26 23:20:25 INFO hosny: ============================================================
2026-07-26 23:20:25 INFO hosny: HosnyWarehouse starting up (frozen=False, pid=35092, cwd=G:\TestManagementSystem\Hosny-Management-System)
2026-07-26 23:26:10 INFO hosny: ============================================================
2026-07-26 23:26:10 INFO hosny: HosnyWarehouse starting up (frozen=False, pid=31972, cwd=G:\TestManagementSystem\Hosny-Management-System)
2026-07-26 23:27:06 INFO hosny: ============================================================
2026-07-26 23:27:06 INFO hosny: HosnyWarehouse starting up (frozen=False, pid=24456, cwd=G:\TestManagementSystem\Hosny-Management-System)
2026-07-26 23:39:35 INFO hosny: ============================================================
2026-07-26 23:39:35 INFO hosny: HosnyWarehouse starting up (frozen=False, pid=19512, cwd=G:\TestManagementSystem\Hosny-Management-System)
2026-07-26 23:40:51 INFO hosny: ============================================================
2026-07-26 23:40:51 INFO hosny: HosnyWarehouse starting up (frozen=False, pid=3476, cwd=G:\TestManagementSystem\Hosny-Management-System)
2026-07-26 23:40:51 INFO hosny: version=2026.07.26.7 rows=6 has_POS01=False
2026-07-26 23:41:03 INFO hosny: ============================================================
2026-07-26 23:41:03 INFO hosny: HosnyWarehouse starting up (frozen=False, pid=29660, cwd=G:\TestManagementSystem\Hosny-Management-System)
2026-07-26 23:42:42 INFO hosny: ============================================================
2026-07-26 23:42:42 INFO hosny: HosnyWarehouse starting up (frozen=True, pid=17076, cwd=G:\TestManagementSystem\Hosny-Management-System\ادارة المخازن)
2026-07-26 23:43:41 ERROR hosny: TK CALLBACK EXCEPTION
Traceback (most recent call last):
  File "HosnyWarehouse.py", line 17648, in _open_pos_branch_monitor
    PosBranchMonitorWindow(self, self.db)
    ~~~~~~~~~~~~~~~~~~~~~~^^^^^^^^^^^^^^^
  File "HosnyWarehouse.py", line 16077, in __init__
    self._build()
    ~~~~~~~~~~~^^
  File "HosnyWarehouse.py", line 16129, in _build
    self._tree.grid(row=0, column=0, sticky="nsew")
    ~~~~~~~~~~~~~~~^^^^^^^^^^^^^^^^^^^^^^^^^^^^^^^^
  File "tkinter\__init__.py", line 2699, in grid_configure
_tkinter.TclError: cannot use geometry manager grid inside .!posbranchmonitorwindow which already has slaves managed by pack

During handling of the above exception, another exception occurred:

Traceback (most recent call last):
  File "tkinter\__init__.py", line 2074, in __call__
  File "HosnyWarehouse.py", line 16211, in _refresh
    self._sum.set(
    ^^^^^^^^^
AttributeError: 'PosBranchMonitorWindow' object has no attribute '_sum'
2026-07-26 23:43:49 ERROR hosny: TK CALLBACK EXCEPTION
Traceback (most recent call last):
  File "tkinter\__init__.py", line 2074, in __call__
  File "HosnyWarehouse.py", line 16211, in _refresh
    self._sum.set(
    ^^^^^^^^^
AttributeError: 'PosBranchMonitorWindow' object has no attribute '_sum'
2026-07-26 23:43:50 ERROR hosny: TK CALLBACK EXCEPTION
Traceback (most recent call last):
  File "tkinter\__init__.py", line 2074, in __call__
  File "HosnyWarehouse.py", line 16211, in _refresh
    self._sum.set(
    ^^^^^^^^^
AttributeError: 'PosBranchMonitorWindow' object has no attribute '_sum'
2026-07-26 23:43:52 ERROR hosny: TK CALLBACK EXCEPTION
Traceback (most recent call last):
  File "tkinter\__init__.py", line 2074, in __call__
  File "HosnyWarehouse.py", line 16211, in _refresh
    self._sum.set(
    ^^^^^^^^^
AttributeError: 'PosBranchMonitorWindow' object has no attribute '_sum'
2026-07-26 23:43:52 ERROR hosny: TK CALLBACK EXCEPTION
Traceback (most recent call last):
  File "tkinter\__init__.py", line 2074, in __call__
  File "HosnyWarehouse.py", line 16211, in _refresh
    self._sum.set(
    ^^^^^^^^^
AttributeError: 'PosBranchMonitorWindow' object has no attribute '_sum'
2026-07-26 23:43:53 ERROR hosny: TK CALLBACK EXCEPTION
Traceback (most recent call last):
  File "tkinter\__init__.py", line 2074, in __call__
  File "tkinter\__init__.py", line 862, in callit
  File "HosnyWarehouse.py", line 16211, in _refresh
    self._sum.set(
    ^^^^^^^^^
AttributeError: 'PosBranchMonitorWindow' object has no attribute '_sum'
2026-07-26 23:44:28 INFO hosny: ============================================================
2026-07-26 23:44:28 INFO hosny: HosnyWarehouse starting up (frozen=False, pid=30616, cwd=G:\TestManagementSystem\Hosny-Management-System)
2026-07-26 23:44:28 INFO hosny: window_ok version=2026.07.26.8
2026-07-26 23:45:16 INFO hosny: ============================================================
2026-07-26 23:45:16 INFO hosny: HosnyWarehouse starting up (frozen=False, pid=22976, cwd=G:\TestManagementSystem\Hosny-Management-System)
2026-07-26 23:45:45 INFO hosny: ============================================================
2026-07-26 23:45:45 INFO hosny: HosnyWarehouse starting up (frozen=True, pid=30764, cwd=G:\TestManagementSystem\Hosny-Management-System\ادارة المخازن)
2026-07-26 23:46:09 INFO hosny: ============================================================
2026-07-26 23:46:09 INFO hosny: HosnyWarehouse starting up (frozen=True, pid=27560, cwd=G:\TestManagementSystem\Hosny-Management-System\ادارة المخازن)
2026-07-27 18:00:56 ERROR hosny: TK CALLBACK EXCEPTION
Traceback (most recent call last):
  File "tkinter\__init__.py", line 2074, in __call__
  File "HosnyWarehouse.py", line 11432, in _remove_selected_dialog
    ids = [int(r[0]) for r in rows]
           ~~~^^^^^^
ValueError: invalid literal for int() with base 10: '\u200e2125\u200e'
2026-07-27 23:42:12 INFO hosny: ============================================================
2026-07-27 23:42:12 INFO hosny: HosnyWarehouse starting up (frozen=False, pid=46740, cwd=G:\TestManagementSystem\Hosny-Management-System)
2026-07-27 23:42:12 ERROR hosny: UNCAUGHT EXCEPTION
Traceback (most recent call last):
  File "<stdin>", line 29, in <module>
AttributeError: 'SqliteDatabase' object has no attribute 'set_fabric_weight'. Did you mean: 'get_fabric_weight'?
2026-07-27 23:42:38 INFO hosny: ============================================================
2026-07-27 23:42:38 INFO hosny: HosnyWarehouse starting up (frozen=False, pid=45900, cwd=G:\TestManagementSystem\Hosny-Management-System)
2026-07-27 23:43:08 INFO hosny: ============================================================
2026-07-27 23:43:08 INFO hosny: HosnyWarehouse starting up (frozen=False, pid=41072, cwd=G:\TestManagementSystem\Hosny-Management-System)
2026-07-27 23:43:28 INFO hosny: ============================================================
2026-07-27 23:43:28 INFO hosny: HosnyWarehouse starting up (frozen=False, pid=33364, cwd=G:\TestManagementSystem\Hosny-Management-System)
2026-07-28 00:48:54 INFO hosny: ============================================================
2026-07-28 00:48:54 INFO hosny: HosnyWarehouse starting up (frozen=True, pid=17432, cwd=G:\TestManagementSystem\Hosny-Management-System\ادارة المخازن)
2026-07-28 14:07:03 INFO hosny: ============================================================
2026-07-28 14:07:03 INFO hosny: HosnyWarehouse starting up (frozen=True, pid=44776, cwd=G:\TestManagementSystem\Hosny-Management-System\ادارة المخازن)
2026-07-28 18:14:21 INFO hosny: ============================================================
2026-07-28 18:14:21 INFO hosny: HosnyWarehouse starting up (frozen=True, pid=49856, cwd=G:\TestManagementSystem\Hosny-Management-System\ادارة المخازن)
2026-07-28 18:32:22 INFO hosny: ============================================================
2026-07-28 18:32:22 INFO hosny: HosnyWarehouse starting up (frozen=True, pid=22224, cwd=G:\TestManagementSystem\Hosny-Management-System\ادارة المخازن)
2026-07-28 19:25:00 INFO hosny: ============================================================
2026-07-28 19:25:00 INFO hosny: HosnyWarehouse starting up (frozen=False, pid=49516, cwd=G:\TestManagementSystem\Hosny-Management-System\ادارة المخازن)
2026-07-28 19:25:01 INFO hosny: {"branch_device": "POS-OBO", "branch_name": "فرع العبور", "sales_amt": 27420.0, "exchange_amt": 0.0, "cash_net": 25480.0, "reservation_cash": 0.0, "returns_amt": 0.0, "voids_amt": 0.0, "stock_qty": 2278, "stock_value": 890010.0}
2026-07-28 20:32:08 INFO hosny: ============================================================
2026-07-28 20:32:08 INFO hosny: HosnyWarehouse starting up (frozen=True, pid=59564, cwd=G:\TestManagementSystem\Hosny-Management-System\ادارة المخازن)
2026-07-28 20:38:57 INFO hosny: ============================================================
2026-07-28 20:38:57 INFO hosny: HosnyWarehouse starting up (frozen=True, pid=51244, cwd=G:\TestManagementSystem\Hosny-Management-System\ادارة المخازن)
2026-07-28 20:45:23 INFO hosny: ============================================================
2026-07-28 20:45:23 INFO hosny: HosnyWarehouse starting up (frozen=True, pid=59092, cwd=G:\TestManagementSystem\Hosny-Management-System\ادارة المخازن)
2026-07-28 23:16:37 INFO hosny: ============================================================
2026-07-28 23:16:37 INFO hosny: HosnyWarehouse starting up (frozen=True, pid=69504, cwd=G:\TestManagementSystem\Hosny-Management-System\ادارة المخازن)
2026-07-28 23:29:18 INFO hosny: ============================================================
2026-07-28 23:29:18 INFO hosny: HosnyWarehouse starting up (frozen=True, pid=42744, cwd=G:\TestManagementSystem\Hosny-Management-System\ادارة المخازن)
2026-07-29 01:27:49 INFO hosny: ============================================================
2026-07-29 01:27:49 INFO hosny: HosnyWarehouse starting up (frozen=False, pid=49788, cwd=G:\TestManagementSystem\Hosny-Management-System)
2026-07-29 01:27:49 INFO hosny: rows 6
2026-07-29 01:27:49 INFO hosny: ('POS-OCT', '', 42062)
2026-07-29 01:27:49 INFO hosny: ('POS-CEN', '', None)
2026-07-29 01:27:49 INFO hosny: ('POS-OBO', '', 264)
2026-07-29 01:27:49 INFO hosny: ('POS-BAH', '', 11)
2026-07-29 01:27:49 INFO hosny: ('POS-GESR', '', None)
2026-07-29 01:32:02 INFO hosny: ============================================================
2026-07-29 01:32:02 INFO hosny: HosnyWarehouse starting up (frozen=True, pid=69692, cwd=G:\TestManagementSystem\Hosny-Management-System\ادارة المخازن)
2026-07-29 01:32:13 INFO hosny: ============================================================
2026-07-29 01:32:13 INFO hosny: HosnyWarehouse starting up (frozen=True, pid=32136, cwd=G:\TestManagementSystem\Hosny-Management-System\ادارة المخازن)
2026-07-30 00:33:02 INFO hosny: ============================================================
2026-07-30 00:33:02 INFO hosny: HosnyWarehouse starting up (frozen=True, pid=84840, cwd=G:\TestManagementSystem\Hosny-Management-System\ادارة المخازن)
2026-07-30 00:40:05 INFO hosny: ============================================================
2026-07-30 00:40:05 INFO hosny: HosnyWarehouse starting up (frozen=True, pid=90528, cwd=G:\TestManagementSystem\Hosny-Management-System\ادارة المخازن)
2026-07-30 00:44:02 INFO hosny: ============================================================
2026-07-30 00:44:02 INFO hosny: HosnyWarehouse starting up (frozen=True, pid=59544, cwd=G:\TestManagementSystem\Hosny-Management-System\ادارة المخازن)
2026-07-30 11:46:50 INFO hosny: ============================================================
2026-07-30 11:46:50 INFO hosny: HosnyWarehouse starting up (frozen=True, pid=87612, cwd=G:\TestManagementSystem\Hosny-Management-System\ادارة المخازن)
2026-07-30 11:56:19 INFO hosny: ============================================================
2026-07-30 11:56:19 INFO hosny: HosnyWarehouse starting up (frozen=True, pid=78536, cwd=G:\TestManagementSystem\Hosny-Management-System\ادارة المخازن)
2026-07-30 12:04:21 INFO hosny: ============================================================
2026-07-30 12:04:21 INFO hosny: HosnyWarehouse starting up (frozen=True, pid=80256, cwd=G:\TestManagementSystem\Hosny-Management-System\ادارة المخازن)
2026-07-30 12:13:28 INFO hosny: ============================================================
2026-07-30 12:13:28 INFO hosny: HosnyWarehouse starting up (frozen=False, pid=88392, cwd=G:\TestManagementSystem\Hosny-Management-System)
2026-07-30 12:13:31 INFO hosny: POS-OBO => فرع العبور 2026-07-29 4475.0
2026-07-30 12:13:31 INFO hosny: POS-CEN => فرع السنتر 2026-07-29 1010.0
2026-07-30 12:13:31 INFO hosny: POS-BAH => فرع بهتيم 2026-07-28 775.0
2026-07-30 12:13:31 INFO hosny: POS-OBO => فرع العبور 2026-07-28 33240.0
2026-07-30 12:13:31 INFO hosny: POS-ZAY => فرع زايد 2026-07-27 330.0
2026-07-30 12:13:31 INFO hosny: POS-OBO => فرع العبور 2026-07-27 880.0
2026-07-30 12:13:31 INFO hosny: POS-ZAY => فرع زايد 2026-07-25 7800.0
2026-07-30 12:13:31 INFO hosny: POS-ZAY => فرع زايد 2026-07-21 -3.0
2026-07-30 12:13:33 INFO hosny: POS-ZAY => فرع زايد 2026-07-19 31.0
2026-07-30 12:13:33 INFO hosny: POS-ZAY => فرع زايد 2026-06-29 1.0
2026-07-30 12:13:33 INFO hosny: POS-OCT => فرع اكتوبر 2026-06-29 42.0
2026-07-30 12:13:33 INFO hosny: filter POS-OBO
2026-07-30 12:13:33 INFO hosny: POS-OBO => فرع العبور 2026-07-29 4475.0
2026-07-30 12:13:33 INFO hosny: POS-OBO => فرع العبور 2026-07-28 33240.0
2026-07-30 12:13:33 INFO hosny: POS-OBO => فرع العبور 2026-07-27 880.0
2026-07-30 12:42:20 INFO hosny: ============================================================
2026-07-30 12:42:20 INFO hosny: HosnyWarehouse starting up (frozen=True, pid=73760, cwd=G:\TestManagementSystem\Hosny-Management-System\ادارة المخازن)
2026-07-30 12:46:58 INFO hosny: ============================================================
2026-07-30 12:46:58 INFO hosny: HosnyWarehouse starting up (frozen=True, pid=27832, cwd=G:\TestManagementSystem\Hosny-Management-System\ادارة المخازن)
2026-07-30 17:33:22 INFO hosny: ============================================================
2026-07-30 17:33:22 INFO hosny: HosnyWarehouse starting up (frozen=True, pid=75804, cwd=G:\TestManagementSystem\Hosny-Management-System\ادارة المخازن)
2026-07-30 17:35:27 INFO hosny: Warehouse DB hourly backup created: G:\TestManagementSystem\Hosny-Management-System\ادارة المخازن\db_backups\hourly\warehouse_data-WAREHOUSE-latest.sqlite3 (0.6s)
2026-07-30 18:51:48 INFO hosny: Warehouse DB hourly backup created: G:\TestManagementSystem\Hosny-Management-System\ادارة المخازن\db_backups\hourly\warehouse_data-WAREHOUSE-latest.sqlite3 (2.0s)
2026-07-30 20:01:32 INFO hosny: Warehouse DB hourly backup created: G:\TestManagementSystem\Hosny-Management-System\ادارة المخازن\db_backups\hourly\warehouse_data-WAREHOUSE-latest.sqlite3 (2.1s)
2026-07-30 23:36:02 INFO hosny: Warehouse DB hourly backup created: G:\TestManagementSystem\Hosny-Management-System\ادارة المخازن\db_backups\hourly\warehouse_data-WAREHOUSE-latest.sqlite3 (3.2s)
2026-08-01 18:27:26 INFO hosny: Warehouse DB hourly backup created: G:\TestManagementSystem\Hosny-Management-System\ادارة المخازن\db_backups\hourly\warehouse_data-WAREHOUSE-latest.sqlite3 (18.7s)
2026-08-01 19:21:02 INFO hosny: ============================================================
2026-08-01 19:21:02 INFO hosny: HosnyWarehouse starting up (frozen=True, pid=77384, cwd=G:\TestManagementSystem\Hosny-Management-System\Warehouse)
2026-08-01 19:23:51 INFO hosny: Warehouse DB hourly backup created: G:\TestManagementSystem\Hosny-Management-System\Warehouse\db_backups\hourly\warehouse_data-WAREHOUSE-latest.sqlite3 (30.0s)
2026-08-01 19:26:52 INFO hosny: ============================================================
2026-08-01 19:26:52 INFO hosny: HosnyWarehouse starting up (frozen=True, pid=106080, cwd=G:\TestManagementSystem\Hosny-Management-System\Warehouse)
2026-08-01 19:41:59 INFO hosny: Warehouse DB hourly backup created: G:\TestManagementSystem\Hosny-Management-System\Warehouse\db_backups\hourly\warehouse_data-WAREHOUSE-latest.sqlite3 (3.9s)
2026-08-01 19:54:13 INFO hosny: ============================================================
2026-08-01 19:54:13 INFO hosny: HosnyWarehouse starting up (frozen=True, pid=22536, cwd=G:\TestManagementSystem\Hosny-Management-System\Warehouse)
2026-08-01 20:09:19 INFO hosny: Warehouse DB hourly backup created: G:\TestManagementSystem\Hosny-Management-System\Warehouse\db_backups\hourly\warehouse_data-WAREHOUSE-latest.sqlite3 (2.6s)
2026-08-01 20:27:30 INFO hosny: ============================================================
2026-08-01 20:27:30 INFO hosny: HosnyWarehouse starting up (frozen=True, pid=86964, cwd=G:\TestManagementSystem\Hosny-Management-System\Warehouse)
2026-08-01 20:41:33 INFO hosny: ============================================================
2026-08-01 20:41:33 INFO hosny: HosnyWarehouse starting up (frozen=False, pid=96584, cwd=G:\TestManagementSystem\Hosny-Management-System)
2026-08-01 20:41:36 INFO hosny: known_devices:
2026-08-01 20:41:36 INFO hosny: {'device_name': 'POS-OBO', 'device_uuid': '224d7c60-069d-4060-aaf8-72548242509b', 'role': 'pos', 'last_seen_at': '2026-08-01T17:06:09.625180Z', 'updated_at': '2026-08-01T17:15:26.794080Z'}
2026-08-01 20:41:36 INFO hosny: {'device_name': 'POS-ZAY', 'device_uuid': 'fb486bc1-53f3-4b43-b667-0f64ec3e588a', 'role': 'pos', 'last_seen_at': '2026-08-01T15:53:52.798033Z', 'updated_at': '2026-08-01T15:54:00.056159Z'}
2026-08-01 20:41:36 INFO hosny: monitor rows:
2026-08-01 20:41:41 INFO hosny: {'branch_device': 'POS-OBO', 'branch_name': 'فرع العبور', 'status': 'تحذير', 'last_seen_at': '2026-08-01T17:06:09.625180Z', 'last_sync_at': '2026-08-01T17:06:09.625180Z', 'sync_age_min': 35, 'snapshot_at': '2026-08-01T17:02:29.515421Z', 'snapshot_age_min': 39, 'app_version': '2026.08.01.195253', 'inbox_errors': 0, 'dead_letters': 0, 'notes': 'تحتاج متابعة المزامنة'}
2026-08-01 20:41:41 INFO hosny: {'branch_device': 'POS-ZAY', 'branch_name': 'فرع زايد', 'status': 'حرج', 'last_seen_at': '2026-08-01T15:53:52.798033Z', 'last_sync_at': '2026-08-01T15:53:52.798033Z', 'sync_age_min': 107, 'snapshot_at': '2026-08-01T15:48:45.341214Z', 'snapshot_age_min': 112, 'app_version': '2026.07.30.180941', 'inbox_errors': 0, 'dead_letters': 0, 'notes': 'المزامنة قديمة'}
2026-08-01 20:41:59 INFO hosny: ============================================================
2026-08-01 20:41:59 INFO hosny: HosnyWarehouse starting up (frozen=False, pid=38412, cwd=G:\TestManagementSystem\Hosny-Management-System)
2026-08-01 20:42:35 INFO hosny: Warehouse DB hourly backup created: G:\TestManagementSystem\Hosny-Management-System\Warehouse\db_backups\hourly\warehouse_data-WAREHOUSE-latest.sqlite3 (1.1s)
2026-08-01 20:57:45 INFO hosny: ============================================================
2026-08-01 20:57:45 INFO hosny: HosnyWarehouse starting up (frozen=True, pid=93164, cwd=G:\TestManagementSystem\Hosny-Management-System\Warehouse)
2026-08-01 21:00:54 INFO hosny: ============================================================
2026-08-01 21:00:54 INFO hosny: HosnyWarehouse starting up (frozen=True, pid=102680, cwd=G:\TestManagementSystem\Hosny-Management-System\Warehouse)
2026-08-01 21:16:01 INFO hosny: Warehouse DB hourly backup created: G:\TestManagementSystem\Hosny-Management-System\Warehouse\db_backups\hourly\warehouse_data-WAREHOUSE-latest.sqlite3 (2.6s)
2026-08-01 21:37:40 INFO hosny: ============================================================
2026-08-01 21:37:40 INFO hosny: HosnyWarehouse starting up (frozen=False, pid=92624, cwd=G:\TestManagementSystem\Hosny-Management-System)
2026-08-01 21:37:41 ERROR hosny: UNCAUGHT EXCEPTION
Traceback (most recent call last):
  File "<stdin>", line 11, in <module>
  File "G:\TestManagementSystem\Hosny-Management-System\Warehouse\HosnyWarehouse.py", line 4041, in current_inventory
    cur.execute(
    ~~~~~~~~~~~^
        f"""
        ^^^^
    ...<57 lines>...
        args,
        ^^^^^
    )
    ^
sqlite3.OperationalError: near "FROM": syntax error
2026-08-01 21:38:02 INFO hosny: ============================================================
2026-08-01 21:38:02 INFO hosny: HosnyWarehouse starting up (frozen=False, pid=72796, cwd=G:\TestManagementSystem\Hosny-Management-System)
2026-08-01 21:38:02 ERROR hosny: Traceback (most recent call last):
2026-08-01 21:38:02 ERROR hosny:   File "<stdin>", line 12, in <module>
2026-08-01 21:38:02 ERROR hosny:   File "G:\TestManagementSystem\Hosny-Management-System\Warehouse\HosnyWarehouse.py", line 4041, in current_inventory
2026-08-01 21:38:02 ERROR hosny:     cur.execute(
2026-08-01 21:38:02 ERROR hosny:     ~~~~~~~~~~~^
2026-08-01 21:38:02 ERROR hosny:         f"""
2026-08-01 21:38:02 ERROR hosny:         ^^^^
2026-08-01 21:38:02 ERROR hosny:     ...<57 lines>...
2026-08-01 21:38:02 ERROR hosny:         args,
2026-08-01 21:38:02 ERROR hosny:         ^^^^^
2026-08-01 21:38:02 ERROR hosny:     )
2026-08-01 21:38:02 ERROR hosny:     ^
2026-08-01 21:38:02 ERROR hosny: sqlite3.OperationalError: near "FROM": syntax error
2026-08-01 21:38:02 ERROR hosny: UNCAUGHT EXCEPTION
Traceback (most recent call last):
  File "<stdin>", line 12, in <module>
  File "G:\TestManagementSystem\Hosny-Management-System\Warehouse\HosnyWarehouse.py", line 4041, in current_inventory
    cur.execute(
    ~~~~~~~~~~~^
        f"""
        ^^^^
    ...<57 lines>...
        args,
        ^^^^^
    )
    ^
sqlite3.OperationalError: near "FROM": syntax error
2026-08-01 21:38:54 INFO hosny: ============================================================
2026-08-01 21:38:54 INFO hosny: HosnyWarehouse starting up (frozen=False, pid=109276, cwd=G:\TestManagementSystem\Hosny-Management-System)
2026-08-01 21:38:54 INFO hosny: ROWS 1 COUNT 5 PKG 1, 1
2026-08-01 21:39:03 INFO hosny: ============================================================
2026-08-01 21:39:03 INFO hosny: HosnyWarehouse starting up (frozen=False, pid=109200, cwd=G:\TestManagementSystem\Hosny-Management-System)
2026-08-01 21:44:45 INFO hosny: ============================================================
2026-08-01 21:44:45 INFO hosny: HosnyWarehouse starting up (frozen=True, pid=103324, cwd=G:\TestManagementSystem\Hosny-Management-System\Warehouse)
2026-08-01 21:59:51 INFO hosny: Warehouse DB hourly backup created: G:\TestManagementSystem\Hosny-Management-System\Warehouse\db_backups\hourly\warehouse_data-WAREHOUSE-latest.sqlite3 (2.5s)
2026-08-01 22:06:52 INFO hosny: ============================================================
2026-08-01 22:06:52 INFO hosny: HosnyWarehouse starting up (frozen=True, pid=88808, cwd=G:\TestManagementSystem\Hosny-Management-System\Warehouse)
2026-08-01 22:21:58 INFO hosny: Warehouse DB hourly backup created: G:\TestManagementSystem\Hosny-Management-System\Warehouse\db_backups\hourly\warehouse_data-WAREHOUSE-latest.sqlite3 (2.7s)
2026-08-01 22:36:40 ERROR hosny: TK CALLBACK EXCEPTION
Traceback (most recent call last):
  File "tkinter\__init__.py", line 2074, in __call__
  File "tkinter\__init__.py", line 862, in callit
  File "HosnyWarehouse.py", line 7923, in _maybe_close_after_blur
    if self._opened and not self._mouse_inside_popup and self.focus_get() is not self.cb:
                                                         ~~~~~~~~~~~~~~^^
  File "tkinter\__init__.py", line 806, in focus_get
  File "tkinter\__init__.py", line 1677, in nametowidget
KeyError: 'popdown'
2026-08-01 22:37:08 ERROR hosny: TK CALLBACK EXCEPTION
Traceback (most recent call last):
  File "tkinter\__init__.py", line 2074, in __call__
  File "tkinter\__init__.py", line 862, in callit
  File "HosnyWarehouse.py", line 7923, in _maybe_close_after_blur
    if self._opened and not self._mouse_inside_popup and self.focus_get() is not self.cb:
                                                         ~~~~~~~~~~~~~~^^
  File "tkinter\__init__.py", line 806, in focus_get
  File "tkinter\__init__.py", line 1677, in nametowidget
KeyError: 'popdown'
2026-08-02 12:06:36 INFO hosny: ============================================================
2026-08-02 12:06:36 INFO hosny: HosnyWarehouse starting up (frozen=True, pid=107552, cwd=G:\TestManagementSystem\Hosny-Management-System\Warehouse)
2026-08-02 12:21:55 INFO hosny: Warehouse DB hourly backup created: G:\TestManagementSystem\Hosny-Management-System\Warehouse\db_backups\hourly\warehouse_data-WAREHOUSE-latest.sqlite3 (0.9s)
2026-08-02 13:11:58 INFO hosny: ============================================================
2026-08-02 13:11:58 INFO hosny: HosnyWarehouse starting up (frozen=True, pid=114104, cwd=G:\TestManagementSystem\Hosny-Management-System\Warehouse)
2026-08-02 13:27:04 INFO hosny: Warehouse DB hourly backup created: G:\TestManagementSystem\Hosny-Management-System\Warehouse\db_backups\hourly\warehouse_data-WAREHOUSE-latest.sqlite3 (1.1s)
2026-08-02 13:32:24 INFO hosny: ============================================================
2026-08-02 13:32:24 INFO hosny: HosnyWarehouse starting up (frozen=True, pid=30824, cwd=G:\TestManagementSystem\Hosny-Management-System\Warehouse)
2026-08-02 13:47:30 INFO hosny: ============================================================
2026-08-02 13:47:30 INFO hosny: HosnyWarehouse starting up (frozen=True, pid=46560, cwd=G:\TestManagementSystem\Hosny-Management-System\Warehouse)
2026-08-02 14:02:40 INFO hosny: Warehouse DB hourly backup created: G:\TestManagementSystem\Hosny-Management-System\Warehouse\db_backups\hourly\warehouse_data-WAREHOUSE-latest.sqlite3 (3.7s)
2026-08-02 14:22:29 INFO hosny: ============================================================
2026-08-02 14:22:29 INFO hosny: HosnyWarehouse starting up (frozen=True, pid=116636, cwd=G:\TestManagementSystem\Hosny-Management-System\Warehouse)
2026-08-02 14:32:20 INFO hosny: ============================================================
2026-08-02 14:32:20 INFO hosny: HosnyWarehouse starting up (frozen=True, pid=66332, cwd=G:\TestManagementSystem\Hosny-Management-System\Warehouse)
2026-08-02 14:41:30 INFO hosny: ============================================================
2026-08-02 14:41:30 INFO hosny: HosnyWarehouse starting up (frozen=False, pid=107840, cwd=G:\TestManagementSystem\Hosny-Management-System)
2026-08-02 14:41:40 INFO hosny: {"branch_device": "POS-OCT", "branch_name": "فرع اكتوبر", "last_seen_at": "2026-08-02T11:37:49.596511Z", "last_sync_at": "2026-08-02T11:37:49.596511Z", "sync_age_min": 3, "snapshot_at": "2026-08-02T11:35:24.885389Z", "snapshot_age_min": 6, "app_version": "2026.8.2.10", "stock_rows": 268, "stock_qty": 2909, "stock_value": 934995.0, "audit_adjust_count": 1, "audit_adjust_qty": 0, "audit_adjust_value": 0.0, "latest_audit_at": "2026-08-02T12:52:15", "sales_amt": 0.0, "returns_amt": 0.0, "voids_amt": 0.0, "exchange_amt": 0.0, "reservation_cash": 0.0, "cash_net": 0.0, "active_reservations": 6, "reserved_qty": 6, "reserved_total": 33.0, "reserved_paid": 16.0, "shift_status": "OPEN", "shift_started_at": "2026-08-02T12:04:19", "shift_ended_at": "", "inbox_errors": 0, "dead_letters": 0, "status": "جيد", "notes": "", "visa_net": 0.0, "total_collected": 0.0}
2026-08-02 14:41:51 INFO hosny: ============================================================
2026-08-02 14:41:51 INFO hosny: HosnyWarehouse starting up (frozen=False, pid=117444, cwd=G:\TestManagementSystem\Hosny-Management-System)
2026-08-02 14:42:00 INFO hosny: {"branch_device": "POS-OCT", "branch_name": "فرع اكتوبر", "last_seen_at": "2026-08-02T11:37:49.596511Z", "last_sync_at": "2026-08-02T11:37:49.596511Z", "sync_age_min": 4, "snapshot_at": "2026-08-02T11:35:24.885389Z", "snapshot_age_min": 6, "app_version": "2026.8.2.10", "stock_rows": 268, "stock_qty": 2909, "stock_value": 934995.0, "audit_adjust_count": 1, "audit_adjust_qty": 0, "audit_adjust_value": 0.0, "latest_audit_at": "2026-08-02T12:52:15", "sales_amt": 0.0, "returns_amt": 0.0, "voids_amt": 0.0, "exchange_amt": 0.0, "reservation_cash": 0.0, "cash_net": 0.0, "active_reservations": 6, "reserved_qty": 6, "reserved_total": 33.0, "reserved_paid": 16.0, "shift_status": "OPEN", "shift_started_at": "2026-08-02T12:04:19", "shift_ended_at": "", "inbox_errors": 0, "dead_letters": 0, "status": "جيد", "notes": "", "visa_net": 0.0, "total_collected": 0.0}
2026-08-02 14:42:10 INFO hosny: ============================================================
2026-08-02 14:42:10 INFO hosny: HosnyWarehouse starting up (frozen=False, pid=115092, cwd=G:\TestManagementSystem\Hosny-Management-System)
2026-08-02 14:42:18 INFO hosny: rows 6
2026-08-02 14:42:18 INFO hosny: {"branch_device": "POS-OCT", "branch_name": "فرع اكتوبر", "last_sync_at": "2026-08-02T11:37:49.596511Z", "app_version": "2026.8.2.10", "stock_qty": 2909, "stock_value": 934995.0, "audit_qty": 0, "audit_value": 0.0, "status": "جيد", "notes": ""}
2026-08-02 14:42:18 INFO hosny: {"branch_device": "POS-CEN", "branch_name": "فرع السنتر", "last_sync_at": "2026-07-29T20:15:23.388511Z", "app_version": "2026.07.29.211516", "stock_qty": 225, "stock_value": 57945.0, "audit_qty": 0, "audit_value": 0.0, "status": "حرج", "notes": "المزامنة قديمة، أخطاء مزامنة"}
2026-08-02 14:42:18 INFO hosny: {"branch_device": "POS-OBO", "branch_name": "فرع العبور", "last_sync_at": "2026-08-02T11:37:46.724387Z", "app_version": "2026.08.01.195253", "stock_qty": 2256, "stock_value": 888980.0, "audit_qty": 0, "audit_value": 0.0, "status": "جيد", "notes": ""}
2026-08-02 14:42:18 INFO hosny: {"branch_device": "POS-BAH", "branch_name": "فرع بهتيم", "last_sync_at": "2026-07-30T14:06:14.430603Z", "app_version": "2026.07.29.012841", "stock_qty": 11, "stock_value": 2795.0, "audit_qty": 0, "audit_value": 0.0, "status": "حرج", "notes": "المزامنة قديمة"}
2026-08-02 14:42:18 INFO hosny: {"branch_device": "POS-GESR", "branch_name": "فرع جسر السويس", "last_sync_at": "", "app_version": "", "stock_qty": 0, "stock_value": 0.0, "audit_qty": 0, "audit_value": 0.0, "status": "حرج", "notes": "لا توجد مزامنة، لا توجد لقطة مخزون"}
2026-08-02 14:42:18 INFO hosny: {"branch_device": "POS-ZAY", "branch_name": "فرع زايد", "last_sync_at": "2026-08-02T11:38:05.807105Z", "app_version": "2026.8.2.10", "stock_qty": 1797, "stock_value": 572890.0, "audit_qty": 0, "audit_value": 0.0, "status": "جيد", "notes": ""}
2026-08-02 14:42:28 INFO hosny: ============================================================
2026-08-02 14:42:28 INFO hosny: HosnyWarehouse starting up (frozen=False, pid=120268, cwd=G:\TestManagementSystem\Hosny-Management-System)
2026-08-02 14:43:57 INFO hosny: ============================================================
2026-08-02 14:43:57 INFO hosny: HosnyWarehouse starting up (frozen=True, pid=26644, cwd=G:\TestManagementSystem\Hosny-Management-System\Warehouse)
2026-08-02 16:15:09 INFO hosny: Warehouse DB hourly backup created: G:\TestManagementSystem\Hosny-Management-System\Warehouse\db_backups\hourly\warehouse_data-WAREHOUSE-latest.sqlite3 (2.6s)
2026-08-02 19:09:58 INFO hosny: Warehouse DB hourly backup created: G:\TestManagementSystem\Hosny-Management-System\Warehouse\db_backups\hourly\warehouse_data-WAREHOUSE-latest.sqlite3 (3.2s)
