2026-04-21 16:07:03 INFO hosny: ============================================================
2026-04-21 16:07:03 INFO hosny: HosnyPOS-ZAY starting up (frozen=True, pid=39836, cwd=C:\Users\youssef.sherif\Downloads\ادارة المخازن\POS-ZAY)
2026-04-23 11:00:10 INFO hosny: ============================================================
2026-04-23 11:00:10 INFO hosny: HosnyPOS-ZAY starting up (frozen=True, pid=19076, cwd=C:\Users\youssef.sherif\Downloads\ادارة المخازن\POS-ZAY)
2026-04-23 11:39:25 INFO hosny: ============================================================
2026-04-23 11:39:25 INFO hosny: HosnyPOS-ZAY starting up (frozen=True, pid=3520, cwd=C:\Users\youssef.sherif\Downloads\ادارة المخازن\POS-ZAY)
2026-04-23 11:55:04 INFO hosny: ============================================================
2026-04-23 11:55:04 INFO hosny: HosnyPOS-ZAY starting up (frozen=True, pid=2304, cwd=C:\Users\youssef.sherif\Downloads\ادارة المخازن\POS-ZAY)
2026-04-23 12:03:17 INFO hosny: ============================================================
2026-04-23 12:03:17 INFO hosny: HosnyPOS-ZAY starting up (frozen=True, pid=23264, cwd=C:\Users\youssef.sherif\Downloads\ادارة المخازن\POS-ZAY)
2026-04-27 14:06:55 INFO hosny: ============================================================
2026-04-27 14:06:55 INFO hosny: HosnyPOS-ZAY starting up (frozen=True, pid=34148, cwd=C:\Users\youssef.sherif\Downloads\ادارة المخازن\POS-ZAY)
2026-04-27 14:16:20 INFO hosny: ============================================================
2026-04-27 14:16:20 INFO hosny: HosnyPOS-ZAY starting up (frozen=True, pid=17720, cwd=C:\Users\youssef.sherif\Downloads\ادارة المخازن\POS-ZAY)
2026-04-27 14:30:46 ERROR hosny: TK CALLBACK EXCEPTION
Traceback (most recent call last):
  File "HosnyPOS.py", line 9116, in _confirm_close
    exchange_count = summary.get("exchange_count", 0)
            ^^^^^^^^^^^^^^
  File "tkinter\__init__.py", line 2669, in destroy
_tkinter.TclError: can't invoke "destroy" command: application has been destroyed

During handling of the above exception, another exception occurred:

Traceback (most recent call last):
  File "tkinter\__init__.py", line 1968, in __call__
  File "HosnyPOS.py", line 9107, in <lambda>
  File "HosnyPOS.py", line 9119, in _confirm_close
    exc = ttk.LabelFrame(main, text="الاستبدالات")
        ^^^^^^^^^^^^^^^^^^^^^^^^^^^^^^^^^^^^^^^^^
  File "tkinter\messagebox.py", line 98, in showerror
  File "tkinter\messagebox.py", line 76, in _show
  File "tkinter\commondialog.py", line 45, in show
_tkinter.TclError: can't invoke "tk_messageBox" command: application has been destroyed
2026-04-27 14:34:48 INFO hosny: ============================================================
2026-04-27 14:34:48 INFO hosny: HosnyPOS-ZAY starting up (frozen=True, pid=13860, cwd=C:\Users\youssef.sherif\Downloads\ادارة المخازن\POS-ZAY)
